[2020-07-01T13:40:46.774+0000][7][gc,heap] Heap region size: 1M
[2020-07-01T13:40:46.777+0000][7][gc,heap,coops] Heap address: 0x00000000e0000000, size: 512 MB, Compressed Oops mode: 32-bit
[2020-07-01T13:40:46.962+0000][7][gc           ] Using G1
[2020-07-01T13:40:46.963+0000][7][gc,cds       ] Mark closed archive regions in map: [0x00000000fff00000, 0x00000000fff7eff8]
[2020-07-01T13:40:46.964+0000][7][gc,cds       ] Mark open archive regions in map: [0x00000000ffe00000, 0x00000000ffe51ff8]
[2020-07-01T13:40:46.981+0000][7][gc           ] Periodic GC disabled
[2020-07-01T13:40:47.445+0000][7][gc,start     ] GC(0) Pause Young (Normal) (G1 Evacuation Pause)
[2020-07-01T13:40:47.448+0000][7][gc,task      ] GC(0) Using 8 workers of 8 for evacuation
[2020-07-01T13:40:47.449+0000][7][gc,age       ] GC(0) Desired survivor size 2097152 bytes, new threshold 15 (max threshold 15)
[2020-07-01T13:40:47.454+0000][7][gc,age       ] GC(0) Age table with threshold 15 (max threshold 15)
[2020-07-01T13:40:47.455+0000][7][gc,age       ] GC(0) - age   1:    2683736 bytes,    2683736 total
[2020-07-01T13:40:47.455+0000][7][gc,phases    ] GC(0)   Pre Evacuate Collection Set: 0.2ms
[2020-07-01T13:40:47.456+0000][7][gc,phases    ] GC(0)   Merge Heap Roots: 0.1ms
[2020-07-01T13:40:47.456+0000][7][gc,phases    ] GC(0)   Evacuate Collection Set: 3.7ms
[2020-07-01T13:40:47.457+0000][7][gc,phases    ] GC(0)   Post Evacuate Collection Set: 0.7ms
[2020-07-01T13:40:47.457+0000][7][gc,phases    ] GC(0)   Other: 5.6ms
[2020-07-01T13:40:47.457+0000][7][gc,heap      ] GC(0) Eden regions: 25->0(36)
[2020-07-01T13:40:47.457+0000][7][gc,heap      ] GC(0) Survivor regions: 0->3(4)
[2020-07-01T13:40:47.458+0000][7][gc,heap      ] GC(0) Old regions: 0->0
[2020-07-01T13:40:47.458+0000][7][gc,heap      ] GC(0) Archive regions: 2->2
[2020-07-01T13:40:47.459+0000][7][gc,heap      ] GC(0) Humongous regions: 1->1
[2020-07-01T13:40:47.459+0000][7][gc,metaspace ] GC(0) Metaspace: 5688K(8448K)->5688K(8448K) NonClass: 5047K(7424K)->5047K(7424K) Class: 641K(1024K)->641K(1024K)
[2020-07-01T13:40:47.459+0000][7][gc           ] GC(0) Pause Young (Normal) (G1 Evacuation Pause) 26M->4M(512M) 14.412ms
[2020-07-01T13:40:47.460+0000][7][gc,cpu       ] GC(0) User=0.01s Sys=0.00s Real=0.01s
[2020-07-01T13:40:47.460+0000][7][safepoint    ] Safepoint "G1CollectForAllocation", Time since last: 472521720 ns, Reaching safepoint: 1004192 ns, At safepoint: 15169857 ns, Total: 16174049 ns
[2020-07-01T13:40:48.360+0000][7][safepoint    ] Safepoint "ICBufferFull", Time since last: 899416696 ns, Reaching safepoint: 134049 ns, At safepoint: 19479 ns, Total: 153528 ns
[2020-07-01T13:40:48.591+0000][7][gc,start     ] GC(1) Pause Young (Normal) (G1 Evacuation Pause)
[2020-07-01T13:40:48.591+0000][7][gc,task      ] GC(1) Using 8 workers of 8 for evacuation
[2020-07-01T13:40:48.592+0000][7][gc,age       ] GC(1) Desired survivor size 2621440 bytes, new threshold 1 (max threshold 15)
[2020-07-01T13:40:48.604+0000][7][gc,age       ] GC(1) Age table with threshold 1 (max threshold 15)
[2020-07-01T13:40:48.604+0000][7][gc,age       ] GC(1) - age   1:    2736480 bytes,    2736480 total
[2020-07-01T13:40:48.605+0000][7][gc,phases    ] GC(1)   Pre Evacuate Collection Set: 0.1ms
[2020-07-01T13:40:48.605+0000][7][gc,phases    ] GC(1)   Merge Heap Roots: 0.0ms
[2020-07-01T13:40:48.605+0000][7][gc,phases    ] GC(1)   Evacuate Collection Set: 8.1ms
[2020-07-01T13:40:48.608+0000][7][gc,phases    ] GC(1)   Post Evacuate Collection Set: 3.5ms
[2020-07-01T13:40:48.608+0000][7][gc,phases    ] GC(1)   Other: 2.1ms
[2020-07-01T13:40:48.609+0000][7][gc,heap      ] GC(1) Eden regions: 36->0(215)
[2020-07-01T13:40:48.609+0000][7][gc,heap      ] GC(1) Survivor regions: 3->3(5)
[2020-07-01T13:40:48.609+0000][7][gc,heap      ] GC(1) Old regions: 0->3
[2020-07-01T13:40:48.609+0000][7][gc,heap      ] GC(1) Archive regions: 2->2
[2020-07-01T13:40:48.610+0000][7][gc,heap      ] GC(1) Humongous regions: 1->1
[2020-07-01T13:40:48.610+0000][7][gc,metaspace ] GC(1) Metaspace: 12556K(13312K)->12556K(13312K) NonClass: 11022K(11520K)->11022K(11520K) Class: 1533K(1792K)->1533K(1792K)
[2020-07-01T13:40:48.610+0000][7][gc           ] GC(1) Pause Young (Normal) (G1 Evacuation Pause) 40M->7M(512M) 19.697ms
[2020-07-01T13:40:48.611+0000][7][gc,cpu       ] GC(1) User=0.01s Sys=0.01s Real=0.02s
[2020-07-01T13:40:48.611+0000][7][safepoint    ] Safepoint "G1CollectForAllocation", Time since last: 226188125 ns, Reaching safepoint: 4712617 ns, At safepoint: 20255617 ns, Total: 24968234 ns
[2020-07-01T13:40:49.417+0000][7][safepoint    ] Safepoint "ICBufferFull", Time since last: 805677985 ns, Reaching safepoint: 225683 ns, At safepoint: 46585 ns, Total: 272268 ns
[2020-07-01T13:40:49.977+0000][7][gc,start     ] GC(2) Pause Young (Normal) (G1 Evacuation Pause)
[2020-07-01T13:40:49.978+0000][7][gc,task      ] GC(2) Using 8 workers of 8 for evacuation
[2020-07-01T13:40:49.978+0000][7][gc,age       ] GC(2) Desired survivor size 14680064 bytes, new threshold 15 (max threshold 15)
[2020-07-01T13:40:50.008+0000][7][gc,age       ] GC(2) Age table with threshold 15 (max threshold 15)
[2020-07-01T13:40:50.008+0000][7][gc,age       ] GC(2) - age   1:    4839232 bytes,    4839232 total
[2020-07-01T13:40:50.009+0000][7][gc,age       ] GC(2) - age   2:    2652800 bytes,    7492032 total
[2020-07-01T13:40:50.009+0000][7][gc,phases    ] GC(2)   Pre Evacuate Collection Set: 0.1ms
[2020-07-01T13:40:50.009+0000][7][gc,phases    ] GC(2)   Merge Heap Roots: 0.7ms
[2020-07-01T13:40:50.010+0000][7][gc,phases    ] GC(2)   Evacuate Collection Set: 9.9ms
[2020-07-01T13:40:50.010+0000][7][gc,phases    ] GC(2)   Post Evacuate Collection Set: 19.2ms
[2020-07-01T13:40:50.010+0000][7][gc,phases    ] GC(2)   Other: 2.1ms
[2020-07-01T13:40:50.011+0000][7][gc,heap      ] GC(2) Eden regions: 215->0(299)
[2020-07-01T13:40:50.011+0000][7][gc,heap      ] GC(2) Survivor regions: 3->8(28)
[2020-07-01T13:40:50.011+0000][7][gc,heap      ] GC(2) Old regions: 3->3
[2020-07-01T13:40:50.012+0000][7][gc,heap      ] GC(2) Archive regions: 2->2
[2020-07-01T13:40:50.012+0000][7][gc,heap      ] GC(2) Humongous regions: 2->1
[2020-07-01T13:40:50.012+0000][7][gc,metaspace ] GC(2) Metaspace: 17111K(18048K)->17111K(18048K) NonClass: 14992K(15616K)->14992K(15616K) Class: 2119K(2432K)->2119K(2432K)
[2020-07-01T13:40:50.013+0000][7][gc           ] GC(2) Pause Young (Normal) (G1 Evacuation Pause) 223M->11M(512M) 35.418ms
[2020-07-01T13:40:50.013+0000][7][gc,cpu       ] GC(2) User=0.02s Sys=0.00s Real=0.03s
[2020-07-01T13:40:50.013+0000][7][safepoint    ] Safepoint "G1CollectForAllocation", Time since last: 560128610 ns, Reaching safepoint: 137328 ns, At safepoint: 36034512 ns, Total: 36171840 ns
[2020-07-01T13:40:50.021+0000][7][safepoint    ] Safepoint "BulkRevokeBias", Time since last: 1921845 ns, Reaching safepoint: 5997275 ns, At safepoint: 120960 ns, Total: 6118235 ns
[2020-07-01T13:40:50.081+0000][7][safepoint    ] Safepoint "BulkRevokeBias", Time since last: 59809933 ns, Reaching safepoint: 130889 ns, At safepoint: 118225 ns, Total: 249114 ns
[2020-07-01T13:40:50.111+0000][7][safepoint    ] Safepoint "BulkRevokeBias", Time since last: 7690816 ns, Reaching safepoint: 22202241 ns, At safepoint: 242633 ns, Total: 22444874 ns
[2020-07-01T13:40:50.771+0000][7][gc,start     ] GC(3) Pause Young (Normal) (G1 Evacuation Pause)
[2020-07-01T13:40:50.771+0000][7][gc,task      ] GC(3) Using 8 workers of 8 for evacuation
[2020-07-01T13:40:50.772+0000][7][gc,age       ] GC(3) Desired survivor size 20447232 bytes, new threshold 15 (max threshold 15)
[2020-07-01T13:40:50.785+0000][7][gc,age       ] GC(3) Age table with threshold 15 (max threshold 15)
[2020-07-01T13:40:50.786+0000][7][gc,age       ] GC(3) - age   1:    5294928 bytes,    5294928 total
[2020-07-01T13:40:50.786+0000][7][gc,age       ] GC(3) - age   2:    4076936 bytes,    9371864 total
[2020-07-01T13:40:50.786+0000][7][gc,age       ] GC(3) - age   3:    2652800 bytes,   12024664 total
[2020-07-01T13:40:50.787+0000][7][gc,phases    ] GC(3)   Pre Evacuate Collection Set: 0.2ms
[2020-07-01T13:40:50.787+0000][7][gc,phases    ] GC(3)   Merge Heap Roots: 0.1ms
[2020-07-01T13:40:50.787+0000][7][gc,phases    ] GC(3)   Evacuate Collection Set: 9.9ms
[2020-07-01T13:40:50.788+0000][7][gc,phases    ] GC(3)   Post Evacuate Collection Set: 3.2ms
[2020-07-01T13:40:50.788+0000][7][gc,phases    ] GC(3)   Other: 2.4ms
[2020-07-01T13:40:50.788+0000][7][gc,heap      ] GC(3) Eden regions: 299->0(294)
[2020-07-01T13:40:50.788+0000][7][gc,heap      ] GC(3) Survivor regions: 8->13(39)
[2020-07-01T13:40:50.789+0000][7][gc,heap      ] GC(3) Old regions: 3->3
[2020-07-01T13:40:50.789+0000][7][gc,heap      ] GC(3) Archive regions: 2->2
[2020-07-01T13:40:50.790+0000][7][gc,heap      ] GC(3) Humongous regions: 1->1
[2020-07-01T13:40:50.790+0000][7][gc,metaspace ] GC(3) Metaspace: 18171K(19328K)->18171K(19328K) NonClass: 15889K(16640K)->15889K(16640K) Class: 2281K(2688K)->2281K(2688K)
[2020-07-01T13:40:50.790+0000][7][gc           ] GC(3) Pause Young (Normal) (G1 Evacuation Pause) 310M->16M(512M) 19.405ms
[2020-07-01T13:40:50.791+0000][7][gc,cpu       ] GC(3) User=0.03s Sys=0.00s Real=0.02s
[2020-07-01T13:40:50.791+0000][7][safepoint    ] Safepoint "G1CollectForAllocation", Time since last: 659284044 ns, Reaching safepoint: 257454 ns, At safepoint: 20028621 ns, Total: 20286075 ns
[2020-07-01T13:40:50.801+0000][7][safepoint    ] Safepoint "BulkRevokeBias", Time since last: 2035384 ns, Reaching safepoint: 7850258 ns, At safepoint: 105751 ns, Total: 7956009 ns
[2020-07-01T13:40:51.299+0000][7][gc,start     ] GC(4) Pause Young (Normal) (G1 Evacuation Pause)
[2020-07-01T13:40:51.300+0000][7][gc,task      ] GC(4) Using 8 workers of 8 for evacuation
[2020-07-01T13:40:51.300+0000][7][gc,age       ] GC(4) Desired survivor size 20447232 bytes, new threshold 15 (max threshold 15)
[2020-07-01T13:40:51.314+0000][7][gc,age       ] GC(4) Age table with threshold 15 (max threshold 15)
[2020-07-01T13:40:51.315+0000][7][gc,age       ] GC(4) - age   1:    3689880 bytes,    3689880 total
[2020-07-01T13:40:51.315+0000][7][gc,age       ] GC(4) - age   2:    4209288 bytes,    7899168 total
[2020-07-01T13:40:51.315+0000][7][gc,age       ] GC(4) - age   3:    4075656 bytes,   11974824 total
[2020-07-01T13:40:51.316+0000][7][gc,age       ] GC(4) - age   4:    2652512 bytes,   14627336 total
[2020-07-01T13:40:51.316+0000][7][gc,phases    ] GC(4)   Pre Evacuate Collection Set: 0.1ms
[2020-07-01T13:40:51.316+0000][7][gc,phases    ] GC(4)   Merge Heap Roots: 0.1ms
[2020-07-01T13:40:51.317+0000][7][gc,phases    ] GC(4)   Evacuate Collection Set: 10.8ms
[2020-07-01T13:40:51.317+0000][7][gc,phases    ] GC(4)   Post Evacuate Collection Set: 2.4ms
[2020-07-01T13:40:51.318+0000][7][gc,phases    ] GC(4)   Other: 3.1ms
[2020-07-01T13:40:51.318+0000][7][gc,heap      ] GC(4) Eden regions: 294->0(292)
[2020-07-01T13:40:51.319+0000][7][gc,heap      ] GC(4) Survivor regions: 13->15(39)
[2020-07-01T13:40:51.319+0000][7][gc,heap      ] GC(4) Old regions: 3->3
[2020-07-01T13:40:51.319+0000][7][gc,heap      ] GC(4) Archive regions: 2->2
[2020-07-01T13:40:51.320+0000][7][gc,heap      ] GC(4) Humongous regions: 1->1
[2020-07-01T13:40:51.321+0000][7][gc,metaspace ] GC(4) Metaspace: 19358K(20736K)->19358K(20736K) NonClass: 16956K(17920K)->16956K(17920K) Class: 2402K(2816K)->2402K(2816K)
[2020-07-01T13:40:51.322+0000][7][gc           ] GC(4) Pause Young (Normal) (G1 Evacuation Pause) 310M->18M(512M) 22.322ms
[2020-07-01T13:40:51.322+0000][7][gc,cpu       ] GC(4) User=0.02s Sys=0.00s Real=0.02s
[2020-07-01T13:40:51.323+0000][7][safepoint    ] Safepoint "G1CollectForAllocation", Time since last: 498341805 ns, Reaching safepoint: 135107 ns, At safepoint: 23187316 ns, Total: 23322423 ns
[2020-07-01T13:40:51.334+0000][7][safepoint    ] Safepoint "BulkRevokeBias", Time since last: 10738794 ns, Reaching safepoint: 240800 ns, At safepoint: 50319 ns, Total: 291119 ns
[2020-07-01T13:40:51.339+0000][7][safepoint    ] Safepoint "BulkRevokeBias", Time since last: 4276208 ns, Reaching safepoint: 1159212 ns, At safepoint: 127616 ns, Total: 1286828 ns
[2020-07-01T13:40:51.705+0000][7][gc,start     ] GC(5) Pause Young (Normal) (G1 Evacuation Pause)
[2020-07-01T13:40:51.705+0000][7][gc,task      ] GC(5) Using 8 workers of 8 for evacuation
[2020-07-01T13:40:51.705+0000][7][gc,age       ] GC(5) Desired survivor size 20447232 bytes, new threshold 15 (max threshold 15)
[2020-07-01T13:40:51.719+0000][7][gc,age       ] GC(5) Age table with threshold 15 (max threshold 15)
[2020-07-01T13:40:51.719+0000][7][gc,age       ] GC(5) - age   1:    2965888 bytes,    2965888 total
[2020-07-01T13:40:51.719+0000][7][gc,age       ] GC(5) - age   2:    2049112 bytes,    5015000 total
[2020-07-01T13:40:51.720+0000][7][gc,age       ] GC(5) - age   3:    4207864 bytes,    9222864 total
[2020-07-01T13:40:51.720+0000][7][gc,age       ] GC(5) - age   4:    4075656 bytes,   13298520 total
[2020-07-01T13:40:51.720+0000][7][gc,age       ] GC(5) - age   5:    2652512 bytes,   15951032 total
[2020-07-01T13:40:51.721+0000][7][gc,phases    ] GC(5)   Pre Evacuate Collection Set: 0.2ms
[2020-07-01T13:40:51.721+0000][7][gc,phases    ] GC(5)   Merge Heap Roots: 0.1ms
[2020-07-01T13:40:51.721+0000][7][gc,phases    ] GC(5)   Evacuate Collection Set: 11.7ms
[2020-07-01T13:40:51.721+0000][7][gc,phases    ] GC(5)   Post Evacuate Collection Set: 0.8ms
[2020-07-01T13:40:51.722+0000][7][gc,phases    ] GC(5)   Other: 3.2ms
[2020-07-01T13:40:51.722+0000][7][gc,heap      ] GC(5) Eden regions: 292->0(291)
[2020-07-01T13:40:51.722+0000][7][gc,heap      ] GC(5) Survivor regions: 15->16(39)
[2020-07-01T13:40:51.722+0000][7][gc,heap      ] GC(5) Old regions: 3->3
[2020-07-01T13:40:51.723+0000][7][gc,heap      ] GC(5) Archive regions: 2->2
[2020-07-01T13:40:51.723+0000][7][gc,heap      ] GC(5) Humongous regions: 1->1
[2020-07-01T13:40:51.723+0000][7][gc,metaspace ] GC(5) Metaspace: 19725K(21296K)->19725K(21296K) NonClass: 17263K(18352K)->17263K(18352K) Class: 2462K(2944K)->2462K(2944K)
[2020-07-01T13:40:51.723+0000][7][gc           ] GC(5) Pause Young (Normal) (G1 Evacuation Pause) 310M->20M(512M) 18.798ms
[2020-07-01T13:40:51.724+0000][7][gc,cpu       ] GC(5) User=0.02s Sys=0.00s Real=0.01s
[2020-07-01T13:40:51.724+0000][7][safepoint    ] Safepoint "G1CollectForAllocation", Time since last: 365326447 ns, Reaching safepoint: 111313 ns, At safepoint: 19373422 ns, Total: 19484735 ns
[2020-07-01T13:40:51.731+0000][7][gc,start     ] GC(6) Pause Young (Concurrent Start) (Metadata GC Threshold)
[2020-07-01T13:40:51.732+0000][7][gc,task      ] GC(6) Using 8 workers of 8 for evacuation
[2020-07-01T13:40:51.734+0000][7][gc,age       ] GC(6) Desired survivor size 20447232 bytes, new threshold 15 (max threshold 15)
[2020-07-01T13:40:51.748+0000][7][gc,age       ] GC(6) Age table with threshold 15 (max threshold 15)
[2020-07-01T13:40:51.749+0000][7][gc,age       ] GC(6) - age   1:      69352 bytes,      69352 total
[2020-07-01T13:40:51.749+0000][7][gc,age       ] GC(6) - age   2:     938952 bytes,    1008304 total
[2020-07-01T13:40:51.750+0000][7][gc,age       ] GC(6) - age   3:    2049112 bytes,    3057416 total
[2020-07-01T13:40:51.750+0000][7][gc,age       ] GC(6) - age   4:    4207864 bytes,    7265280 total
[2020-07-01T13:40:51.751+0000][7][gc,age       ] GC(6) - age   5:    4075656 bytes,   11340936 total
[2020-07-01T13:40:51.751+0000][7][gc,age       ] GC(6) - age   6:    2652512 bytes,   13993448 total
[2020-07-01T13:40:51.752+0000][7][gc,phases    ] GC(6)   Pre Evacuate Collection Set: 3.8ms
[2020-07-01T13:40:51.753+0000][7][gc,phases    ] GC(6)   Merge Heap Roots: 0.1ms
[2020-07-01T13:40:51.754+0000][7][gc,phases    ] GC(6)   Evacuate Collection Set: 8.1ms
[2020-07-01T13:40:51.755+0000][7][gc,phases    ] GC(6)   Post Evacuate Collection Set: 1.9ms
[2020-07-01T13:40:51.755+0000][7][gc,phases    ] GC(6)   Other: 6.9ms
[2020-07-01T13:40:51.756+0000][7][gc,heap      ] GC(6) Eden regions: 3->0(293)
[2020-07-01T13:40:51.756+0000][7][gc,heap      ] GC(6) Survivor regions: 16->14(39)
[2020-07-01T13:40:51.759+0000][7][gc,heap      ] GC(6) Old regions: 3->3
[2020-07-01T13:40:51.759+0000][7][gc,heap      ] GC(6) Archive regions: 2->2
[2020-07-01T13:40:51.760+0000][7][gc,heap      ] GC(6) Humongous regions: 1->1
[2020-07-01T13:40:51.760+0000][7][gc,metaspace ] GC(6) Metaspace: 19726K(21296K)->19726K(21296K) NonClass: 17264K(18352K)->17264K(18352K) Class: 2462K(2944K)->2462K(2944K)
[2020-07-01T13:40:51.761+0000][7][gc           ] GC(6) Pause Young (Concurrent Start) (Metadata GC Threshold) 22M->18M(512M) 29.931ms
[2020-07-01T13:40:51.761+0000][7][gc,cpu       ] GC(6) User=0.02s Sys=0.00s Real=0.03s
[2020-07-01T13:40:51.762+0000][7][safepoint    ] Safepoint "CollectForMetadataAllocation", Time since last: 6623345 ns, Reaching safepoint: 150492 ns, At safepoint: 30754159 ns, Total: 30904651 ns
[2020-07-01T13:40:51.762+0000][7][gc           ] GC(7) Concurrent Cycle
[2020-07-01T13:40:51.765+0000][7][gc,marking   ] GC(7) Concurrent Clear Claimed Marks
[2020-07-01T13:40:51.766+0000][7][gc,marking   ] GC(7) Concurrent Clear Claimed Marks 1.512ms
[2020-07-01T13:40:51.770+0000][7][gc,marking   ] GC(7) Concurrent Scan Root Regions
[2020-07-01T13:40:51.779+0000][7][gc,marking   ] GC(7) Concurrent Scan Root Regions 9.021ms
[2020-07-01T13:40:51.779+0000][7][gc,marking   ] GC(7) Concurrent Mark (5.015s)
[2020-07-01T13:40:51.780+0000][7][gc,marking   ] GC(7) Concurrent Mark From Roots
[2020-07-01T13:40:51.780+0000][7][gc,task      ] GC(7) Using 2 workers of 2 for marking
[2020-07-01T13:40:51.785+0000][7][gc,marking   ] GC(7) Concurrent Mark From Roots 5.215ms
[2020-07-01T13:40:51.786+0000][7][gc,marking   ] GC(7) Concurrent Preclean
[2020-07-01T13:40:51.786+0000][7][gc,marking   ] GC(7) Concurrent Preclean 0.409ms
[2020-07-01T13:40:51.787+0000][7][gc,marking   ] GC(7) Concurrent Mark (5.015s, 5.023s) 7.780ms
[2020-07-01T13:40:51.790+0000][7][gc,start     ] GC(7) Pause Remark
[2020-07-01T13:40:51.794+0000][7][gc           ] GC(7) Pause Remark 43M->43M(512M) 3.909ms
[2020-07-01T13:40:51.795+0000][7][gc,cpu       ] GC(7) User=0.00s Sys=0.00s Real=0.01s
[2020-07-01T13:40:51.795+0000][7][safepoint    ] Safepoint "G1Concurrent", Time since last: 26506961 ns, Reaching safepoint: 2079642 ns, At safepoint: 4876824 ns, Total: 6956466 ns
[2020-07-01T13:40:51.802+0000][7][gc,marking   ] GC(7) Concurrent Rebuild Remembered Sets
[2020-07-01T13:40:51.804+0000][7][gc,marking   ] GC(7) Concurrent Rebuild Remembered Sets 1.788ms
[2020-07-01T13:40:51.807+0000][7][gc,start     ] GC(7) Pause Cleanup
[2020-07-01T13:40:51.808+0000][7][gc           ] GC(7) Pause Cleanup 46M->46M(512M) 0.656ms
[2020-07-01T13:40:51.808+0000][7][gc,cpu       ] GC(7) User=0.01s Sys=0.00s Real=0.00s
[2020-07-01T13:40:51.809+0000][7][safepoint    ] Safepoint "G1Concurrent", Time since last: 11890596 ns, Reaching safepoint: 509956 ns, At safepoint: 1384929 ns, Total: 1894885 ns
[2020-07-01T13:40:51.809+0000][7][gc,marking   ] GC(7) Concurrent Cleanup for Next Mark
[2020-07-01T13:40:51.810+0000][7][gc,marking   ] GC(7) Concurrent Cleanup for Next Mark 1.147ms
[2020-07-01T13:40:51.812+0000][7][gc           ] GC(7) Concurrent Cycle 50.834ms
[2020-07-01T13:40:52.731+0000][7][safepoint    ] Safepoint "ICBufferFull", Time since last: 915279359 ns, Reaching safepoint: 6875329 ns, At safepoint: 47397 ns, Total: 6922726 ns
[2020-07-01T13:40:53.712+0000][7][gc,start     ] GC(8) Pause Young (Normal) (G1 Evacuation Pause)
[2020-07-01T13:40:53.712+0000][7][gc,task      ] GC(8) Using 8 workers of 8 for evacuation
[2020-07-01T13:40:53.713+0000][7][gc,age       ] GC(8) Desired survivor size 20447232 bytes, new threshold 15 (max threshold 15)
[2020-07-01T13:40:53.780+0000][7][gc,age       ] GC(8) Age table with threshold 15 (max threshold 15)
[2020-07-01T13:40:53.781+0000][7][gc,age       ] GC(8) - age   1:   13434896 bytes,   13434896 total
[2020-07-01T13:40:53.783+0000][7][gc,age       ] GC(8) - age   2:      36600 bytes,   13471496 total
[2020-07-01T13:40:53.784+0000][7][gc,age       ] GC(8) - age   3:     926376 bytes,   14397872 total
[2020-07-01T13:40:53.784+0000][7][gc,age       ] GC(8) - age   4:    2033112 bytes,   16430984 total
[2020-07-01T13:40:53.784+0000][7][gc,age       ] GC(8) - age   5:    4178648 bytes,   20609632 total
[2020-07-01T13:40:53.785+0000][7][gc,age       ] GC(8) - age   6:    4002392 bytes,   24612024 total
[2020-07-01T13:40:53.788+0000][7][gc,age       ] GC(8) - age   7:    2635840 bytes,   27247864 total
[2020-07-01T13:40:53.788+0000][7][gc,phases    ] GC(8)   Pre Evacuate Collection Set: 4.0ms
[2020-07-01T13:40:53.789+0000][7][gc,phases    ] GC(8)   Merge Heap Roots: 0.2ms
[2020-07-01T13:40:53.789+0000][7][gc,phases    ] GC(8)   Evacuate Collection Set: 60.1ms
[2020-07-01T13:40:53.789+0000][7][gc,phases    ] GC(8)   Post Evacuate Collection Set: 3.2ms
[2020-07-01T13:40:53.790+0000][7][gc,phases    ] GC(8)   Other: 9.0ms
[2020-07-01T13:40:53.790+0000][7][gc,heap      ] GC(8) Eden regions: 293->0(279)
[2020-07-01T13:40:53.790+0000][7][gc,heap      ] GC(8) Survivor regions: 14->28(39)
[2020-07-01T13:40:53.791+0000][7][gc,heap      ] GC(8) Old regions: 3->3
[2020-07-01T13:40:53.791+0000][7][gc,heap      ] GC(8) Archive regions: 2->2
[2020-07-01T13:40:53.791+0000][7][gc,heap      ] GC(8) Humongous regions: 1->1
[2020-07-01T13:40:53.791+0000][7][gc,metaspace ] GC(8) Metaspace: 28295K(31024K)->28295K(31024K) NonClass: 24652K(26544K)->24652K(26544K) Class: 3642K(4480K)->3642K(4480K)
[2020-07-01T13:40:53.792+0000][7][gc           ] GC(8) Pause Young (Normal) (G1 Evacuation Pause) 311M->31M(512M) 79.854ms
[2020-07-01T13:40:53.792+0000][7][gc,cpu       ] GC(8) User=0.18s Sys=0.01s Real=0.08s
[2020-07-01T13:40:53.792+0000][7][safepoint    ] Safepoint "G1CollectForAllocation", Time since last: 977460306 ns, Reaching safepoint: 3452649 ns, At safepoint: 80522337 ns, Total: 83974986 ns
[2020-07-01T13:40:54.800+0000][7][safepoint    ] Safepoint "Cleanup", Time since last: 1003701314 ns, Reaching safepoint: 4241345 ns, At safepoint: 22829 ns, Total: 4264174 ns
[2020-07-01T13:40:54.950+0000][7][gc,start     ] GC(9) Pause Young (Concurrent Start) (Metadata GC Threshold)
[2020-07-01T13:40:54.951+0000][7][gc,task      ] GC(9) Using 8 workers of 8 for evacuation
[2020-07-01T13:40:54.951+0000][7][gc,age       ] GC(9) Desired survivor size 20447232 bytes, new threshold 5 (max threshold 15)
[2020-07-01T13:40:54.979+0000][7][gc,age       ] GC(9) Age table with threshold 5 (max threshold 15)
[2020-07-01T13:40:54.979+0000][7][gc,age       ] GC(9) - age   1:   16242976 bytes,   16242976 total
[2020-07-01T13:40:54.979+0000][7][gc,age       ] GC(9) - age   2:   13139896 bytes,   29382872 total
[2020-07-01T13:40:54.980+0000][7][gc,age       ] GC(9) - age   3:      36600 bytes,   29419472 total
[2020-07-01T13:40:54.980+0000][7][gc,age       ] GC(9) - age   4:     926376 bytes,   30345848 total
[2020-07-01T13:40:54.980+0000][7][gc,age       ] GC(9) - age   5:    2027568 bytes,   32373416 total
[2020-07-01T13:40:54.980+0000][7][gc,phases    ] GC(9)   Pre Evacuate Collection Set: 0.4ms
[2020-07-01T13:40:54.980+0000][7][gc,phases    ] GC(9)   Merge Heap Roots: 0.1ms
[2020-07-01T13:40:54.981+0000][7][gc,phases    ] GC(9)   Evacuate Collection Set: 24.8ms
[2020-07-01T13:40:54.981+0000][7][gc,phases    ] GC(9)   Post Evacuate Collection Set: 1.5ms
[2020-07-01T13:40:54.981+0000][7][gc,phases    ] GC(9)   Other: 3.4ms
[2020-07-01T13:40:54.981+0000][7][gc,heap      ] GC(9) Eden regions: 159->0(274)
[2020-07-01T13:40:54.982+0000][7][gc,heap      ] GC(9) Survivor regions: 28->33(39)
[2020-07-01T13:40:54.982+0000][7][gc,heap      ] GC(9) Old regions: 3->14
[2020-07-01T13:40:54.982+0000][7][gc,heap      ] GC(9) Archive regions: 2->2
[2020-07-01T13:40:54.982+0000][7][gc,heap      ] GC(9) Humongous regions: 1->1
[2020-07-01T13:40:54.982+0000][7][gc,metaspace ] GC(9) Metaspace: 32742K(35920K)->32742K(35920K) NonClass: 28424K(30544K)->28424K(30544K) Class: 4317K(5376K)->4317K(5376K)
[2020-07-01T13:40:54.983+0000][7][gc           ] GC(9) Pause Young (Concurrent Start) (Metadata GC Threshold) 190M->48M(512M) 32.409ms
[2020-07-01T13:40:54.983+0000][7][gc,cpu       ] GC(9) User=0.11s Sys=0.00s Real=0.03s
[2020-07-01T13:40:54.983+0000][7][gc           ] GC(10) Concurrent Cycle
[2020-07-01T13:40:54.983+0000][7][gc,marking   ] GC(10) Concurrent Clear Claimed Marks
[2020-07-01T13:40:54.983+0000][7][safepoint    ] Safepoint "CollectForMetadataAllocation", Time since last: 148960223 ns, Reaching safepoint: 687396 ns, At safepoint: 33057259 ns, Total: 33744655 ns
[2020-07-01T13:40:54.984+0000][7][gc,marking   ] GC(10) Concurrent Clear Claimed Marks 0.495ms
[2020-07-01T13:40:54.984+0000][7][gc,marking   ] GC(10) Concurrent Scan Root Regions
[2020-07-01T13:40:54.995+0000][7][gc,marking   ] GC(10) Concurrent Scan Root Regions 11.031ms
[2020-07-01T13:40:54.995+0000][7][gc,marking   ] GC(10) Concurrent Mark (8.231s)
[2020-07-01T13:40:54.996+0000][7][gc,marking   ] GC(10) Concurrent Mark From Roots
[2020-07-01T13:40:54.996+0000][7][gc,task      ] GC(10) Using 2 workers of 2 for marking
[2020-07-01T13:40:55.015+0000][7][safepoint    ] Safepoint "CollectForMetadataAllocation", Time since last: 31273056 ns, Reaching safepoint: 217887 ns, At safepoint: 124008 ns, Total: 341895 ns
[2020-07-01T13:40:55.021+0000][7][gc,marking   ] GC(10) Concurrent Mark From Roots 25.292ms
[2020-07-01T13:40:55.021+0000][7][gc,marking   ] GC(10) Concurrent Preclean
[2020-07-01T13:40:55.022+0000][7][gc,marking   ] GC(10) Concurrent Preclean 0.357ms
[2020-07-01T13:40:55.022+0000][7][gc,marking   ] GC(10) Concurrent Mark (8.231s, 8.258s) 26.634ms
[2020-07-01T13:40:55.025+0000][7][gc,start     ] GC(10) Pause Remark
[2020-07-01T13:40:55.034+0000][7][gc           ] GC(10) Pause Remark 50M->50M(512M) 9.184ms
[2020-07-01T13:40:55.034+0000][7][gc,cpu       ] GC(10) User=0.01s Sys=0.00s Real=0.01s
[2020-07-01T13:40:55.035+0000][7][safepoint    ] Safepoint "G1Concurrent", Time since last: 10027685 ns, Reaching safepoint: 83859 ns, At safepoint: 9784691 ns, Total: 9868550 ns
[2020-07-01T13:40:55.035+0000][7][gc,marking   ] GC(10) Concurrent Rebuild Remembered Sets
[2020-07-01T13:40:55.040+0000][7][gc,marking   ] GC(10) Concurrent Rebuild Remembered Sets 4.582ms
[2020-07-01T13:40:55.042+0000][7][gc,start     ] GC(10) Pause Cleanup
[2020-07-01T13:40:55.048+0000][7][gc           ] GC(10) Pause Cleanup 50M->50M(512M) 6.457ms
[2020-07-01T13:40:55.049+0000][7][gc,cpu       ] GC(10) User=0.00s Sys=0.00s Real=0.01s
[2020-07-01T13:40:55.049+0000][7][safepoint    ] Safepoint "G1Concurrent", Time since last: 6379901 ns, Reaching safepoint: 532498 ns, At safepoint: 7361554 ns, Total: 7894052 ns
[2020-07-01T13:40:55.049+0000][7][gc,marking   ] GC(10) Concurrent Cleanup for Next Mark
[2020-07-01T13:40:55.050+0000][7][gc,marking   ] GC(10) Concurrent Cleanup for Next Mark 1.072ms
[2020-07-01T13:40:55.053+0000][7][gc           ] GC(10) Concurrent Cycle 69.864ms
[2020-07-01T13:40:55.733+0000][7][safepoint    ] Safepoint "ICBufferFull", Time since last: 684053005 ns, Reaching safepoint: 338448 ns, At safepoint: 4350 ns, Total: 342798 ns
[2020-07-01T13:40:56.684+0000][7][safepoint    ] Safepoint "ICBufferFull", Time since last: 949594947 ns, Reaching safepoint: 914923 ns, At safepoint: 24260 ns, Total: 939183 ns
[2020-07-01T13:40:56.782+0000][7][safepoint    ] Safepoint "BulkRevokeBias", Time since last: 98041906 ns, Reaching safepoint: 149114 ns, At safepoint: 112730 ns, Total: 261844 ns
[2020-07-01T13:40:56.800+0000][7][safepoint    ] Safepoint "BulkRevokeBias", Time since last: 17723521 ns, Reaching safepoint: 160688 ns, At safepoint: 89609 ns, Total: 250297 ns
[2020-07-01T13:40:56.806+0000][7][safepoint    ] Safepoint "BulkRevokeBias", Time since last: 3159397 ns, Reaching safepoint: 1489547 ns, At safepoint: 1064372 ns, Total: 2553919 ns
[2020-07-01T13:40:56.921+0000][7][gc,start     ] GC(11) Pause Young (Concurrent Start) (G1 Evacuation Pause)
[2020-07-01T13:40:56.923+0000][7][gc,task      ] GC(11) Using 8 workers of 8 for evacuation
[2020-07-01T13:40:56.924+0000][7][gc,age       ] GC(11) Desired survivor size 20447232 bytes, new threshold 2 (max threshold 15)
[2020-07-01T13:40:56.968+0000][7][gc,age       ] GC(11) Age table with threshold 2 (max threshold 15)
[2020-07-01T13:40:56.969+0000][7][gc,age       ] GC(11) - age   1:    8643672 bytes,    8643672 total
[2020-07-01T13:40:56.969+0000][7][gc,age       ] GC(11) - age   2:   16163616 bytes,   24807288 total
[2020-07-01T13:40:56.969+0000][7][gc,phases    ] GC(11)   Pre Evacuate Collection Set: 0.6ms
[2020-07-01T13:40:56.970+0000][7][gc,phases    ] GC(11)   Merge Heap Roots: 0.2ms
[2020-07-01T13:40:56.970+0000][7][gc,phases    ] GC(11)   Evacuate Collection Set: 39.6ms
[2020-07-01T13:40:56.970+0000][7][gc,phases    ] GC(11)   Post Evacuate Collection Set: 3.3ms
[2020-07-01T13:40:56.970+0000][7][gc,phases    ] GC(11)   Other: 4.7ms
[2020-07-01T13:40:56.970+0000][7][gc,heap      ] GC(11) Eden regions: 274->0(281)
[2020-07-01T13:40:56.971+0000][7][gc,heap      ] GC(11) Survivor regions: 33->26(39)
[2020-07-01T13:40:56.971+0000][7][gc,heap      ] GC(11) Old regions: 14->30
[2020-07-01T13:40:56.971+0000][7][gc,heap      ] GC(11) Archive regions: 2->2
[2020-07-01T13:40:56.971+0000][7][gc,heap      ] GC(11) Humongous regions: 1->1
[2020-07-01T13:40:56.972+0000][7][gc,metaspace ] GC(11) Metaspace: 53474K(58704K)->53474K(58704K) NonClass: 46181K(49488K)->46181K(49488K) Class: 7292K(9216K)->7292K(9216K)
[2020-07-01T13:40:56.972+0000][7][gc           ] GC(11) Pause Young (Concurrent Start) (G1 Evacuation Pause) 322M->56M(512M) 51.334ms
[2020-07-01T13:40:56.973+0000][7][gc,cpu       ] GC(11) User=0.10s Sys=0.00s Real=0.05s
[2020-07-01T13:40:56.973+0000][7][safepoint    ] Safepoint "G1CollectForAllocation", Time since last: 114931838 ns, Reaching safepoint: 186850 ns, At safepoint: 51981404 ns, Total: 52168254 ns
[2020-07-01T13:40:56.973+0000][7][gc           ] GC(12) Concurrent Cycle
[2020-07-01T13:40:56.976+0000][7][gc,marking   ] GC(12) Concurrent Clear Claimed Marks
[2020-07-01T13:40:56.977+0000][7][gc,marking   ] GC(12) Concurrent Clear Claimed Marks 1.214ms
[2020-07-01T13:40:56.977+0000][7][gc,marking   ] GC(12) Concurrent Scan Root Regions
[2020-07-01T13:40:56.994+0000][7][gc,marking   ] GC(12) Concurrent Scan Root Regions 17.020ms
[2020-07-01T13:40:56.999+0000][7][gc,marking   ] GC(12) Concurrent Mark (10.235s)
[2020-07-01T13:40:56.999+0000][7][gc,marking   ] GC(12) Concurrent Mark From Roots
[2020-07-01T13:40:57.000+0000][7][gc,task      ] GC(12) Using 2 workers of 2 for marking
[2020-07-01T13:40:57.011+0000][7][gc,marking   ] GC(12) Concurrent Mark From Roots 11.729ms
[2020-07-01T13:40:57.012+0000][7][gc,marking   ] GC(12) Concurrent Preclean
[2020-07-01T13:40:57.012+0000][7][gc,marking   ] GC(12) Concurrent Preclean 0.610ms
[2020-07-01T13:40:57.013+0000][7][gc,marking   ] GC(12) Concurrent Mark (10.235s, 10.248s) 13.451ms
[2020-07-01T13:40:57.013+0000][7][gc,start     ] GC(12) Pause Remark
[2020-07-01T13:40:57.023+0000][7][gc           ] GC(12) Pause Remark 63M->63M(512M) 9.550ms
[2020-07-01T13:40:57.023+0000][7][gc,cpu       ] GC(12) User=0.02s Sys=0.00s Real=0.01s
[2020-07-01T13:40:57.024+0000][7][safepoint    ] Safepoint "G1Concurrent", Time since last: 40080307 ns, Reaching safepoint: 107993 ns, At safepoint: 10443587 ns, Total: 10551580 ns
[2020-07-01T13:40:57.024+0000][7][gc,marking   ] GC(12) Concurrent Rebuild Remembered Sets
[2020-07-01T13:40:57.044+0000][7][gc,marking   ] GC(12) Concurrent Rebuild Remembered Sets 19.976ms
[2020-07-01T13:40:57.045+0000][7][gc,start     ] GC(12) Pause Cleanup
[2020-07-01T13:40:57.048+0000][7][gc           ] GC(12) Pause Cleanup 69M->69M(512M) 2.911ms
[2020-07-01T13:40:57.049+0000][7][gc,cpu       ] GC(12) User=0.00s Sys=0.00s Real=0.00s
[2020-07-01T13:40:57.049+0000][7][safepoint    ] Safepoint "G1Concurrent", Time since last: 20775030 ns, Reaching safepoint: 880719 ns, At safepoint: 3572914 ns, Total: 4453633 ns
[2020-07-01T13:40:57.049+0000][7][gc,marking   ] GC(12) Concurrent Cleanup for Next Mark
[2020-07-01T13:40:57.050+0000][7][gc,marking   ] GC(12) Concurrent Cleanup for Next Mark 1.114ms
[2020-07-01T13:40:57.051+0000][7][gc           ] GC(12) Concurrent Cycle 77.559ms
[2020-07-01T13:40:57.291+0000][7][safepoint    ] Safepoint "BulkRevokeBias", Time since last: 241363718 ns, Reaching safepoint: 622635 ns, At safepoint: 147519 ns, Total: 770154 ns
[2020-07-01T13:40:58.234+0000][7][safepoint    ] Safepoint "ICBufferFull", Time since last: 939423804 ns, Reaching safepoint: 3342330 ns, At safepoint: 173712 ns, Total: 3516042 ns
[2020-07-01T13:40:58.852+0000][7][safepoint    ] Safepoint "BulkRevokeBias", Time since last: 617212186 ns, Reaching safepoint: 771069 ns, At safepoint: 175799 ns, Total: 946868 ns
[2020-07-01T13:40:58.862+0000][7][safepoint    ] Safepoint "BulkRevokeBias", Time since last: 9352858 ns, Reaching safepoint: 232016 ns, At safepoint: 204514 ns, Total: 436530 ns
[2020-07-01T13:40:58.963+0000][7][safepoint    ] Safepoint "BulkRevokeBias", Time since last: 100904396 ns, Reaching safepoint: 89074 ns, At safepoint: 393817 ns, Total: 482891 ns
[2020-07-01T13:40:58.966+0000][7][safepoint    ] Safepoint "BulkRevokeBias", Time since last: 1844796 ns, Reaching safepoint: 289843 ns, At safepoint: 495524 ns, Total: 785367 ns
[2020-07-01T13:40:58.982+0000][7][safepoint    ] Safepoint "BulkRevokeBias", Time since last: 15331142 ns, Reaching safepoint: 946596 ns, At safepoint: 333612 ns, Total: 1280208 ns
[2020-07-01T13:40:59.008+0000][7][safepoint    ] Safepoint "BulkRevokeBias", Time since last: 23548511 ns, Reaching safepoint: 1361601 ns, At safepoint: 389516 ns, Total: 1751117 ns
[2020-07-01T13:40:59.085+0000][7][safepoint    ] Safepoint "BulkRevokeBias", Time since last: 76295344 ns, Reaching safepoint: 908053 ns, At safepoint: 383273 ns, Total: 1291326 ns
[2020-07-01T13:40:59.650+0000][7][gc,start     ] GC(13) Pause Young (Normal) (G1 Evacuation Pause)
[2020-07-01T13:40:59.651+0000][7][gc,task      ] GC(13) Using 8 workers of 8 for evacuation
[2020-07-01T13:40:59.651+0000][7][gc,age       ] GC(13) Desired survivor size 20447232 bytes, new threshold 2 (max threshold 15)
[2020-07-01T13:40:59.688+0000][7][gc,age       ] GC(13) Age table with threshold 2 (max threshold 15)
[2020-07-01T13:40:59.688+0000][7][gc,age       ] GC(13) - age   1:    8096712 bytes,    8096712 total
[2020-07-01T13:40:59.688+0000][7][gc,age       ] GC(13) - age   2:    8207368 bytes,   16304080 total
[2020-07-01T13:40:59.689+0000][7][gc,phases    ] GC(13)   Pre Evacuate Collection Set: 0.9ms
[2020-07-01T13:40:59.689+0000][7][gc,phases    ] GC(13)   Merge Heap Roots: 0.2ms
[2020-07-01T13:40:59.689+0000][7][gc,phases    ] GC(13)   Evacuate Collection Set: 33.7ms
[2020-07-01T13:40:59.689+0000][7][gc,phases    ] GC(13)   Post Evacuate Collection Set: 1.8ms
[2020-07-01T13:40:59.690+0000][7][gc,phases    ] GC(13)   Other: 2.0ms
[2020-07-01T13:40:59.690+0000][7][gc,heap      ] GC(13) Eden regions: 281->0(286)
[2020-07-01T13:40:59.690+0000][7][gc,heap      ] GC(13) Survivor regions: 26->18(39)
[2020-07-01T13:40:59.690+0000][7][gc,heap      ] GC(13) Old regions: 30->46
[2020-07-01T13:40:59.691+0000][7][gc,heap      ] GC(13) Archive regions: 2->2
[2020-07-01T13:40:59.691+0000][7][gc,heap      ] GC(13) Humongous regions: 1->1
[2020-07-01T13:40:59.691+0000][7][gc,metaspace ] GC(13) Metaspace: 76848K(83408K)->76848K(83408K) NonClass: 66301K(70224K)->66301K(70224K) Class: 10547K(13184K)->10547K(13184K)
[2020-07-01T13:40:59.691+0000][7][gc           ] GC(13) Pause Young (Normal) (G1 Evacuation Pause) 337M->64M(512M) 41.220ms
[2020-07-01T13:40:59.692+0000][7][gc,cpu       ] GC(13) User=0.10s Sys=0.02s Real=0.04s
[2020-07-01T13:40:59.692+0000][7][safepoint    ] Safepoint "G1CollectForAllocation", Time since last: 564001104 ns, Reaching safepoint: 721340 ns, At safepoint: 42173122 ns, Total: 42894462 ns
[2020-07-01T13:40:59.893+0000][7][safepoint    ] Safepoint "BulkRevokeBias", Time since last: 200441512 ns, Reaching safepoint: 291807 ns, At safepoint: 257394 ns, Total: 549201 ns
[2020-07-01T13:40:59.966+0000][7][safepoint    ] Safepoint "BulkRevokeBias", Time since last: 72125799 ns, Reaching safepoint: 262970 ns, At safepoint: 328483 ns, Total: 591453 ns
[2020-07-01T13:41:00.941+0000][7][safepoint    ] Safepoint "ICBufferFull", Time since last: 974431592 ns, Reaching safepoint: 231108 ns, At safepoint: 22431 ns, Total: 253539 ns
[2020-07-01T13:41:01.560+0000][7][safepoint    ] Safepoint "ICBufferFull", Time since last: 618239561 ns, Reaching safepoint: 995274 ns, At safepoint: 41625 ns, Total: 1036899 ns
[2020-07-01T13:41:02.387+0000][7][safepoint    ] Safepoint "ICBufferFull", Time since last: 818990729 ns, Reaching safepoint: 7922596 ns, At safepoint: 17281 ns, Total: 7939877 ns
[2020-07-01T13:41:03.168+0000][7][safepoint    ] Safepoint "BulkRevokeBias", Time since last: 780873992 ns, Reaching safepoint: 210085 ns, At safepoint: 280795 ns, Total: 490880 ns
[2020-07-01T13:41:04.805+0000][7][safepoint    ] Safepoint "Cleanup", Time since last: 1636533629 ns, Reaching safepoint: 367486 ns, At safepoint: 6624 ns, Total: 374110 ns
[2020-07-01T13:41:05.806+0000][7][safepoint    ] Safepoint "Cleanup", Time since last: 1000778763 ns, Reaching safepoint: 249749 ns, At safepoint: 6309 ns, Total: 256058 ns
[2020-07-01T13:41:06.807+0000][7][safepoint    ] Safepoint "Cleanup", Time since last: 1000749358 ns, Reaching safepoint: 214294 ns, At safepoint: 2986 ns, Total: 217280 ns
[2020-07-01T13:41:07.808+0000][7][safepoint    ] Safepoint "Cleanup", Time since last: 1000890080 ns, Reaching safepoint: 168930 ns, At safepoint: 2973 ns, Total: 171903 ns
[2020-07-01T13:41:08.809+0000][7][safepoint    ] Safepoint "Cleanup", Time since last: 1000797369 ns, Reaching safepoint: 306525 ns, At safepoint: 6629 ns, Total: 313154 ns
[2020-07-01T13:41:09.810+0000][7][safepoint    ] Safepoint "Cleanup", Time since last: 1000685881 ns, Reaching safepoint: 213596 ns, At safepoint: 6215 ns, Total: 219811 ns
[2020-07-01T13:41:10.811+0000][7][safepoint    ] Safepoint "Cleanup", Time since last: 1000672543 ns, Reaching safepoint: 258623 ns, At safepoint: 28916 ns, Total: 287539 ns
[2020-07-01T13:41:11.812+0000][7][safepoint    ] Safepoint "Cleanup", Time since last: 1000717097 ns, Reaching safepoint: 247931 ns, At safepoint: 6201 ns, Total: 254132 ns
[2020-07-01T13:41:12.813+0000][7][safepoint    ] Safepoint "Cleanup", Time since last: 1000766473 ns, Reaching safepoint: 343190 ns, At safepoint: 5940 ns, Total: 349130 ns
[2020-07-01T13:41:13.814+0000][7][safepoint    ] Safepoint "Cleanup", Time since last: 1000746533 ns, Reaching safepoint: 172007 ns, At safepoint: 7191 ns, Total: 179198 ns
[2020-07-01T13:41:15.815+0000][7][safepoint    ] Safepoint "Cleanup", Time since last: 2000735152 ns, Reaching safepoint: 185041 ns, At safepoint: 7341 ns, Total: 192382 ns
[2020-07-01T13:41:16.816+0000][7][safepoint    ] Safepoint "Cleanup", Time since last: 1000545074 ns, Reaching safepoint: 394645 ns, At safepoint: 6343 ns, Total: 400988 ns
[2020-07-01T13:41:17.817+0000][7][safepoint    ] Safepoint "Cleanup", Time since last: 1000550083 ns, Reaching safepoint: 206331 ns, At safepoint: 8136 ns, Total: 214467 ns
[2020-07-01T13:41:19.081+0000][7][safepoint    ] Safepoint "Cleanup", Time since last: 1263830051 ns, Reaching safepoint: 191367 ns, At safepoint: 3522 ns, Total: 194889 ns
[2020-07-01T13:41:19.284+0000][7][safepoint    ] Safepoint "BulkRevokeBias", Time since last: 202271700 ns, Reaching safepoint: 163149 ns, At safepoint: 242667 ns, Total: 405816 ns
[2020-07-01T13:41:19.289+0000][7][safepoint    ] Safepoint "BulkRevokeBias", Time since last: 5014911 ns, Reaching safepoint: 129196 ns, At safepoint: 286105 ns, Total: 415301 ns
[2020-07-01T13:41:20.107+0000][7][safepoint    ] Safepoint "ICBufferFull", Time since last: 817871080 ns, Reaching safepoint: 214295 ns, At safepoint: 8444 ns, Total: 222739 ns
[2020-07-01T13:41:20.122+0000][7][gc,start     ] GC(14) Pause Young (Normal) (G1 Evacuation Pause)
[2020-07-01T13:41:20.122+0000][7][gc,task      ] GC(14) Using 8 workers of 8 for evacuation
[2020-07-01T13:41:20.122+0000][7][gc,age       ] GC(14) Desired survivor size 19922944 bytes, new threshold 15 (max threshold 15)
[2020-07-01T13:41:20.140+0000][7][gc,age       ] GC(14) Age table with threshold 15 (max threshold 15)
[2020-07-01T13:41:20.140+0000][7][gc,age       ] GC(14) - age   1:    4018024 bytes,    4018024 total
[2020-07-01T13:41:20.141+0000][7][gc,age       ] GC(14) - age   2:    7653864 bytes,   11671888 total
[2020-07-01T13:41:20.141+0000][7][gc,age       ] GC(14) - age   3:    8183248 bytes,   19855136 total
[2020-07-01T13:41:20.141+0000][7][gc,phases    ] GC(14)   Pre Evacuate Collection Set: 0.1ms
[2020-07-01T13:41:20.141+0000][7][gc,phases    ] GC(14)   Merge Heap Roots: 0.1ms
[2020-07-01T13:41:20.142+0000][7][gc,phases    ] GC(14)   Evacuate Collection Set: 14.3ms
[2020-07-01T13:41:20.142+0000][7][gc,phases    ] GC(14)   Post Evacuate Collection Set: 1.6ms
[2020-07-01T13:41:20.142+0000][7][gc,phases    ] GC(14)   Other: 3.1ms
[2020-07-01T13:41:20.142+0000][7][gc,heap      ] GC(14) Eden regions: 286->0(281)
[2020-07-01T13:41:20.143+0000][7][gc,heap      ] GC(14) Survivor regions: 18->21(38)
[2020-07-01T13:41:20.143+0000][7][gc,heap      ] GC(14) Old regions: 46->46
[2020-07-01T13:41:20.143+0000][7][gc,heap      ] GC(14) Archive regions: 2->2
[2020-07-01T13:41:20.143+0000][7][gc,heap      ] GC(14) Humongous regions: 7->7
[2020-07-01T13:41:20.144+0000][7][gc,metaspace ] GC(14) Metaspace: 84619K(91472K)->84619K(91472K) NonClass: 73116K(77136K)->73116K(77136K) Class: 11502K(14336K)->11502K(14336K)
[2020-07-01T13:41:20.144+0000][7][gc           ] GC(14) Pause Young (Normal) (G1 Evacuation Pause) 356M->74M(512M) 22.024ms
[2020-07-01T13:41:20.144+0000][7][gc,cpu       ] GC(14) User=0.05s Sys=0.00s Real=0.03s
[2020-07-01T13:41:20.145+0000][7][safepoint    ] Safepoint "G1CollectForAllocation", Time since last: 14740778 ns, Reaching safepoint: 192162 ns, At safepoint: 22615461 ns, Total: 22807623 ns
[2020-07-01T13:41:20.635+0000][7][safepoint    ] Safepoint "BulkRevokeBias", Time since last: 489562177 ns, Reaching safepoint: 295846 ns, At safepoint: 444272 ns, Total: 740118 ns
[2020-07-01T13:41:21.003+0000][7][safepoint    ] Safepoint "BulkRevokeBias", Time since last: 367891619 ns, Reaching safepoint: 176905 ns, At safepoint: 289907 ns, Total: 466812 ns
[2020-07-01T13:41:21.007+0000][7][safepoint    ] Safepoint "BulkRevokeBias", Time since last: 3175120 ns, Reaching safepoint: 132677 ns, At safepoint: 340138 ns, Total: 472815 ns
[2020-07-01T13:41:21.962+0000][7][safepoint    ] Safepoint "ICBufferFull", Time since last: 955219009 ns, Reaching safepoint: 218879 ns, At safepoint: 10003 ns, Total: 228882 ns
[2020-07-01T13:41:23.017+0000][7][safepoint    ] Safepoint "Cleanup", Time since last: 1054300833 ns, Reaching safepoint: 300027 ns, At safepoint: 8755 ns, Total: 308782 ns
[2020-07-01T13:41:23.692+0000][7][safepoint    ] Safepoint "BulkRevokeBias", Time since last: 674284855 ns, Reaching safepoint: 343814 ns, At safepoint: 553711 ns, Total: 897525 ns
[2020-07-01T13:41:23.900+0000][7][safepoint    ] Safepoint "BulkRevokeBias", Time since last: 206857316 ns, Reaching safepoint: 144474 ns, At safepoint: 470838 ns, Total: 615312 ns
[2020-07-01T13:41:23.920+0000][7][safepoint    ] Safepoint "BulkRevokeBias", Time since last: 18501007 ns, Reaching safepoint: 617796 ns, At safepoint: 790833 ns, Total: 1408629 ns
[2020-07-01T13:41:24.986+0000][7][safepoint    ] Safepoint "Cleanup", Time since last: 1066402969 ns, Reaching safepoint: 287144 ns, At safepoint: 7095 ns, Total: 294239 ns
[2020-07-01T13:41:25.998+0000][7][safepoint    ] Safepoint "Cleanup", Time since last: 1011300471 ns, Reaching safepoint: 374860 ns, At safepoint: 29612 ns, Total: 404472 ns
[2020-07-01T13:41:26.588+0000][7][gc,start     ] GC(15) Pause Young (Normal) (G1 Evacuation Pause)
[2020-07-01T13:41:26.588+0000][7][gc,task      ] GC(15) Using 8 workers of 8 for evacuation
[2020-07-01T13:41:26.589+0000][7][gc,age       ] GC(15) Desired survivor size 19922944 bytes, new threshold 15 (max threshold 15)
[2020-07-01T13:41:26.611+0000][7][gc,age       ] GC(15) Age table with threshold 15 (max threshold 15)
[2020-07-01T13:41:26.612+0000][7][gc,age       ] GC(15) - age   1:    2406680 bytes,    2406680 total
[2020-07-01T13:41:26.612+0000][7][gc,age       ] GC(15) - age   2:    3745952 bytes,    6152632 total
[2020-07-01T13:41:26.612+0000][7][gc,age       ] GC(15) - age   3:    7643128 bytes,   13795760 total
[2020-07-01T13:41:26.613+0000][7][gc,age       ] GC(15) - age   4:    8177448 bytes,   21973208 total
[2020-07-01T13:41:26.613+0000][7][gc,phases    ] GC(15)   Pre Evacuate Collection Set: 0.2ms
[2020-07-01T13:41:26.613+0000][7][gc,phases    ] GC(15)   Merge Heap Roots: 0.2ms
[2020-07-01T13:41:26.614+0000][7][gc,phases    ] GC(15)   Evacuate Collection Set: 19.5ms
[2020-07-01T13:41:26.614+0000][7][gc,phases    ] GC(15)   Post Evacuate Collection Set: 2.6ms
[2020-07-01T13:41:26.614+0000][7][gc,phases    ] GC(15)   Other: 2.9ms
[2020-07-01T13:41:26.614+0000][7][gc,heap      ] GC(15) Eden regions: 281->0(284)
[2020-07-01T13:41:26.615+0000][7][gc,heap      ] GC(15) Survivor regions: 21->22(38)
[2020-07-01T13:41:26.615+0000][7][gc,heap      ] GC(15) Old regions: 46->46
[2020-07-01T13:41:26.615+0000][7][gc,heap      ] GC(15) Archive regions: 2->2
[2020-07-01T13:41:26.615+0000][7][gc,heap      ] GC(15) Humongous regions: 7->7
[2020-07-01T13:41:26.616+0000][7][gc,metaspace ] GC(15) Metaspace: 88804K(96464K)->88804K(96464K) NonClass: 76730K(81232K)->76730K(81232K) Class: 12074K(15232K)->12074K(15232K)
[2020-07-01T13:41:26.616+0000][7][gc           ] GC(15) Pause Young (Normal) (G1 Evacuation Pause) 355M->75M(512M) 28.157ms
[2020-07-01T13:41:26.616+0000][7][gc,cpu       ] GC(15) User=0.07s Sys=0.01s Real=0.03s
[2020-07-01T13:41:26.616+0000][7][safepoint    ] Safepoint "G1CollectForAllocation", Time since last: 589474660 ns, Reaching safepoint: 289810 ns, At safepoint: 28747356 ns, Total: 29037166 ns
[2020-07-01T13:41:26.930+0000][7][safepoint    ] Safepoint "BulkRevokeBias", Time since last: 312081902 ns, Reaching safepoint: 373962 ns, At safepoint: 624645 ns, Total: 998607 ns
[2020-07-01T13:41:27.160+0000][7][safepoint    ] Safepoint "BulkRevokeBias", Time since last: 228127926 ns, Reaching safepoint: 1565920 ns, At safepoint: 787942 ns, Total: 2353862 ns
[2020-07-01T13:41:28.170+0000][7][safepoint    ] Safepoint "Cleanup", Time since last: 1009631570 ns, Reaching safepoint: 273628 ns, At safepoint: 27139 ns, Total: 300767 ns
[2020-07-01T13:41:28.297+0000][7][safepoint    ] Safepoint "BulkRevokeBias", Time since last: 126501963 ns, Reaching safepoint: 153321 ns, At safepoint: 376381 ns, Total: 529702 ns
[2020-07-01T13:41:29.575+0000][7][safepoint    ] Safepoint "Cleanup", Time since last: 1277371278 ns, Reaching safepoint: 291319 ns, At safepoint: 25646 ns, Total: 316965 ns
[2020-07-01T13:41:30.419+0000][7][safepoint    ] Safepoint "BulkRevokeBias", Time since last: 843529261 ns, Reaching safepoint: 468416 ns, At safepoint: 636884 ns, Total: 1105300 ns
[2020-07-01T13:41:30.580+0000][7][safepoint    ] Safepoint "ICBufferFull", Time since last: 158747860 ns, Reaching safepoint: 2315181 ns, At safepoint: 50046 ns, Total: 2365227 ns
[2020-07-01T13:41:30.826+0000][7][safepoint    ] Safepoint "BulkRevokeBias", Time since last: 242936573 ns, Reaching safepoint: 722618 ns, At safepoint: 2045021 ns, Total: 2767639 ns
[2020-07-01T13:41:31.757+0000][7][safepoint    ] Safepoint "BulkRevokeBias", Time since last: 929865990 ns, Reaching safepoint: 187176 ns, At safepoint: 605542 ns, Total: 792718 ns
[2020-07-01T13:41:33.118+0000][7][safepoint    ] Safepoint "Cleanup", Time since last: 1360697475 ns, Reaching safepoint: 288761 ns, At safepoint: 31939 ns, Total: 320700 ns
[2020-07-01T13:41:34.119+0000][7][safepoint    ] Safepoint "Cleanup", Time since last: 1000647542 ns, Reaching safepoint: 197949 ns, At safepoint: 26614 ns, Total: 224563 ns
[2020-07-01T13:41:35.120+0000][7][safepoint    ] Safepoint "Cleanup", Time since last: 1000774015 ns, Reaching safepoint: 290706 ns, At safepoint: 18002 ns, Total: 308708 ns
[2020-07-01T13:41:36.121+0000][7][safepoint    ] Safepoint "Cleanup", Time since last: 1001188150 ns, Reaching safepoint: 494722 ns, At safepoint: 22960 ns, Total: 517682 ns
[2020-07-01T13:41:37.124+0000][7][safepoint    ] Safepoint "Cleanup", Time since last: 1001799245 ns, Reaching safepoint: 398925 ns, At safepoint: 23343 ns, Total: 422268 ns
[2020-07-01T13:41:38.125+0000][7][safepoint    ] Safepoint "Cleanup", Time since last: 1001380073 ns, Reaching safepoint: 162686 ns, At safepoint: 10150 ns, Total: 172836 ns
[2020-07-01T13:41:39.126+0000][7][safepoint    ] Safepoint "Cleanup", Time since last: 1000691011 ns, Reaching safepoint: 356968 ns, At safepoint: 10718 ns, Total: 367686 ns
[2020-07-01T13:41:40.128+0000][7][safepoint    ] Safepoint "Cleanup", Time since last: 1001427986 ns, Reaching safepoint: 383402 ns, At safepoint: 7373 ns, Total: 390775 ns
[2020-07-01T13:41:41.129+0000][7][safepoint    ] Safepoint "Cleanup", Time since last: 1001132143 ns, Reaching safepoint: 257645 ns, At safepoint: 9255 ns, Total: 266900 ns
[2020-07-01T13:41:42.131+0000][7][safepoint    ] Safepoint "Cleanup", Time since last: 1000840288 ns, Reaching safepoint: 198341 ns, At safepoint: 6751 ns, Total: 205092 ns
[2020-07-01T13:41:43.132+0000][7][safepoint    ] Safepoint "Cleanup", Time since last: 1000690262 ns, Reaching safepoint: 315269 ns, At safepoint: 16520 ns, Total: 331789 ns
[2020-07-01T13:41:44.134+0000][7][safepoint    ] Safepoint "Cleanup", Time since last: 1001750054 ns, Reaching safepoint: 324662 ns, At safepoint: 16704 ns, Total: 341366 ns
[2020-07-01T13:41:45.135+0000][7][safepoint    ] Safepoint "Cleanup", Time since last: 1000991553 ns, Reaching safepoint: 247843 ns, At safepoint: 12887 ns, Total: 260730 ns
[2020-07-01T13:41:46.136+0000][7][safepoint    ] Safepoint "Cleanup", Time since last: 1000789123 ns, Reaching safepoint: 549418 ns, At safepoint: 29346 ns, Total: 578764 ns
[2020-07-01T13:41:47.138+0000][7][safepoint    ] Safepoint "Cleanup", Time since last: 1001022884 ns, Reaching safepoint: 223458 ns, At safepoint: 10852 ns, Total: 234310 ns
[2020-07-01T13:41:48.138+0000][7][safepoint    ] Safepoint "Cleanup", Time since last: 1000590364 ns, Reaching safepoint: 151286 ns, At safepoint: 4049 ns, Total: 155335 ns
[2020-07-01T13:41:49.292+0000][7][safepoint    ] Safepoint "Cleanup", Time since last: 1153481472 ns, Reaching safepoint: 671078 ns, At safepoint: 27367 ns, Total: 698445 ns
[2020-07-01T13:41:50.295+0000][7][safepoint    ] Safepoint "Cleanup", Time since last: 1001692090 ns, Reaching safepoint: 527547 ns, At safepoint: 26860 ns, Total: 554407 ns
[2020-07-01T13:41:51.295+0000][7][safepoint    ] Safepoint "Cleanup", Time since last: 1000014227 ns, Reaching safepoint: 262037 ns, At safepoint: 8040 ns, Total: 270077 ns
[2020-07-01T13:41:52.296+0000][7][safepoint    ] Safepoint "Cleanup", Time since last: 1000668831 ns, Reaching safepoint: 249133 ns, At safepoint: 8860 ns, Total: 257993 ns
[2020-07-01T13:41:53.770+0000][7][safepoint    ] Safepoint "Cleanup", Time since last: 1473329817 ns, Reaching safepoint: 257416 ns, At safepoint: 15650 ns, Total: 273066 ns
[2020-07-01T13:41:54.990+0000][7][safepoint    ] Safepoint "Cleanup", Time since last: 1220136332 ns, Reaching safepoint: 578850 ns, At safepoint: 23466 ns, Total: 602316 ns
[2020-07-01T13:41:55.992+0000][7][safepoint    ] Safepoint "Cleanup", Time since last: 1001360426 ns, Reaching safepoint: 325536 ns, At safepoint: 6669 ns, Total: 332205 ns
[2020-07-01T13:41:56.993+0000][7][safepoint    ] Safepoint "Cleanup", Time since last: 1000869208 ns, Reaching safepoint: 566169 ns, At safepoint: 16902 ns, Total: 583071 ns
[2020-07-01T13:41:57.995+0000][7][safepoint    ] Safepoint "Cleanup", Time since last: 1001086369 ns, Reaching safepoint: 492213 ns, At safepoint: 18117 ns, Total: 510330 ns
[2020-07-01T13:41:58.997+0000][7][safepoint    ] Safepoint "Cleanup", Time since last: 1001471491 ns, Reaching safepoint: 360499 ns, At safepoint: 33013 ns, Total: 393512 ns
[2020-07-01T13:41:59.998+0000][7][safepoint    ] Safepoint "Cleanup", Time since last: 1000756073 ns, Reaching safepoint: 548118 ns, At safepoint: 19488 ns, Total: 567606 ns
[2020-07-01T13:42:00.999+0000][7][safepoint    ] Safepoint "Cleanup", Time since last: 1000784098 ns, Reaching safepoint: 333755 ns, At safepoint: 11682 ns, Total: 345437 ns
[2020-07-01T13:42:02.423+0000][7][safepoint    ] Safepoint "Cleanup", Time since last: 1423230870 ns, Reaching safepoint: 521669 ns, At safepoint: 24120 ns, Total: 545789 ns
[2020-07-01T13:42:03.425+0000][7][safepoint    ] Safepoint "Cleanup", Time since last: 1001648155 ns, Reaching safepoint: 392434 ns, At safepoint: 20827 ns, Total: 413261 ns
[2020-07-01T13:42:04.427+0000][7][safepoint    ] Safepoint "Cleanup", Time since last: 1001189241 ns, Reaching safepoint: 344492 ns, At safepoint: 7683 ns, Total: 352175 ns
[2020-07-01T13:42:05.428+0000][7][safepoint    ] Safepoint "Cleanup", Time since last: 1000846438 ns, Reaching safepoint: 426766 ns, At safepoint: 19481 ns, Total: 446247 ns
[2020-07-01T13:42:06.434+0000][7][safepoint    ] Safepoint "Cleanup", Time since last: 1005008100 ns, Reaching safepoint: 889152 ns, At safepoint: 34710 ns, Total: 923862 ns
[2020-07-01T13:42:07.435+0000][7][safepoint    ] Safepoint "Cleanup", Time since last: 1001044542 ns, Reaching safepoint: 153974 ns, At safepoint: 4163 ns, Total: 158137 ns
[2020-07-01T13:42:08.440+0000][7][safepoint    ] Safepoint "Cleanup", Time since last: 1004809250 ns, Reaching safepoint: 356161 ns, At safepoint: 20282 ns, Total: 376443 ns
[2020-07-01T13:42:08.749+0000][7][safepoint    ] Safepoint "BulkRevokeBias", Time since last: 308307458 ns, Reaching safepoint: 255546 ns, At safepoint: 436865 ns, Total: 692411 ns
[2020-07-01T13:42:10.254+0000][7][safepoint    ] Safepoint "Cleanup", Time since last: 1504004996 ns, Reaching safepoint: 474787 ns, At safepoint: 18584 ns, Total: 493371 ns
[2020-07-01T13:42:11.514+0000][7][gc,start     ] GC(16) Pause Young (Concurrent Start) (Metadata GC Threshold)
[2020-07-01T13:42:11.514+0000][7][gc,task      ] GC(16) Using 8 workers of 8 for evacuation
[2020-07-01T13:42:11.514+0000][7][gc,age       ] GC(16) Desired survivor size 20447232 bytes, new threshold 4 (max threshold 15)
[2020-07-01T13:42:11.537+0000][7][gc,age       ] GC(16) Age table with threshold 4 (max threshold 15)
[2020-07-01T13:42:11.537+0000][7][gc,age       ] GC(16) - age   1:    2656584 bytes,    2656584 total
[2020-07-01T13:42:11.537+0000][7][gc,age       ] GC(16) - age   2:    2032536 bytes,    4689120 total
[2020-07-01T13:42:11.537+0000][7][gc,age       ] GC(16) - age   3:    3477856 bytes,    8166976 total
[2020-07-01T13:42:11.537+0000][7][gc,age       ] GC(16) - age   4:    7635488 bytes,   15802464 total
[2020-07-01T13:42:11.538+0000][7][gc,phases    ] GC(16)   Pre Evacuate Collection Set: 0.7ms
[2020-07-01T13:42:11.538+0000][7][gc,phases    ] GC(16)   Merge Heap Roots: 0.2ms
[2020-07-01T13:42:11.538+0000][7][gc,phases    ] GC(16)   Evacuate Collection Set: 19.0ms
[2020-07-01T13:42:11.539+0000][7][gc,phases    ] GC(16)   Post Evacuate Collection Set: 2.1ms
[2020-07-01T13:42:11.539+0000][7][gc,phases    ] GC(16)   Other: 2.3ms
[2020-07-01T13:42:11.539+0000][7][gc,heap      ] GC(16) Eden regions: 190->0(284)
[2020-07-01T13:42:11.539+0000][7][gc,heap      ] GC(16) Survivor regions: 22->17(39)
[2020-07-01T13:42:11.540+0000][7][gc,heap      ] GC(16) Old regions: 46->54
[2020-07-01T13:42:11.540+0000][7][gc,heap      ] GC(16) Archive regions: 2->2
[2020-07-01T13:42:11.540+0000][7][gc,heap      ] GC(16) Humongous regions: 7->7
[2020-07-01T13:42:11.540+0000][7][gc,metaspace ] GC(16) Metaspace: 90967K(98480K)->90967K(98480K) NonClass: 78643K(82992K)->78643K(82992K) Class: 12323K(15488K)->12323K(15488K)
[2020-07-01T13:42:11.540+0000][7][gc           ] GC(16) Pause Young (Concurrent Start) (Metadata GC Threshold) 265M->78M(512M) 26.972ms
[2020-07-01T13:42:11.541+0000][7][gc,cpu       ] GC(16) User=0.05s Sys=0.01s Real=0.03s
[2020-07-01T13:42:11.541+0000][7][gc           ] GC(17) Concurrent Cycle
[2020-07-01T13:42:11.542+0000][7][gc,marking   ] GC(17) Concurrent Clear Claimed Marks
[2020-07-01T13:42:11.541+0000][7][safepoint    ] Safepoint "CollectForMetadataAllocation", Time since last: 1259438595 ns, Reaching safepoint: 194229 ns, At safepoint: 27850584 ns, Total: 28044813 ns
[2020-07-01T13:42:11.543+0000][7][gc,marking   ] GC(17) Concurrent Clear Claimed Marks 1.294ms
[2020-07-01T13:42:11.544+0000][7][gc,marking   ] GC(17) Concurrent Scan Root Regions
[2020-07-01T13:42:11.565+0000][7][gc,marking   ] GC(17) Concurrent Scan Root Regions 21.179ms
[2020-07-01T13:42:11.565+0000][7][gc,marking   ] GC(17) Concurrent Mark (84.801s)
[2020-07-01T13:42:11.565+0000][7][gc,marking   ] GC(17) Concurrent Mark From Roots
[2020-07-01T13:42:11.566+0000][7][gc,task      ] GC(17) Using 2 workers of 2 for marking
[2020-07-01T13:42:11.618+0000][7][gc,marking   ] GC(17) Concurrent Mark From Roots 52.394ms
[2020-07-01T13:42:11.618+0000][7][gc,marking   ] GC(17) Concurrent Preclean
[2020-07-01T13:42:11.619+0000][7][gc,marking   ] GC(17) Concurrent Preclean 0.736ms
[2020-07-01T13:42:11.619+0000][7][gc,marking   ] GC(17) Concurrent Mark (84.801s, 84.855s) 54.107ms
[2020-07-01T13:42:11.620+0000][7][gc,start     ] GC(17) Pause Remark
[2020-07-01T13:42:11.625+0000][7][gc           ] GC(17) Pause Remark 87M->87M(512M) 5.277ms
[2020-07-01T13:42:11.626+0000][7][gc,cpu       ] GC(17) User=0.02s Sys=0.00s Real=0.01s
[2020-07-01T13:42:11.626+0000][7][safepoint    ] Safepoint "G1Concurrent", Time since last: 78429194 ns, Reaching safepoint: 273713 ns, At safepoint: 5994048 ns, Total: 6267761 ns
[2020-07-01T13:42:11.626+0000][7][gc,marking   ] GC(17) Concurrent Rebuild Remembered Sets
[2020-07-01T13:42:11.664+0000][7][gc,marking   ] GC(17) Concurrent Rebuild Remembered Sets 37.784ms
[2020-07-01T13:42:11.751+0000][7][gc,start     ] GC(17) Pause Cleanup
[2020-07-01T13:42:11.752+0000][7][gc           ] GC(17) Pause Cleanup 92M->92M(512M) 0.980ms
[2020-07-01T13:42:11.753+0000][7][gc,cpu       ] GC(17) User=0.00s Sys=0.00s Real=0.00s
[2020-07-01T13:42:11.753+0000][7][safepoint    ] Safepoint "G1Concurrent", Time since last: 123559530 ns, Reaching safepoint: 1622341 ns, At safepoint: 2217143 ns, Total: 3839484 ns
[2020-07-01T13:42:11.754+0000][7][gc,marking   ] GC(17) Concurrent Cleanup for Next Mark
[2020-07-01T13:42:11.755+0000][7][gc,marking   ] GC(17) Concurrent Cleanup for Next Mark 0.933ms
[2020-07-01T13:42:11.755+0000][7][gc           ] GC(17) Concurrent Cycle 213.787ms
[2020-07-01T13:42:13.240+0000][7][safepoint    ] Safepoint "Cleanup", Time since last: 1485842280 ns, Reaching safepoint: 629784 ns, At safepoint: 28701 ns, Total: 658485 ns
[2020-07-01T13:42:14.242+0000][7][safepoint    ] Safepoint "Cleanup", Time since last: 1002057066 ns, Reaching safepoint: 427812 ns, At safepoint: 15756 ns, Total: 443568 ns
[2020-07-01T13:42:15.244+0000][7][safepoint    ] Safepoint "Cleanup", Time since last: 1001034766 ns, Reaching safepoint: 181501 ns, At safepoint: 4283 ns, Total: 185784 ns
[2020-07-01T13:42:16.245+0000][7][safepoint    ] Safepoint "Cleanup", Time since last: 1000676874 ns, Reaching safepoint: 651519 ns, At safepoint: 27508 ns, Total: 679027 ns
[2020-07-01T13:42:17.250+0000][7][safepoint    ] Safepoint "Cleanup", Time since last: 1004599949 ns, Reaching safepoint: 477654 ns, At safepoint: 12233 ns, Total: 489887 ns
[2020-07-01T13:42:18.253+0000][7][safepoint    ] Safepoint "Cleanup", Time since last: 1001989465 ns, Reaching safepoint: 510219 ns, At safepoint: 13563 ns, Total: 523782 ns
[2020-07-01T13:42:19.067+0000][7][safepoint    ] Safepoint "BulkRevokeBias", Time since last: 813798582 ns, Reaching safepoint: 174584 ns, At safepoint: 397200 ns, Total: 571784 ns
[2020-07-01T13:42:20.071+0000][7][safepoint    ] Safepoint "Cleanup", Time since last: 1002889995 ns, Reaching safepoint: 721896 ns, At safepoint: 76990 ns, Total: 798886 ns
[2020-07-01T13:42:21.353+0000][7][safepoint    ] Safepoint "Cleanup", Time since last: 1282041688 ns, Reaching safepoint: 503110 ns, At safepoint: 15243 ns, Total: 518353 ns
[2020-07-01T13:42:22.355+0000][7][safepoint    ] Safepoint "Cleanup", Time since last: 1001130163 ns, Reaching safepoint: 197345 ns, At safepoint: 9550 ns, Total: 206895 ns
[2020-07-01T13:42:23.356+0000][7][safepoint    ] Safepoint "Cleanup", Time since last: 1000573857 ns, Reaching safepoint: 409829 ns, At safepoint: 17628 ns, Total: 427457 ns
[2020-07-01T13:42:24.358+0000][7][safepoint    ] Safepoint "Cleanup", Time since last: 1002304311 ns, Reaching safepoint: 319463 ns, At safepoint: 25543 ns, Total: 345006 ns
[2020-07-01T13:42:25.362+0000][7][safepoint    ] Safepoint "Cleanup", Time since last: 1002707873 ns, Reaching safepoint: 752268 ns, At safepoint: 73192 ns, Total: 825460 ns
[2020-07-01T13:42:26.365+0000][7][safepoint    ] Safepoint "Cleanup", Time since last: 1002430713 ns, Reaching safepoint: 660920 ns, At safepoint: 75424 ns, Total: 736344 ns
[2020-07-01T13:42:27.367+0000][7][safepoint    ] Safepoint "Cleanup", Time since last: 1001492613 ns, Reaching safepoint: 708675 ns, At safepoint: 77440 ns, Total: 786115 ns
[2020-07-01T13:42:28.369+0000][7][safepoint    ] Safepoint "Cleanup", Time since last: 1001724137 ns, Reaching safepoint: 438919 ns, At safepoint: 34941 ns, Total: 473860 ns
[2020-07-01T13:42:29.374+0000][7][safepoint    ] Safepoint "Cleanup", Time since last: 1004849505 ns, Reaching safepoint: 158362 ns, At safepoint: 10575 ns, Total: 168937 ns
[2020-07-01T13:42:30.466+0000][7][safepoint    ] Safepoint "Cleanup", Time since last: 1091370463 ns, Reaching safepoint: 342355 ns, At safepoint: 12702 ns, Total: 355057 ns
[2020-07-01T13:42:31.468+0000][7][safepoint    ] Safepoint "Cleanup", Time since last: 1001696459 ns, Reaching safepoint: 362937 ns, At safepoint: 44881 ns, Total: 407818 ns
[2020-07-01T13:42:32.470+0000][7][safepoint    ] Safepoint "Cleanup", Time since last: 1000976159 ns, Reaching safepoint: 462980 ns, At safepoint: 44435 ns, Total: 507415 ns
[2020-07-01T13:42:33.471+0000][7][safepoint    ] Safepoint "Cleanup", Time since last: 1000885451 ns, Reaching safepoint: 191351 ns, At safepoint: 29389 ns, Total: 220740 ns
[2020-07-01T13:42:34.473+0000][7][safepoint    ] Safepoint "Cleanup", Time since last: 1001713717 ns, Reaching safepoint: 351545 ns, At safepoint: 23055 ns, Total: 374600 ns
[2020-07-01T13:42:35.476+0000][7][safepoint    ] Safepoint "Cleanup", Time since last: 1002413483 ns, Reaching safepoint: 849936 ns, At safepoint: 70313 ns, Total: 920249 ns
[2020-07-01T13:42:36.480+0000][7][safepoint    ] Safepoint "Cleanup", Time since last: 1002582429 ns, Reaching safepoint: 611506 ns, At safepoint: 58780 ns, Total: 670286 ns
[2020-07-01T13:42:37.482+0000][7][safepoint    ] Safepoint "Cleanup", Time since last: 1001376024 ns, Reaching safepoint: 735417 ns, At safepoint: 76058 ns, Total: 811475 ns
[2020-07-01T13:42:38.484+0000][7][safepoint    ] Safepoint "Cleanup", Time since last: 1001920184 ns, Reaching safepoint: 673837 ns, At safepoint: 71761 ns, Total: 745598 ns
[2020-07-01T13:42:40.257+0000][7][safepoint    ] Safepoint "Cleanup", Time since last: 1772340556 ns, Reaching safepoint: 542698 ns, At safepoint: 11677 ns, Total: 554375 ns
[2020-07-01T13:42:41.259+0000][7][safepoint    ] Safepoint "Cleanup", Time since last: 1001322562 ns, Reaching safepoint: 380791 ns, At safepoint: 19120 ns, Total: 399911 ns
[2020-07-01T13:42:42.260+0000][7][safepoint    ] Safepoint "Cleanup", Time since last: 1000849236 ns, Reaching safepoint: 229935 ns, At safepoint: 8827 ns, Total: 238762 ns
[2020-07-01T13:42:43.262+0000][7][safepoint    ] Safepoint "Cleanup", Time since last: 1001387518 ns, Reaching safepoint: 428302 ns, At safepoint: 15840 ns, Total: 444142 ns
[2020-07-01T13:42:44.264+0000][7][safepoint    ] Safepoint "Cleanup", Time since last: 1001558940 ns, Reaching safepoint: 345686 ns, At safepoint: 63857 ns, Total: 409543 ns
[2020-07-01T13:42:45.265+0000][7][safepoint    ] Safepoint "Cleanup", Time since last: 1000885409 ns, Reaching safepoint: 419604 ns, At safepoint: 17062 ns, Total: 436666 ns
[2020-07-01T13:42:46.267+0000][7][safepoint    ] Safepoint "Cleanup", Time since last: 1001553470 ns, Reaching safepoint: 601429 ns, At safepoint: 15465 ns, Total: 616894 ns
[2020-07-01T13:42:47.270+0000][7][safepoint    ] Safepoint "Cleanup", Time since last: 1002237074 ns, Reaching safepoint: 432902 ns, At safepoint: 11321 ns, Total: 444223 ns
[2020-07-01T13:42:48.275+0000][7][safepoint    ] Safepoint "Cleanup", Time since last: 1004580912 ns, Reaching safepoint: 597478 ns, At safepoint: 27605 ns, Total: 625083 ns
[2020-07-01T13:42:49.674+0000][7][safepoint    ] Safepoint "Cleanup", Time since last: 1398125783 ns, Reaching safepoint: 589190 ns, At safepoint: 27256 ns, Total: 616446 ns
[2020-07-01T13:42:50.676+0000][7][safepoint    ] Safepoint "Cleanup", Time since last: 1001288433 ns, Reaching safepoint: 515634 ns, At safepoint: 27714 ns, Total: 543348 ns
[2020-07-01T13:42:51.677+0000][7][safepoint    ] Safepoint "Cleanup", Time since last: 1000999298 ns, Reaching safepoint: 196911 ns, At safepoint: 11543 ns, Total: 208454 ns
[2020-07-01T13:42:52.679+0000][7][safepoint    ] Safepoint "Cleanup", Time since last: 1001648619 ns, Reaching safepoint: 566696 ns, At safepoint: 27103 ns, Total: 593799 ns
[2020-07-01T13:42:53.681+0000][7][safepoint    ] Safepoint "Cleanup", Time since last: 1001314431 ns, Reaching safepoint: 324621 ns, At safepoint: 8527 ns, Total: 333148 ns
[2020-07-01T13:42:54.682+0000][7][safepoint    ] Safepoint "Cleanup", Time since last: 1000922834 ns, Reaching safepoint: 302807 ns, At safepoint: 5923 ns, Total: 308730 ns
[2020-07-01T13:42:55.684+0000][7][safepoint    ] Safepoint "Cleanup", Time since last: 1000988454 ns, Reaching safepoint: 482750 ns, At safepoint: 9630 ns, Total: 492380 ns
[2020-07-01T13:42:56.687+0000][7][safepoint    ] Safepoint "Cleanup", Time since last: 1002351677 ns, Reaching safepoint: 593050 ns, At safepoint: 29683 ns, Total: 622733 ns
[2020-07-01T13:42:57.689+0000][7][safepoint    ] Safepoint "Cleanup", Time since last: 1001361369 ns, Reaching safepoint: 465552 ns, At safepoint: 16390 ns, Total: 481942 ns
[2020-07-01T13:42:58.689+0000][7][safepoint    ] Safepoint "Cleanup", Time since last: 1000798594 ns, Reaching safepoint: 164118 ns, At safepoint: 3231 ns, Total: 167349 ns
[2020-07-01T13:42:59.690+0000][7][safepoint    ] Safepoint "Cleanup", Time since last: 1000725317 ns, Reaching safepoint: 226048 ns, At safepoint: 9926 ns, Total: 235974 ns
[2020-07-01T13:43:00.691+0000][7][safepoint    ] Safepoint "Cleanup", Time since last: 1000624482 ns, Reaching safepoint: 249777 ns, At safepoint: 12157 ns, Total: 261934 ns
[2020-07-01T13:43:01.692+0000][7][safepoint    ] Safepoint "Cleanup", Time since last: 1000582266 ns, Reaching safepoint: 197769 ns, At safepoint: 3625 ns, Total: 201394 ns
[2020-07-01T13:43:02.693+0000][7][safepoint    ] Safepoint "Cleanup", Time since last: 1000708907 ns, Reaching safepoint: 332780 ns, At safepoint: 12621 ns, Total: 345401 ns
[2020-07-01T13:43:03.694+0000][7][safepoint    ] Safepoint "Cleanup", Time since last: 1000915409 ns, Reaching safepoint: 258977 ns, At safepoint: 7690 ns, Total: 266667 ns
[2020-07-01T13:43:04.696+0000][7][safepoint    ] Safepoint "Cleanup", Time since last: 1000962877 ns, Reaching safepoint: 373071 ns, At safepoint: 10630 ns, Total: 383701 ns
[2020-07-01T13:43:05.702+0000][7][safepoint    ] Safepoint "Cleanup", Time since last: 1006143786 ns, Reaching safepoint: 472680 ns, At safepoint: 18307 ns, Total: 490987 ns
[2020-07-01T13:43:06.705+0000][7][safepoint    ] Safepoint "Cleanup", Time since last: 1002078167 ns, Reaching safepoint: 501866 ns, At safepoint: 94334 ns, Total: 596200 ns
[2020-07-01T13:43:07.707+0000][7][safepoint    ] Safepoint "Cleanup", Time since last: 1001305370 ns, Reaching safepoint: 407970 ns, At safepoint: 9530 ns, Total: 417500 ns
[2020-07-01T13:43:08.223+0000][7][safepoint    ] Safepoint "BulkRevokeBias", Time since last: 515940117 ns, Reaching safepoint: 118639 ns, At safepoint: 415673 ns, Total: 534312 ns
[2020-07-01T13:43:08.285+0000][7][safepoint    ] Safepoint "BulkRevokeBias", Time since last: 61218271 ns, Reaching safepoint: 153052 ns, At safepoint: 420246 ns, Total: 573298 ns
[2020-07-01T13:43:09.401+0000][7][safepoint    ] Safepoint "Cleanup", Time since last: 1115318111 ns, Reaching safepoint: 195291 ns, At safepoint: 11152 ns, Total: 206443 ns
[2020-07-01T13:43:10.406+0000][7][safepoint    ] Safepoint "Cleanup", Time since last: 1005391616 ns, Reaching safepoint: 401495 ns, At safepoint: 13264 ns, Total: 414759 ns
[2020-07-01T13:43:11.408+0000][7][safepoint    ] Safepoint "Cleanup", Time since last: 1001156387 ns, Reaching safepoint: 490775 ns, At safepoint: 18350 ns, Total: 509125 ns
[2020-07-01T13:43:12.410+0000][7][safepoint    ] Safepoint "Cleanup", Time since last: 1001747279 ns, Reaching safepoint: 256678 ns, At safepoint: 10153 ns, Total: 266831 ns
[2020-07-01T13:43:13.411+0000][7][safepoint    ] Safepoint "Cleanup", Time since last: 1000579868 ns, Reaching safepoint: 287632 ns, At safepoint: 9313 ns, Total: 296945 ns
[2020-07-01T13:43:14.412+0000][7][safepoint    ] Safepoint "Cleanup", Time since last: 1000859688 ns, Reaching safepoint: 195343 ns, At safepoint: 4178 ns, Total: 199521 ns
[2020-07-01T13:43:15.415+0000][7][safepoint    ] Safepoint "Cleanup", Time since last: 1003061266 ns, Reaching safepoint: 402147 ns, At safepoint: 33606 ns, Total: 435753 ns
[2020-07-01T13:43:16.417+0000][7][safepoint    ] Safepoint "Cleanup", Time since last: 1001471934 ns, Reaching safepoint: 335428 ns, At safepoint: 28178 ns, Total: 363606 ns
[2020-07-01T13:43:17.419+0000][7][safepoint    ] Safepoint "Cleanup", Time since last: 1000791673 ns, Reaching safepoint: 557611 ns, At safepoint: 47186 ns, Total: 604797 ns
[2020-07-01T13:43:18.422+0000][7][safepoint    ] Safepoint "Cleanup", Time since last: 1002360547 ns, Reaching safepoint: 494868 ns, At safepoint: 45986 ns, Total: 540854 ns
[2020-07-01T13:43:19.425+0000][7][safepoint    ] Safepoint "Cleanup", Time since last: 1003187385 ns, Reaching safepoint: 521016 ns, At safepoint: 53958 ns, Total: 574974 ns
[2020-07-01T13:43:20.427+0000][7][safepoint    ] Safepoint "Cleanup", Time since last: 1001122507 ns, Reaching safepoint: 563906 ns, At safepoint: 48721 ns, Total: 612627 ns
[2020-07-01T13:43:21.429+0000][7][safepoint    ] Safepoint "Cleanup", Time since last: 1001429917 ns, Reaching safepoint: 577640 ns, At safepoint: 40177 ns, Total: 617817 ns
[2020-07-01T13:43:22.431+0000][7][safepoint    ] Safepoint "Cleanup", Time since last: 1001191271 ns, Reaching safepoint: 267622 ns, At safepoint: 12910 ns, Total: 280532 ns
[2020-07-01T13:43:23.542+0000][7][safepoint    ] Safepoint "Cleanup", Time since last: 1110708235 ns, Reaching safepoint: 197996 ns, At safepoint: 4157 ns, Total: 202153 ns
[2020-07-01T13:43:24.544+0000][7][safepoint    ] Safepoint "Cleanup", Time since last: 1001439633 ns, Reaching safepoint: 622457 ns, At safepoint: 24486 ns, Total: 646943 ns
[2020-07-01T13:43:25.547+0000][7][safepoint    ] Safepoint "Cleanup", Time since last: 1002322223 ns, Reaching safepoint: 630014 ns, At safepoint: 27849 ns, Total: 657863 ns
[2020-07-01T13:43:26.548+0000][7][safepoint    ] Safepoint "Cleanup", Time since last: 1001282288 ns, Reaching safepoint: 377420 ns, At safepoint: 12014 ns, Total: 389434 ns
[2020-07-01T13:43:27.550+0000][7][safepoint    ] Safepoint "Cleanup", Time since last: 1000975180 ns, Reaching safepoint: 415561 ns, At safepoint: 11239 ns, Total: 426800 ns
[2020-07-01T13:43:28.552+0000][7][safepoint    ] Safepoint "Cleanup", Time since last: 1001187019 ns, Reaching safepoint: 678945 ns, At safepoint: 16931 ns, Total: 695876 ns
[2020-07-01T13:43:29.553+0000][7][safepoint    ] Safepoint "Cleanup", Time since last: 1000941255 ns, Reaching safepoint: 714619 ns, At safepoint: 11776 ns, Total: 726395 ns
[2020-07-01T13:43:30.556+0000][7][safepoint    ] Safepoint "Cleanup", Time since last: 1001909647 ns, Reaching safepoint: 472375 ns, At safepoint: 9464 ns, Total: 481839 ns
[2020-07-01T13:43:31.557+0000][7][safepoint    ] Safepoint "Cleanup", Time since last: 1001104408 ns, Reaching safepoint: 352353 ns, At safepoint: 20182 ns, Total: 372535 ns
[2020-07-01T13:43:32.559+0000][7][safepoint    ] Safepoint "Cleanup", Time since last: 1000839328 ns, Reaching safepoint: 705212 ns, At safepoint: 27417 ns, Total: 732629 ns
[2020-07-01T13:43:33.560+0000][7][safepoint    ] Safepoint "Cleanup", Time since last: 1001347738 ns, Reaching safepoint: 398012 ns, At safepoint: 7275 ns, Total: 405287 ns
[2020-07-01T13:43:34.563+0000][7][safepoint    ] Safepoint "Cleanup", Time since last: 1001916967 ns, Reaching safepoint: 657901 ns, At safepoint: 28990 ns, Total: 686891 ns
[2020-07-01T13:43:35.564+0000][7][safepoint    ] Safepoint "Cleanup", Time since last: 1001113227 ns, Reaching safepoint: 229772 ns, At safepoint: 10356 ns, Total: 240128 ns
[2020-07-01T13:43:36.566+0000][7][safepoint    ] Safepoint "Cleanup", Time since last: 1000746933 ns, Reaching safepoint: 616105 ns, At safepoint: 26788 ns, Total: 642893 ns
[2020-07-01T13:43:37.569+0000][7][safepoint    ] Safepoint "Cleanup", Time since last: 1002626844 ns, Reaching safepoint: 717071 ns, At safepoint: 71866 ns, Total: 788937 ns
[2020-07-01T13:43:38.573+0000][7][safepoint    ] Safepoint "Cleanup", Time since last: 1003250253 ns, Reaching safepoint: 599992 ns, At safepoint: 71360 ns, Total: 671352 ns
[2020-07-01T13:43:39.574+0000][7][safepoint    ] Safepoint "Cleanup", Time since last: 1000946013 ns, Reaching safepoint: 370596 ns, At safepoint: 13079 ns, Total: 383675 ns
[2020-07-01T13:43:40.577+0000][7][safepoint    ] Safepoint "Cleanup", Time since last: 1001347921 ns, Reaching safepoint: 799611 ns, At safepoint: 26738 ns, Total: 826349 ns
[2020-07-01T13:43:41.578+0000][7][safepoint    ] Safepoint "Cleanup", Time since last: 1001320539 ns, Reaching safepoint: 403436 ns, At safepoint: 25063 ns, Total: 428499 ns
[2020-07-01T13:43:42.582+0000][7][safepoint    ] Safepoint "Cleanup", Time since last: 1002475641 ns, Reaching safepoint: 869162 ns, At safepoint: 27743 ns, Total: 896905 ns
[2020-07-01T13:43:43.584+0000][7][safepoint    ] Safepoint "Cleanup", Time since last: 1001627899 ns, Reaching safepoint: 639426 ns, At safepoint: 26236 ns, Total: 665662 ns
[2020-07-01T13:43:44.586+0000][7][safepoint    ] Safepoint "Cleanup", Time since last: 1001513089 ns, Reaching safepoint: 711494 ns, At safepoint: 30894 ns, Total: 742388 ns
[2020-07-01T13:43:45.588+0000][7][safepoint    ] Safepoint "Cleanup", Time since last: 1001117328 ns, Reaching safepoint: 633113 ns, At safepoint: 27649 ns, Total: 660762 ns
[2020-07-01T13:43:46.591+0000][7][safepoint    ] Safepoint "Cleanup", Time since last: 1001840609 ns, Reaching safepoint: 651706 ns, At safepoint: 26855 ns, Total: 678561 ns
[2020-07-01T13:43:47.593+0000][7][safepoint    ] Safepoint "Cleanup", Time since last: 1002051397 ns, Reaching safepoint: 481867 ns, At safepoint: 15982 ns, Total: 497849 ns
[2020-07-01T13:43:48.595+0000][7][safepoint    ] Safepoint "Cleanup", Time since last: 1001000382 ns, Reaching safepoint: 698965 ns, At safepoint: 26675 ns, Total: 725640 ns
[2020-07-01T13:43:49.597+0000][7][safepoint    ] Safepoint "Cleanup", Time since last: 1001760758 ns, Reaching safepoint: 727543 ns, At safepoint: 18317 ns, Total: 745860 ns
[2020-07-01T13:43:50.599+0000][7][safepoint    ] Safepoint "Cleanup", Time since last: 1000833760 ns, Reaching safepoint: 440112 ns, At safepoint: 17477 ns, Total: 457589 ns
[2020-07-01T13:43:51.600+0000][7][safepoint    ] Safepoint "Cleanup", Time since last: 1000756606 ns, Reaching safepoint: 253179 ns, At safepoint: 5248 ns, Total: 258427 ns
[2020-07-01T13:43:52.600+0000][7][safepoint    ] Safepoint "Cleanup", Time since last: 1000435777 ns, Reaching safepoint: 172162 ns, At safepoint: 3836 ns, Total: 175998 ns
[2020-07-01T13:43:59.607+0000][7][safepoint    ] Safepoint "Cleanup", Time since last: 7006580611 ns, Reaching safepoint: 386013 ns, At safepoint: 7298 ns, Total: 393311 ns
[2020-07-01T13:44:00.610+0000][7][safepoint    ] Safepoint "Cleanup", Time since last: 1002563069 ns, Reaching safepoint: 310147 ns, At safepoint: 3194 ns, Total: 313341 ns
[2020-07-01T13:44:01.611+0000][7][safepoint    ] Safepoint "Cleanup", Time since last: 1000914490 ns, Reaching safepoint: 169600 ns, At safepoint: 3756 ns, Total: 173356 ns
[2020-07-01T13:44:01.678+0000][7][gc,start     ] GC(18) Pause Young (Normal) (G1 Evacuation Pause)
[2020-07-01T13:44:01.678+0000][7][gc,task      ] GC(18) Using 8 workers of 8 for evacuation
[2020-07-01T13:44:01.679+0000][7][gc,age       ] GC(18) Desired survivor size 19922944 bytes, new threshold 15 (max threshold 15)
[2020-07-01T13:44:01.695+0000][7][gc,age       ] GC(18) Age table with threshold 15 (max threshold 15)
[2020-07-01T13:44:01.695+0000][7][gc,age       ] GC(18) - age   1:    3787016 bytes,    3787016 total
[2020-07-01T13:44:01.696+0000][7][gc,age       ] GC(18) - age   2:    2430120 bytes,    6217136 total
[2020-07-01T13:44:01.696+0000][7][gc,age       ] GC(18) - age   3:    2028104 bytes,    8245240 total
[2020-07-01T13:44:01.696+0000][7][gc,age       ] GC(18) - age   4:    3473800 bytes,   11719040 total
[2020-07-01T13:44:01.696+0000][7][gc,age       ] GC(18) - age   5:    7598616 bytes,   19317656 total
[2020-07-01T13:44:01.697+0000][7][gc,phases    ] GC(18)   Pre Evacuate Collection Set: 0.3ms
[2020-07-01T13:44:01.697+0000][7][gc,phases    ] GC(18)   Merge Heap Roots: 0.3ms
[2020-07-01T13:44:01.697+0000][7][gc,phases    ] GC(18)   Evacuate Collection Set: 13.2ms
[2020-07-01T13:44:01.697+0000][7][gc,phases    ] GC(18)   Post Evacuate Collection Set: 1.4ms
[2020-07-01T13:44:01.698+0000][7][gc,phases    ] GC(18)   Other: 3.6ms
[2020-07-01T13:44:01.698+0000][7][gc,heap      ] GC(18) Eden regions: 284->0(281)
[2020-07-01T13:44:01.698+0000][7][gc,heap      ] GC(18) Survivor regions: 17->20(38)
[2020-07-01T13:44:01.698+0000][7][gc,heap      ] GC(18) Old regions: 54->54
[2020-07-01T13:44:01.698+0000][7][gc,heap      ] GC(18) Archive regions: 2->2
[2020-07-01T13:44:01.699+0000][7][gc,heap      ] GC(18) Humongous regions: 7->7
[2020-07-01T13:44:01.699+0000][7][gc,metaspace ] GC(18) Metaspace: 93721K(101680K)->93721K(101680K) NonClass: 81090K(85808K)->81090K(85808K) Class: 12630K(15872K)->12630K(15872K)
[2020-07-01T13:44:01.699+0000][7][gc           ] GC(18) Pause Young (Normal) (G1 Evacuation Pause) 362M->81M(512M) 21.273ms
[2020-07-01T13:44:01.699+0000][7][gc,cpu       ] GC(18) User=0.04s Sys=0.00s Real=0.02s
[2020-07-01T13:44:01.699+0000][7][safepoint    ] Safepoint "G1CollectForAllocation", Time since last: 66195146 ns, Reaching safepoint: 235882 ns, At safepoint: 21822847 ns, Total: 22058729 ns
[2020-07-01T13:44:08.707+0000][7][safepoint    ] Safepoint "Cleanup", Time since last: 7007654629 ns, Reaching safepoint: 217660 ns, At safepoint: 8303 ns, Total: 225963 ns
[2020-07-01T13:44:10.711+0000][7][safepoint    ] Safepoint "Cleanup", Time since last: 2003268295 ns, Reaching safepoint: 352070 ns, At safepoint: 17702 ns, Total: 369772 ns
[2020-07-01T13:44:11.712+0000][7][safepoint    ] Safepoint "Cleanup", Time since last: 1000805045 ns, Reaching safepoint: 258839 ns, At safepoint: 9917 ns, Total: 268756 ns
[2020-07-01T13:44:17.718+0000][7][safepoint    ] Safepoint "Cleanup", Time since last: 6005583518 ns, Reaching safepoint: 617979 ns, At safepoint: 23317 ns, Total: 641296 ns
[2020-07-01T13:44:18.721+0000][7][safepoint    ] Safepoint "Cleanup", Time since last: 1001781300 ns, Reaching safepoint: 672805 ns, At safepoint: 70994 ns, Total: 743799 ns
[2020-07-01T13:44:19.727+0000][7][safepoint    ] Safepoint "Cleanup", Time since last: 1005570149 ns, Reaching safepoint: 607110 ns, At safepoint: 143649 ns, Total: 750759 ns
[2020-07-01T13:44:21.730+0000][7][safepoint    ] Safepoint "Cleanup", Time since last: 2002056637 ns, Reaching safepoint: 568842 ns, At safepoint: 70745 ns, Total: 639587 ns
[2020-07-01T13:44:23.735+0000][7][safepoint    ] Safepoint "Cleanup", Time since last: 2004338723 ns, Reaching safepoint: 458841 ns, At safepoint: 61910 ns, Total: 520751 ns
[2020-07-01T13:44:24.740+0000][7][safepoint    ] Safepoint "Cleanup", Time since last: 1005277519 ns, Reaching safepoint: 419957 ns, At safepoint: 30633 ns, Total: 450590 ns
[2020-07-01T13:44:25.745+0000][7][safepoint    ] Safepoint "Cleanup", Time since last: 1003693635 ns, Reaching safepoint: 391495 ns, At safepoint: 59373 ns, Total: 450868 ns
[2020-07-01T13:44:28.750+0000][7][safepoint    ] Safepoint "Cleanup", Time since last: 3004876352 ns, Reaching safepoint: 480060 ns, At safepoint: 87838 ns, Total: 567898 ns
[2020-07-01T13:44:31.753+0000][7][safepoint    ] Safepoint "Cleanup", Time since last: 3002492468 ns, Reaching safepoint: 269043 ns, At safepoint: 8890 ns, Total: 277933 ns
[2020-07-01T13:44:33.760+0000][7][safepoint    ] Safepoint "Cleanup", Time since last: 2006172653 ns, Reaching safepoint: 605186 ns, At safepoint: 60525 ns, Total: 665711 ns
[2020-07-01T13:44:34.762+0000][7][safepoint    ] Safepoint "Cleanup", Time since last: 1001492682 ns, Reaching safepoint: 709230 ns, At safepoint: 66602 ns, Total: 775832 ns
[2020-07-01T13:44:41.774+0000][7][safepoint    ] Safepoint "Cleanup", Time since last: 7011568050 ns, Reaching safepoint: 383558 ns, At safepoint: 65612 ns, Total: 449170 ns
[2020-07-01T13:44:46.778+0000][7][safepoint    ] Safepoint "Cleanup", Time since last: 5003428107 ns, Reaching safepoint: 347154 ns, At safepoint: 16264 ns, Total: 363418 ns
[2020-07-01T13:44:49.786+0000][7][safepoint    ] Safepoint "Cleanup", Time since last: 3007371604 ns, Reaching safepoint: 440332 ns, At safepoint: 46389 ns, Total: 486721 ns
[2020-07-01T13:44:50.788+0000][7][safepoint    ] Safepoint "Cleanup", Time since last: 1001613003 ns, Reaching safepoint: 503329 ns, At safepoint: 55317 ns, Total: 558646 ns
[2020-07-01T13:44:51.789+0000][7][safepoint    ] Safepoint "Cleanup", Time since last: 1001323189 ns, Reaching safepoint: 215983 ns, At safepoint: 38741 ns, Total: 254724 ns
[2020-07-01T13:44:56.794+0000][7][safepoint    ] Safepoint "Cleanup", Time since last: 5004292706 ns, Reaching safepoint: 281838 ns, At safepoint: 12673 ns, Total: 294511 ns
[2020-07-01T13:45:01.807+0000][7][safepoint    ] Safepoint "Cleanup", Time since last: 5012193971 ns, Reaching safepoint: 642681 ns, At safepoint: 68404 ns, Total: 711085 ns
[2020-07-01T13:45:08.818+0000][7][safepoint    ] Safepoint "Cleanup", Time since last: 7010920783 ns, Reaching safepoint: 299037 ns, At safepoint: 4678 ns, Total: 303715 ns
[2020-07-01T13:45:09.820+0000][7][safepoint    ] Safepoint "Cleanup", Time since last: 1001632226 ns, Reaching safepoint: 266948 ns, At safepoint: 34678 ns, Total: 301626 ns
[2020-07-01T13:45:11.822+0000][7][safepoint    ] Safepoint "Cleanup", Time since last: 2001866302 ns, Reaching safepoint: 215268 ns, At safepoint: 11716 ns, Total: 226984 ns
[2020-07-01T13:45:21.831+0000][7][safepoint    ] Safepoint "Cleanup", Time since last: 10008544144 ns, Reaching safepoint: 443624 ns, At safepoint: 18281 ns, Total: 461905 ns
[2020-07-01T13:45:26.837+0000][7][safepoint    ] Safepoint "Cleanup", Time since last: 5005195486 ns, Reaching safepoint: 788573 ns, At safepoint: 81203 ns, Total: 869776 ns
[2020-07-01T13:45:28.843+0000][7][safepoint    ] Safepoint "Cleanup", Time since last: 2005065136 ns, Reaching safepoint: 538031 ns, At safepoint: 71523 ns, Total: 609554 ns
[2020-07-01T13:45:29.845+0000][7][safepoint    ] Safepoint "Cleanup", Time since last: 1001760343 ns, Reaching safepoint: 678344 ns, At safepoint: 70319 ns, Total: 748663 ns
[2020-07-01T13:45:30.848+0000][7][safepoint    ] Safepoint "Cleanup", Time since last: 1002672804 ns, Reaching safepoint: 351112 ns, At safepoint: 46229 ns, Total: 397341 ns
