[2020-07-01T13:40:46.204+0000][7][gc,heap] Heap region size: 1M
[2020-07-01T13:40:46.206+0000][7][gc,heap,coops] Heap address: 0x00000000e0000000, size: 512 MB, Compressed Oops mode: 32-bit
[2020-07-01T13:40:46.398+0000][7][gc           ] Using G1
[2020-07-01T13:40:46.400+0000][7][gc,cds       ] Mark closed archive regions in map: [0x00000000fff00000, 0x00000000fff7eff8]
[2020-07-01T13:40:46.401+0000][7][gc,cds       ] Mark open archive regions in map: [0x00000000ffe00000, 0x00000000ffe51ff8]
[2020-07-01T13:40:46.427+0000][7][gc           ] Periodic GC disabled
[2020-07-01T13:40:46.855+0000][7][gc,start     ] GC(0) Pause Young (Normal) (G1 Evacuation Pause)
[2020-07-01T13:40:46.856+0000][7][gc,task      ] GC(0) Using 8 workers of 8 for evacuation
[2020-07-01T13:40:46.857+0000][7][gc,age       ] GC(0) Desired survivor size 2097152 bytes, new threshold 15 (max threshold 15)
[2020-07-01T13:40:46.860+0000][7][gc,age       ] GC(0) Age table with threshold 15 (max threshold 15)
[2020-07-01T13:40:46.860+0000][7][gc,age       ] GC(0) - age   1:    2689896 bytes,    2689896 total
[2020-07-01T13:40:46.860+0000][7][gc,phases    ] GC(0)   Pre Evacuate Collection Set: 0.2ms
[2020-07-01T13:40:46.860+0000][7][gc,phases    ] GC(0)   Merge Heap Roots: 0.1ms
[2020-07-01T13:40:46.861+0000][7][gc,phases    ] GC(0)   Evacuate Collection Set: 1.7ms
[2020-07-01T13:40:46.861+0000][7][gc,phases    ] GC(0)   Post Evacuate Collection Set: 0.6ms
[2020-07-01T13:40:46.861+0000][7][gc,phases    ] GC(0)   Other: 3.1ms
[2020-07-01T13:40:46.861+0000][7][gc,heap      ] GC(0) Eden regions: 25->0(36)
[2020-07-01T13:40:46.861+0000][7][gc,heap      ] GC(0) Survivor regions: 0->3(4)
[2020-07-01T13:40:46.862+0000][7][gc,heap      ] GC(0) Old regions: 0->0
[2020-07-01T13:40:46.862+0000][7][gc,heap      ] GC(0) Archive regions: 2->2
[2020-07-01T13:40:46.862+0000][7][gc,heap      ] GC(0) Humongous regions: 1->1
[2020-07-01T13:40:46.862+0000][7][gc,metaspace ] GC(0) Metaspace: 5730K(8448K)->5730K(8448K) NonClass: 5087K(7424K)->5087K(7424K) Class: 642K(1024K)->642K(1024K)
[2020-07-01T13:40:46.862+0000][7][gc           ] GC(0) Pause Young (Normal) (G1 Evacuation Pause) 26M->4M(512M) 7.625ms
[2020-07-01T13:40:46.862+0000][7][gc,cpu       ] GC(0) User=0.01s Sys=0.00s Real=0.00s
[2020-07-01T13:40:46.863+0000][7][safepoint    ] Safepoint "G1CollectForAllocation", Time since last: 441046884 ns, Reaching safepoint: 187395 ns, At safepoint: 7977138 ns, Total: 8164533 ns
[2020-07-01T13:40:47.560+0000][7][safepoint    ] Safepoint "ICBufferFull", Time since last: 693171703 ns, Reaching safepoint: 4590756 ns, At safepoint: 34098 ns, Total: 4624854 ns
[2020-07-01T13:40:47.807+0000][7][gc,start     ] GC(1) Pause Young (Normal) (G1 Evacuation Pause)
[2020-07-01T13:40:47.807+0000][7][gc,task      ] GC(1) Using 8 workers of 8 for evacuation
[2020-07-01T13:40:47.808+0000][7][gc,age       ] GC(1) Desired survivor size 2621440 bytes, new threshold 1 (max threshold 15)
[2020-07-01T13:40:47.816+0000][7][gc,age       ] GC(1) Age table with threshold 1 (max threshold 15)
[2020-07-01T13:40:47.817+0000][7][gc,age       ] GC(1) - age   1:    2725688 bytes,    2725688 total
[2020-07-01T13:40:47.817+0000][7][gc,phases    ] GC(1)   Pre Evacuate Collection Set: 2.2ms
[2020-07-01T13:40:47.818+0000][7][gc,phases    ] GC(1)   Merge Heap Roots: 0.8ms
[2020-07-01T13:40:47.818+0000][7][gc,phases    ] GC(1)   Evacuate Collection Set: 4.9ms
[2020-07-01T13:40:47.818+0000][7][gc,phases    ] GC(1)   Post Evacuate Collection Set: 0.6ms
[2020-07-01T13:40:47.818+0000][7][gc,phases    ] GC(1)   Other: 1.9ms
[2020-07-01T13:40:47.819+0000][7][gc,heap      ] GC(1) Eden regions: 36->0(219)
[2020-07-01T13:40:47.821+0000][7][gc,heap      ] GC(1) Survivor regions: 3->3(5)
[2020-07-01T13:40:47.821+0000][7][gc,heap      ] GC(1) Old regions: 0->3
[2020-07-01T13:40:47.821+0000][7][gc,heap      ] GC(1) Archive regions: 2->2
[2020-07-01T13:40:47.822+0000][7][gc,heap      ] GC(1) Humongous regions: 1->1
[2020-07-01T13:40:47.822+0000][7][gc,metaspace ] GC(1) Metaspace: 12507K(13056K)->12507K(13056K) NonClass: 10984K(11264K)->10984K(11264K) Class: 1523K(1792K)->1523K(1792K)
[2020-07-01T13:40:47.822+0000][7][gc           ] GC(1) Pause Young (Normal) (G1 Evacuation Pause) 40M->7M(512M) 15.178ms
[2020-07-01T13:40:47.823+0000][7][gc,cpu       ] GC(1) User=0.01s Sys=0.00s Real=0.01s
[2020-07-01T13:40:47.823+0000][7][safepoint    ] Safepoint "G1CollectForAllocation", Time since last: 244052306 ns, Reaching safepoint: 2620340 ns, At safepoint: 15904679 ns, Total: 18525019 ns
[2020-07-01T13:40:47.828+0000][7][safepoint    ] Safepoint "BulkRevokeBias", Time since last: 1751098 ns, Reaching safepoint: 3039386 ns, At safepoint: 62960 ns, Total: 3102346 ns
[2020-07-01T13:40:48.412+0000][7][safepoint    ] Safepoint "ICBufferFull", Time since last: 583306158 ns, Reaching safepoint: 813671 ns, At safepoint: 22355 ns, Total: 836026 ns
[2020-07-01T13:40:48.771+0000][7][gc,start     ] GC(2) Pause Young (Normal) (G1 Evacuation Pause)
[2020-07-01T13:40:48.775+0000][7][gc,task      ] GC(2) Using 8 workers of 8 for evacuation
[2020-07-01T13:40:48.779+0000][7][gc,age       ] GC(2) Desired survivor size 14680064 bytes, new threshold 15 (max threshold 15)
[2020-07-01T13:40:48.821+0000][7][gc,age       ] GC(2) Age table with threshold 15 (max threshold 15)
[2020-07-01T13:40:48.823+0000][7][gc,age       ] GC(2) - age   1:    5808904 bytes,    5808904 total
[2020-07-01T13:40:48.823+0000][7][gc,age       ] GC(2) - age   2:    2589104 bytes,    8398008 total
[2020-07-01T13:40:48.831+0000][7][gc,phases    ] GC(2)   Pre Evacuate Collection Set: 3.2ms
[2020-07-01T13:40:48.835+0000][7][gc,phases    ] GC(2)   Merge Heap Roots: 3.3ms
[2020-07-01T13:40:48.837+0000][7][gc,phases    ] GC(2)   Evacuate Collection Set: 11.0ms
[2020-07-01T13:40:48.840+0000][7][gc,phases    ] GC(2)   Post Evacuate Collection Set: 24.0ms
[2020-07-01T13:40:48.844+0000][7][gc,phases    ] GC(2)   Other: 18.2ms
[2020-07-01T13:40:48.848+0000][7][gc,heap      ] GC(2) Eden regions: 219->0(298)
[2020-07-01T13:40:48.849+0000][7][gc,heap      ] GC(2) Survivor regions: 3->9(28)
[2020-07-01T13:40:48.850+0000][7][gc,heap      ] GC(2) Old regions: 3->3
[2020-07-01T13:40:48.851+0000][7][gc,heap      ] GC(2) Archive regions: 2->2
[2020-07-01T13:40:48.852+0000][7][gc,heap      ] GC(2) Humongous regions: 2->1
[2020-07-01T13:40:48.855+0000][7][gc,metaspace ] GC(2) Metaspace: 17342K(18432K)->17342K(18432K) NonClass: 15199K(15872K)->15199K(15872K) Class: 2143K(2560K)->2143K(2560K)
[2020-07-01T13:40:48.856+0000][7][gc           ] GC(2) Pause Young (Normal) (G1 Evacuation Pause) 227M->12M(512M) 84.745ms
[2020-07-01T13:40:48.856+0000][7][gc,cpu       ] GC(2) User=0.09s Sys=0.00s Real=0.09s
[2020-07-01T13:40:48.857+0000][7][safepoint    ] Safepoint "G1CollectForAllocation", Time since last: 358037869 ns, Reaching safepoint: 1137377 ns, At safepoint: 85475632 ns, Total: 86613009 ns
[2020-07-01T13:40:48.868+0000][7][safepoint    ] Safepoint "BulkRevokeBias", Time since last: 8486617 ns, Reaching safepoint: 2808315 ns, At safepoint: 143597 ns, Total: 2951912 ns
[2020-07-01T13:40:48.876+0000][7][safepoint    ] Safepoint "BulkRevokeBias", Time since last: 1048838 ns, Reaching safepoint: 6897603 ns, At safepoint: 104320 ns, Total: 7001923 ns
[2020-07-01T13:40:48.891+0000][7][safepoint    ] Safepoint "BulkRevokeBias", Time since last: 11656174 ns, Reaching safepoint: 3275804 ns, At safepoint: 105067 ns, Total: 3380871 ns
[2020-07-01T13:40:48.896+0000][7][safepoint    ] Safepoint "BulkRevokeBias", Time since last: 3570108 ns, Reaching safepoint: 1039022 ns, At safepoint: 105203 ns, Total: 1144225 ns
[2020-07-01T13:40:49.645+0000][7][gc,start     ] GC(3) Pause Young (Normal) (G1 Evacuation Pause)
[2020-07-01T13:40:49.646+0000][7][gc,task      ] GC(3) Using 8 workers of 8 for evacuation
[2020-07-01T13:40:49.646+0000][7][gc,age       ] GC(3) Desired survivor size 20447232 bytes, new threshold 15 (max threshold 15)
[2020-07-01T13:40:49.663+0000][7][gc,age       ] GC(3) Age table with threshold 15 (max threshold 15)
[2020-07-01T13:40:49.664+0000][7][gc,age       ] GC(3) - age   1:    3326408 bytes,    3326408 total
[2020-07-01T13:40:49.664+0000][7][gc,age       ] GC(3) - age   2:    5206952 bytes,    8533360 total
[2020-07-01T13:40:49.664+0000][7][gc,age       ] GC(3) - age   3:    2588624 bytes,   11121984 total
[2020-07-01T13:40:49.665+0000][7][gc,phases    ] GC(3)   Pre Evacuate Collection Set: 0.2ms
[2020-07-01T13:40:49.665+0000][7][gc,phases    ] GC(3)   Merge Heap Roots: 0.1ms
[2020-07-01T13:40:49.665+0000][7][gc,phases    ] GC(3)   Evacuate Collection Set: 15.4ms
[2020-07-01T13:40:49.665+0000][7][gc,phases    ] GC(3)   Post Evacuate Collection Set: 1.7ms
[2020-07-01T13:40:49.665+0000][7][gc,phases    ] GC(3)   Other: 2.1ms
[2020-07-01T13:40:49.666+0000][7][gc,heap      ] GC(3) Eden regions: 298->0(295)
[2020-07-01T13:40:49.666+0000][7][gc,heap      ] GC(3) Survivor regions: 9->12(39)
[2020-07-01T13:40:49.666+0000][7][gc,heap      ] GC(3) Old regions: 3->3
[2020-07-01T13:40:49.666+0000][7][gc,heap      ] GC(3) Archive regions: 2->2
[2020-07-01T13:40:49.667+0000][7][gc,heap      ] GC(3) Humongous regions: 1->1
[2020-07-01T13:40:49.667+0000][7][gc,metaspace ] GC(3) Metaspace: 18282K(19584K)->18282K(19584K) NonClass: 15997K(16896K)->15997K(16896K) Class: 2285K(2688K)->2285K(2688K)
[2020-07-01T13:40:49.667+0000][7][gc           ] GC(3) Pause Young (Normal) (G1 Evacuation Pause) 310M->15M(512M) 21.944ms
[2020-07-01T13:40:49.667+0000][7][gc,cpu       ] GC(3) User=0.03s Sys=0.00s Real=0.02s
[2020-07-01T13:40:49.668+0000][7][safepoint    ] Safepoint "G1CollectForAllocation", Time since last: 749141280 ns, Reaching safepoint: 178886 ns, At safepoint: 22444384 ns, Total: 22623270 ns
[2020-07-01T13:40:50.299+0000][7][gc,start     ] GC(4) Pause Young (Normal) (G1 Evacuation Pause)
[2020-07-01T13:40:50.300+0000][7][gc,task      ] GC(4) Using 8 workers of 8 for evacuation
[2020-07-01T13:40:50.300+0000][7][gc,age       ] GC(4) Desired survivor size 20447232 bytes, new threshold 15 (max threshold 15)
[2020-07-01T13:40:50.326+0000][7][gc,age       ] GC(4) Age table with threshold 15 (max threshold 15)
[2020-07-01T13:40:50.327+0000][7][gc,age       ] GC(4) - age   1:    4268736 bytes,    4268736 total
[2020-07-01T13:40:50.327+0000][7][gc,age       ] GC(4) - age   2:    3300416 bytes,    7569152 total
[2020-07-01T13:40:50.327+0000][7][gc,age       ] GC(4) - age   3:    5204600 bytes,   12773752 total
[2020-07-01T13:40:50.327+0000][7][gc,age       ] GC(4) - age   4:    2588048 bytes,   15361800 total
[2020-07-01T13:40:50.328+0000][7][gc,phases    ] GC(4)   Pre Evacuate Collection Set: 0.1ms
[2020-07-01T13:40:50.328+0000][7][gc,phases    ] GC(4)   Merge Heap Roots: 0.1ms
[2020-07-01T13:40:50.328+0000][7][gc,phases    ] GC(4)   Evacuate Collection Set: 22.3ms
[2020-07-01T13:40:50.328+0000][7][gc,phases    ] GC(4)   Post Evacuate Collection Set: 3.4ms
[2020-07-01T13:40:50.328+0000][7][gc,phases    ] GC(4)   Other: 2.2ms
[2020-07-01T13:40:50.329+0000][7][gc,heap      ] GC(4) Eden regions: 295->0(291)
[2020-07-01T13:40:50.329+0000][7][gc,heap      ] GC(4) Survivor regions: 12->16(39)
[2020-07-01T13:40:50.329+0000][7][gc,heap      ] GC(4) Old regions: 3->3
[2020-07-01T13:40:50.329+0000][7][gc,heap      ] GC(4) Archive regions: 2->2
[2020-07-01T13:40:50.330+0000][7][gc,heap      ] GC(4) Humongous regions: 1->1
[2020-07-01T13:40:50.330+0000][7][gc,metaspace ] GC(4) Metaspace: 19608K(20992K)->19608K(20992K) NonClass: 17189K(18176K)->17189K(18176K) Class: 2419K(2816K)->2419K(2816K)
[2020-07-01T13:40:50.330+0000][7][gc           ] GC(4) Pause Young (Normal) (G1 Evacuation Pause) 310M->19M(512M) 30.601ms
[2020-07-01T13:40:50.330+0000][7][gc,cpu       ] GC(4) User=0.06s Sys=0.00s Real=0.03s
[2020-07-01T13:40:50.331+0000][7][safepoint    ] Safepoint "G1CollectForAllocation", Time since last: 631674432 ns, Reaching safepoint: 153202 ns, At safepoint: 31137087 ns, Total: 31290289 ns
[2020-07-01T13:40:50.368+0000][7][safepoint    ] Safepoint "BulkRevokeBias", Time since last: 37660220 ns, Reaching safepoint: 213476 ns, At safepoint: 53030 ns, Total: 266506 ns
[2020-07-01T13:40:50.369+0000][7][safepoint    ] Safepoint "BulkRevokeBias", Time since last: 367627 ns, Reaching safepoint: 190743 ns, At safepoint: 53007 ns, Total: 243750 ns
[2020-07-01T13:40:50.622+0000][7][gc,start     ] GC(5) Pause Young (Concurrent Start) (Metadata GC Threshold)
[2020-07-01T13:40:50.622+0000][7][gc,task      ] GC(5) Using 8 workers of 8 for evacuation
[2020-07-01T13:40:50.625+0000][7][gc,age       ] GC(5) Desired survivor size 20447232 bytes, new threshold 15 (max threshold 15)
[2020-07-01T13:40:50.652+0000][7][gc,age       ] GC(5) Age table with threshold 15 (max threshold 15)
[2020-07-01T13:40:50.652+0000][7][gc,age       ] GC(5) - age   1:     401552 bytes,     401552 total
[2020-07-01T13:40:50.653+0000][7][gc,age       ] GC(5) - age   2:    2389280 bytes,    2790832 total
[2020-07-01T13:40:50.654+0000][7][gc,age       ] GC(5) - age   3:    3300008 bytes,    6090840 total
[2020-07-01T13:40:50.656+0000][7][gc,age       ] GC(5) - age   4:    5204600 bytes,   11295440 total
[2020-07-01T13:40:50.656+0000][7][gc,age       ] GC(5) - age   5:    2587952 bytes,   13883392 total
[2020-07-01T13:40:50.660+0000][7][gc,phases    ] GC(5)   Pre Evacuate Collection Set: 3.9ms
[2020-07-01T13:40:50.664+0000][7][gc,phases    ] GC(5)   Merge Heap Roots: 4.0ms
[2020-07-01T13:40:50.666+0000][7][gc,phases    ] GC(5)   Evacuate Collection Set: 13.8ms
[2020-07-01T13:40:50.667+0000][7][gc,phases    ] GC(5)   Post Evacuate Collection Set: 1.3ms
[2020-07-01T13:40:50.668+0000][7][gc,phases    ] GC(5)   Other: 14.9ms
[2020-07-01T13:40:50.670+0000][7][gc,heap      ] GC(5) Eden regions: 116->0(292)
[2020-07-01T13:40:50.673+0000][7][gc,heap      ] GC(5) Survivor regions: 16->15(39)
[2020-07-01T13:40:50.674+0000][7][gc,heap      ] GC(5) Old regions: 3->3
[2020-07-01T13:40:50.674+0000][7][gc,heap      ] GC(5) Archive regions: 2->2
[2020-07-01T13:40:50.676+0000][7][gc,heap      ] GC(5) Humongous regions: 1->1
[2020-07-01T13:40:50.680+0000][7][gc,metaspace ] GC(5) Metaspace: 19788K(21248K)->19788K(21248K) NonClass: 17334K(18432K)->17334K(18432K) Class: 2453K(2816K)->2453K(2816K)
[2020-07-01T13:40:50.681+0000][7][gc           ] GC(5) Pause Young (Concurrent Start) (Metadata GC Threshold) 135M->18M(512M) 59.281ms
[2020-07-01T13:40:50.682+0000][7][gc,cpu       ] GC(5) User=0.03s Sys=0.00s Real=0.06s
[2020-07-01T13:40:50.682+0000][7][safepoint    ] Safepoint "CollectForMetadataAllocation", Time since last: 251737490 ns, Reaching safepoint: 1093660 ns, At safepoint: 60368080 ns, Total: 61461740 ns
[2020-07-01T13:40:50.682+0000][7][gc           ] GC(6) Concurrent Cycle
[2020-07-01T13:40:50.683+0000][7][gc,marking   ] GC(6) Concurrent Clear Claimed Marks
[2020-07-01T13:40:50.684+0000][7][gc,marking   ] GC(6) Concurrent Clear Claimed Marks 1.199ms
[2020-07-01T13:40:50.685+0000][7][gc,marking   ] GC(6) Concurrent Scan Root Regions
[2020-07-01T13:40:50.688+0000][7][gc,marking   ] GC(6) Concurrent Scan Root Regions 2.878ms
[2020-07-01T13:40:50.688+0000][7][gc,marking   ] GC(6) Concurrent Mark (4.499s)
[2020-07-01T13:40:50.688+0000][7][gc,marking   ] GC(6) Concurrent Mark From Roots
[2020-07-01T13:40:50.689+0000][7][gc,task      ] GC(6) Using 2 workers of 2 for marking
[2020-07-01T13:40:50.693+0000][7][gc,marking   ] GC(6) Concurrent Mark From Roots 4.980ms
[2020-07-01T13:40:50.694+0000][7][gc,marking   ] GC(6) Concurrent Preclean
[2020-07-01T13:40:50.694+0000][7][gc,marking   ] GC(6) Concurrent Preclean 0.429ms
[2020-07-01T13:40:50.694+0000][7][gc,marking   ] GC(6) Concurrent Mark (4.499s, 4.505s) 6.173ms
[2020-07-01T13:40:50.695+0000][7][gc,start     ] GC(6) Pause Remark
[2020-07-01T13:40:50.705+0000][7][gc           ] GC(6) Pause Remark 28M->28M(512M) 10.104ms
[2020-07-01T13:40:50.706+0000][7][gc,cpu       ] GC(6) User=0.00s Sys=0.00s Real=0.01s
[2020-07-01T13:40:50.706+0000][7][safepoint    ] Safepoint "G1Concurrent", Time since last: 12445546 ns, Reaching safepoint: 152768 ns, At safepoint: 11079238 ns, Total: 11232006 ns
[2020-07-01T13:40:50.712+0000][7][gc,marking   ] GC(6) Concurrent Rebuild Remembered Sets
[2020-07-01T13:40:50.716+0000][7][gc,marking   ] GC(6) Concurrent Rebuild Remembered Sets 3.880ms
[2020-07-01T13:40:50.723+0000][7][gc,start     ] GC(6) Pause Cleanup
[2020-07-01T13:40:50.724+0000][7][gc           ] GC(6) Pause Cleanup 31M->31M(512M) 0.614ms
[2020-07-01T13:40:50.728+0000][7][gc,cpu       ] GC(6) User=0.00s Sys=0.00s Real=0.01s
[2020-07-01T13:40:50.731+0000][7][safepoint    ] Safepoint "G1Concurrent", Time since last: 15993558 ns, Reaching safepoint: 1429594 ns, At safepoint: 7661061 ns, Total: 9090655 ns
[2020-07-01T13:40:50.731+0000][7][gc,marking   ] GC(6) Concurrent Cleanup for Next Mark
[2020-07-01T13:40:50.733+0000][7][gc,marking   ] GC(6) Concurrent Cleanup for Next Mark 1.171ms
[2020-07-01T13:40:50.733+0000][7][gc           ] GC(6) Concurrent Cycle 50.570ms
[2020-07-01T13:40:51.685+0000][7][safepoint    ] Safepoint "ICBufferFull", Time since last: 953409396 ns, Reaching safepoint: 354330 ns, At safepoint: 5968 ns, Total: 360298 ns
[2020-07-01T13:40:52.294+0000][7][gc,start     ] GC(7) Pause Young (Normal) (G1 Evacuation Pause)
[2020-07-01T13:40:52.294+0000][7][gc,task      ] GC(7) Using 8 workers of 8 for evacuation
[2020-07-01T13:40:52.294+0000][7][gc,age       ] GC(7) Desired survivor size 20447232 bytes, new threshold 15 (max threshold 15)
[2020-07-01T13:40:52.310+0000][7][gc,age       ] GC(7) Age table with threshold 15 (max threshold 15)
[2020-07-01T13:40:52.311+0000][7][gc,age       ] GC(7) - age   1:   10851304 bytes,   10851304 total
[2020-07-01T13:40:52.311+0000][7][gc,age       ] GC(7) - age   2:     372968 bytes,   11224272 total
[2020-07-01T13:40:52.315+0000][7][gc,age       ] GC(7) - age   3:    2371992 bytes,   13596264 total
[2020-07-01T13:40:52.315+0000][7][gc,age       ] GC(7) - age   4:    3270520 bytes,   16866784 total
[2020-07-01T13:40:52.316+0000][7][gc,age       ] GC(7) - age   5:    5120512 bytes,   21987296 total
[2020-07-01T13:40:52.316+0000][7][gc,age       ] GC(7) - age   6:    2573104 bytes,   24560400 total
[2020-07-01T13:40:52.317+0000][7][gc,phases    ] GC(7)   Pre Evacuate Collection Set: 0.1ms
[2020-07-01T13:40:52.317+0000][7][gc,phases    ] GC(7)   Merge Heap Roots: 0.2ms
[2020-07-01T13:40:52.317+0000][7][gc,phases    ] GC(7)   Evacuate Collection Set: 11.7ms
[2020-07-01T13:40:52.318+0000][7][gc,phases    ] GC(7)   Post Evacuate Collection Set: 3.6ms
[2020-07-01T13:40:52.318+0000][7][gc,phases    ] GC(7)   Other: 7.3ms
[2020-07-01T13:40:52.318+0000][7][gc,heap      ] GC(7) Eden regions: 292->0(282)
[2020-07-01T13:40:52.318+0000][7][gc,heap      ] GC(7) Survivor regions: 15->25(39)
[2020-07-01T13:40:52.319+0000][7][gc,heap      ] GC(7) Old regions: 3->3
[2020-07-01T13:40:52.319+0000][7][gc,heap      ] GC(7) Archive regions: 2->2
[2020-07-01T13:40:52.319+0000][7][gc,heap      ] GC(7) Humongous regions: 1->1
[2020-07-01T13:40:52.319+0000][7][gc,metaspace ] GC(7) Metaspace: 28243K(31104K)->28243K(31104K) NonClass: 24616K(26624K)->24616K(26624K) Class: 3626K(4480K)->3626K(4480K)
[2020-07-01T13:40:52.320+0000][7][gc           ] GC(7) Pause Young (Normal) (G1 Evacuation Pause) 310M->28M(512M) 25.885ms
[2020-07-01T13:40:52.320+0000][7][gc,cpu       ] GC(7) User=0.06s Sys=0.01s Real=0.03s
[2020-07-01T13:40:52.320+0000][7][safepoint    ] Safepoint "G1CollectForAllocation", Time since last: 608505124 ns, Reaching safepoint: 262795 ns, At safepoint: 26427423 ns, Total: 26690218 ns
[2020-07-01T13:40:53.324+0000][7][safepoint    ] Safepoint "Cleanup", Time since last: 1002913506 ns, Reaching safepoint: 1412491 ns, At safepoint: 45905 ns, Total: 1458396 ns
[2020-07-01T13:40:53.677+0000][7][gc,start     ] GC(8) Pause Young (Concurrent Start) (Metadata GC Threshold)
[2020-07-01T13:40:53.677+0000][7][gc,task      ] GC(8) Using 8 workers of 8 for evacuation
[2020-07-01T13:40:53.678+0000][7][gc,age       ] GC(8) Desired survivor size 20447232 bytes, new threshold 5 (max threshold 15)
[2020-07-01T13:40:53.719+0000][7][gc,age       ] GC(8) Age table with threshold 5 (max threshold 15)
[2020-07-01T13:40:53.720+0000][7][gc,age       ] GC(8) - age   1:   18974096 bytes,   18974096 total
[2020-07-01T13:40:53.720+0000][7][gc,age       ] GC(8) - age   2:   10503376 bytes,   29477472 total
[2020-07-01T13:40:53.720+0000][7][gc,age       ] GC(8) - age   3:     372968 bytes,   29850440 total
[2020-07-01T13:40:53.721+0000][7][gc,age       ] GC(8) - age   4:    2366672 bytes,   32217112 total
[2020-07-01T13:40:53.721+0000][7][gc,age       ] GC(8) - age   5:    3269432 bytes,   35486544 total
[2020-07-01T13:40:53.721+0000][7][gc,phases    ] GC(8)   Pre Evacuate Collection Set: 0.3ms
[2020-07-01T13:40:53.721+0000][7][gc,phases    ] GC(8)   Merge Heap Roots: 0.1ms
[2020-07-01T13:40:53.722+0000][7][gc,phases    ] GC(8)   Evacuate Collection Set: 35.5ms
[2020-07-01T13:40:53.722+0000][7][gc,phases    ] GC(8)   Post Evacuate Collection Set: 5.4ms
[2020-07-01T13:40:53.722+0000][7][gc,phases    ] GC(8)   Other: 2.7ms
[2020-07-01T13:40:53.722+0000][7][gc,heap      ] GC(8) Eden regions: 172->0(271)
[2020-07-01T13:40:53.723+0000][7][gc,heap      ] GC(8) Survivor regions: 25->36(39)
[2020-07-01T13:40:53.723+0000][7][gc,heap      ] GC(8) Old regions: 3->11
[2020-07-01T13:40:53.723+0000][7][gc,heap      ] GC(8) Archive regions: 2->2
[2020-07-01T13:40:53.723+0000][7][gc,heap      ] GC(8) Humongous regions: 1->1
[2020-07-01T13:40:53.724+0000][7][gc,metaspace ] GC(8) Metaspace: 32708K(35840K)->32708K(35840K) NonClass: 28402K(30464K)->28402K(30464K) Class: 4305K(5376K)->4305K(5376K)
[2020-07-01T13:40:53.724+0000][7][gc           ] GC(8) Pause Young (Concurrent Start) (Metadata GC Threshold) 200M->47M(512M) 46.769ms
[2020-07-01T13:40:53.724+0000][7][gc,cpu       ] GC(8) User=0.09s Sys=0.00s Real=0.05s
[2020-07-01T13:40:53.725+0000][7][safepoint    ] Safepoint "CollectForMetadataAllocation", Time since last: 352533717 ns, Reaching safepoint: 132836 ns, At safepoint: 47462315 ns, Total: 47595151 ns
[2020-07-01T13:40:53.725+0000][7][gc           ] GC(9) Concurrent Cycle
[2020-07-01T13:40:53.731+0000][7][gc,marking   ] GC(9) Concurrent Clear Claimed Marks
[2020-07-01T13:40:53.734+0000][7][gc,marking   ] GC(9) Concurrent Clear Claimed Marks 3.313ms
[2020-07-01T13:40:53.736+0000][7][gc,marking   ] GC(9) Concurrent Scan Root Regions
[2020-07-01T13:40:53.756+0000][7][gc,marking   ] GC(9) Concurrent Scan Root Regions 19.829ms
[2020-07-01T13:40:53.759+0000][7][gc,marking   ] GC(9) Concurrent Mark (7.569s)
[2020-07-01T13:40:53.761+0000][7][gc,marking   ] GC(9) Concurrent Mark From Roots
[2020-07-01T13:40:53.767+0000][7][gc,task      ] GC(9) Using 2 workers of 2 for marking
[2020-07-01T13:40:53.773+0000][7][gc,marking   ] GC(9) Concurrent Mark From Roots 11.886ms
[2020-07-01T13:40:53.775+0000][7][gc,marking   ] GC(9) Concurrent Preclean
[2020-07-01T13:40:53.776+0000][7][gc,marking   ] GC(9) Concurrent Preclean 1.047ms
[2020-07-01T13:40:53.776+0000][7][gc,marking   ] GC(9) Concurrent Mark (7.569s, 7.587s) 17.327ms
[2020-07-01T13:40:53.777+0000][7][safepoint    ] Safepoint "CollectForMetadataAllocation", Time since last: 52095319 ns, Reaching safepoint: 81832 ns, At safepoint: 146348 ns, Total: 228180 ns
[2020-07-01T13:40:53.777+0000][7][gc,start     ] GC(9) Pause Remark
[2020-07-01T13:40:53.783+0000][7][gc           ] GC(9) Pause Remark 49M->49M(512M) 5.884ms
[2020-07-01T13:40:53.784+0000][7][gc,cpu       ] GC(9) User=0.01s Sys=0.00s Real=0.00s
[2020-07-01T13:40:53.784+0000][7][safepoint    ] Safepoint "G1Concurrent", Time since last: 366732 ns, Reaching safepoint: 202890 ns, At safepoint: 6618871 ns, Total: 6821761 ns
[2020-07-01T13:40:53.784+0000][7][gc,marking   ] GC(9) Concurrent Rebuild Remembered Sets
[2020-07-01T13:40:53.789+0000][7][gc,marking   ] GC(9) Concurrent Rebuild Remembered Sets 4.166ms
[2020-07-01T13:40:53.790+0000][7][gc,start     ] GC(9) Pause Cleanup
[2020-07-01T13:40:53.790+0000][7][gc           ] GC(9) Pause Cleanup 50M->50M(512M) 0.552ms
[2020-07-01T13:40:53.791+0000][7][gc,cpu       ] GC(9) User=0.00s Sys=0.00s Real=0.00s
[2020-07-01T13:40:53.791+0000][7][safepoint    ] Safepoint "G1Concurrent", Time since last: 4929195 ns, Reaching safepoint: 810557 ns, At safepoint: 1200831 ns, Total: 2011388 ns
[2020-07-01T13:40:53.791+0000][7][gc,marking   ] GC(9) Concurrent Cleanup for Next Mark
[2020-07-01T13:40:53.792+0000][7][gc,marking   ] GC(9) Concurrent Cleanup for Next Mark 1.056ms
[2020-07-01T13:40:53.793+0000][7][gc           ] GC(9) Concurrent Cycle 67.951ms
[2020-07-01T13:40:54.663+0000][7][safepoint    ] Safepoint "ICBufferFull", Time since last: 872104619 ns, Reaching safepoint: 223016 ns, At safepoint: 19288 ns, Total: 242304 ns
[2020-07-01T13:40:55.717+0000][7][safepoint    ] Safepoint "ICBufferFull", Time since last: 1053016352 ns, Reaching safepoint: 248626 ns, At safepoint: 5485 ns, Total: 254111 ns
[2020-07-01T13:40:56.025+0000][7][safepoint    ] Safepoint "BulkRevokeBias", Time since last: 307712284 ns, Reaching safepoint: 739715 ns, At safepoint: 130489 ns, Total: 870204 ns
[2020-07-01T13:40:56.043+0000][7][safepoint    ] Safepoint "BulkRevokeBias", Time since last: 17171178 ns, Reaching safepoint: 279254 ns, At safepoint: 78595 ns, Total: 357849 ns
[2020-07-01T13:40:56.047+0000][7][safepoint    ] Safepoint "BulkRevokeBias", Time since last: 3936770 ns, Reaching safepoint: 494435 ns, At safepoint: 77334 ns, Total: 571769 ns
[2020-07-01T13:40:56.050+0000][7][safepoint    ] Safepoint "BulkRevokeBias", Time since last: 2416664 ns, Reaching safepoint: 620523 ns, At safepoint: 97474 ns, Total: 717997 ns
[2020-07-01T13:40:56.116+0000][7][gc,start     ] GC(10) Pause Young (Concurrent Start) (G1 Evacuation Pause)
[2020-07-01T13:40:56.116+0000][7][gc,task      ] GC(10) Using 8 workers of 8 for evacuation
[2020-07-01T13:40:56.117+0000][7][gc,age       ] GC(10) Desired survivor size 20447232 bytes, new threshold 2 (max threshold 15)
[2020-07-01T13:40:56.151+0000][7][gc,age       ] GC(10) Age table with threshold 2 (max threshold 15)
[2020-07-01T13:40:56.152+0000][7][gc,age       ] GC(10) - age   1:    8675352 bytes,    8675352 total
[2020-07-01T13:40:56.152+0000][7][gc,age       ] GC(10) - age   2:   18876552 bytes,   27551904 total
[2020-07-01T13:40:56.152+0000][7][gc,phases    ] GC(10)   Pre Evacuate Collection Set: 4.0ms
[2020-07-01T13:40:56.152+0000][7][gc,phases    ] GC(10)   Merge Heap Roots: 0.7ms
[2020-07-01T13:40:56.153+0000][7][gc,phases    ] GC(10)   Evacuate Collection Set: 21.9ms
[2020-07-01T13:40:56.153+0000][7][gc,phases    ] GC(10)   Post Evacuate Collection Set: 3.4ms
[2020-07-01T13:40:56.153+0000][7][gc,phases    ] GC(10)   Other: 6.3ms
[2020-07-01T13:40:56.153+0000][7][gc,heap      ] GC(10) Eden regions: 271->0(279)
[2020-07-01T13:40:56.154+0000][7][gc,heap      ] GC(10) Survivor regions: 36->28(39)
[2020-07-01T13:40:56.154+0000][7][gc,heap      ] GC(10) Old regions: 11->27
[2020-07-01T13:40:56.154+0000][7][gc,heap      ] GC(10) Archive regions: 2->2
[2020-07-01T13:40:56.154+0000][7][gc,heap      ] GC(10) Humongous regions: 1->1
[2020-07-01T13:40:56.154+0000][7][gc,metaspace ] GC(10) Metaspace: 53333K(58368K)->53333K(58368K) NonClass: 46071K(49152K)->46071K(49152K) Class: 7261K(9216K)->7261K(9216K)
[2020-07-01T13:40:56.155+0000][7][gc           ] GC(10) Pause Young (Concurrent Start) (G1 Evacuation Pause) 318M->55M(512M) 38.706ms
[2020-07-01T13:40:56.155+0000][7][gc,cpu       ] GC(10) User=0.08s Sys=0.00s Real=0.04s
[2020-07-01T13:40:56.155+0000][7][safepoint    ] Safepoint "G1CollectForAllocation", Time since last: 65371956 ns, Reaching safepoint: 144094 ns, At safepoint: 39258133 ns, Total: 39402227 ns
[2020-07-01T13:40:56.155+0000][7][gc           ] GC(11) Concurrent Cycle
[2020-07-01T13:40:56.157+0000][7][gc,marking   ] GC(11) Concurrent Clear Claimed Marks
[2020-07-01T13:40:56.159+0000][7][gc,marking   ] GC(11) Concurrent Clear Claimed Marks 1.926ms
[2020-07-01T13:40:56.160+0000][7][gc,marking   ] GC(11) Concurrent Scan Root Regions
[2020-07-01T13:40:56.173+0000][7][gc,marking   ] GC(11) Concurrent Scan Root Regions 12.987ms
[2020-07-01T13:40:56.173+0000][7][gc,marking   ] GC(11) Concurrent Mark (9.984s)
[2020-07-01T13:40:56.174+0000][7][gc,marking   ] GC(11) Concurrent Mark From Roots
[2020-07-01T13:40:56.174+0000][7][gc,task      ] GC(11) Using 2 workers of 2 for marking
[2020-07-01T13:40:56.182+0000][7][gc,marking   ] GC(11) Concurrent Mark From Roots 7.779ms
[2020-07-01T13:40:56.182+0000][7][gc,marking   ] GC(11) Concurrent Preclean
[2020-07-01T13:40:56.182+0000][7][gc,marking   ] GC(11) Concurrent Preclean 0.432ms
[2020-07-01T13:40:56.183+0000][7][gc,marking   ] GC(11) Concurrent Mark (9.984s, 9.993s) 9.256ms
[2020-07-01T13:40:56.183+0000][7][gc,start     ] GC(11) Pause Remark
[2020-07-01T13:40:56.187+0000][7][gc           ] GC(11) Pause Remark 60M->60M(512M) 3.556ms
[2020-07-01T13:40:56.187+0000][7][gc,cpu       ] GC(11) User=0.01s Sys=0.00s Real=0.01s
[2020-07-01T13:40:56.187+0000][7][safepoint    ] Safepoint "G1Concurrent", Time since last: 27771787 ns, Reaching safepoint: 232007 ns, At safepoint: 4205951 ns, Total: 4437958 ns
[2020-07-01T13:40:56.188+0000][7][gc,marking   ] GC(11) Concurrent Rebuild Remembered Sets
[2020-07-01T13:40:56.200+0000][7][gc,marking   ] GC(11) Concurrent Rebuild Remembered Sets 11.943ms
[2020-07-01T13:40:56.201+0000][7][gc,start     ] GC(11) Pause Cleanup
[2020-07-01T13:40:56.202+0000][7][gc           ] GC(11) Pause Cleanup 63M->63M(512M) 0.557ms
[2020-07-01T13:40:56.207+0000][7][gc,cpu       ] GC(11) User=0.00s Sys=0.00s Real=0.01s
[2020-07-01T13:40:56.211+0000][7][safepoint    ] Safepoint "G1Concurrent", Time since last: 12790046 ns, Reaching safepoint: 892356 ns, At safepoint: 9973726 ns, Total: 10866082 ns
[2020-07-01T13:40:56.212+0000][7][gc,marking   ] GC(11) Concurrent Cleanup for Next Mark
[2020-07-01T13:40:56.216+0000][7][gc,marking   ] GC(11) Concurrent Cleanup for Next Mark 3.964ms
[2020-07-01T13:40:56.216+0000][7][gc           ] GC(11) Concurrent Cycle 61.319ms
[2020-07-01T13:40:57.236+0000][7][safepoint    ] Safepoint "Cleanup", Time since last: 1023118576 ns, Reaching safepoint: 1703994 ns, At safepoint: 35817 ns, Total: 1739811 ns
[2020-07-01T13:40:58.231+0000][7][safepoint    ] Safepoint "BulkRevokeBias", Time since last: 994424725 ns, Reaching safepoint: 749829 ns, At safepoint: 147635 ns, Total: 897464 ns
[2020-07-01T13:40:58.988+0000][7][safepoint    ] Safepoint "BulkRevokeBias", Time since last: 753622348 ns, Reaching safepoint: 2378727 ns, At safepoint: 365974 ns, Total: 2744701 ns
[2020-07-01T13:40:58.990+0000][7][safepoint    ] Safepoint "BulkRevokeBias", Time since last: 1536610 ns, Reaching safepoint: 946746 ns, At safepoint: 339688 ns, Total: 1286434 ns
[2020-07-01T13:40:59.069+0000][7][safepoint    ] Safepoint "BulkRevokeBias", Time since last: 77909767 ns, Reaching safepoint: 546280 ns, At safepoint: 652338 ns, Total: 1198618 ns
[2020-07-01T13:40:59.076+0000][7][safepoint    ] Safepoint "BulkRevokeBias", Time since last: 1934019 ns, Reaching safepoint: 662786 ns, At safepoint: 3531802 ns, Total: 4194588 ns
[2020-07-01T13:40:59.083+0000][7][safepoint    ] Safepoint "BulkRevokeBias", Time since last: 7351597 ns, Reaching safepoint: 190098 ns, At safepoint: 245847 ns, Total: 435945 ns
[2020-07-01T13:40:59.796+0000][7][gc,start     ] GC(12) Pause Young (Normal) (G1 Evacuation Pause)
[2020-07-01T13:40:59.797+0000][7][gc,task      ] GC(12) Using 8 workers of 8 for evacuation
[2020-07-01T13:40:59.797+0000][7][gc,age       ] GC(12) Desired survivor size 20447232 bytes, new threshold 2 (max threshold 15)
[2020-07-01T13:40:59.828+0000][7][gc,age       ] GC(12) Age table with threshold 2 (max threshold 15)
[2020-07-01T13:40:59.828+0000][7][gc,age       ] GC(12) - age   1:    7821976 bytes,    7821976 total
[2020-07-01T13:40:59.829+0000][7][gc,age       ] GC(12) - age   2:    8240864 bytes,   16062840 total
[2020-07-01T13:40:59.829+0000][7][gc,phases    ] GC(12)   Pre Evacuate Collection Set: 0.2ms
[2020-07-01T13:40:59.829+0000][7][gc,phases    ] GC(12)   Merge Heap Roots: 0.2ms
[2020-07-01T13:40:59.830+0000][7][gc,phases    ] GC(12)   Evacuate Collection Set: 28.3ms
[2020-07-01T13:40:59.830+0000][7][gc,phases    ] GC(12)   Post Evacuate Collection Set: 1.8ms
[2020-07-01T13:40:59.830+0000][7][gc,phases    ] GC(12)   Other: 1.9ms
[2020-07-01T13:40:59.831+0000][7][gc,heap      ] GC(12) Eden regions: 279->0(286)
[2020-07-01T13:40:59.831+0000][7][gc,heap      ] GC(12) Survivor regions: 28->18(39)
[2020-07-01T13:40:59.831+0000][7][gc,heap      ] GC(12) Old regions: 27->45
[2020-07-01T13:40:59.831+0000][7][gc,heap      ] GC(12) Archive regions: 2->2
[2020-07-01T13:40:59.832+0000][7][gc,heap      ] GC(12) Humongous regions: 1->1
[2020-07-01T13:40:59.832+0000][7][gc,metaspace ] GC(12) Metaspace: 76202K(82432K)->76202K(82432K) NonClass: 65782K(69376K)->65782K(69376K) Class: 10419K(13056K)->10419K(13056K)
[2020-07-01T13:40:59.832+0000][7][gc           ] GC(12) Pause Young (Normal) (G1 Evacuation Pause) 334M->64M(512M) 35.812ms
[2020-07-01T13:40:59.833+0000][7][gc,cpu       ] GC(12) User=0.09s Sys=0.01s Real=0.03s
[2020-07-01T13:40:59.833+0000][7][safepoint    ] Safepoint "G1CollectForAllocation", Time since last: 712485426 ns, Reaching safepoint: 539706 ns, At safepoint: 36404054 ns, Total: 36943760 ns
[2020-07-01T13:41:00.863+0000][7][safepoint    ] Safepoint "Cleanup", Time since last: 1030014547 ns, Reaching safepoint: 252787 ns, At safepoint: 8198 ns, Total: 260985 ns
[2020-07-01T13:41:01.864+0000][7][safepoint    ] Safepoint "Cleanup", Time since last: 1000668092 ns, Reaching safepoint: 272476 ns, At safepoint: 8347 ns, Total: 280823 ns
[2020-07-01T13:41:02.865+0000][7][safepoint    ] Safepoint "Cleanup", Time since last: 1000386324 ns, Reaching safepoint: 202121 ns, At safepoint: 2244 ns, Total: 204365 ns
[2020-07-01T13:41:04.208+0000][7][safepoint    ] Safepoint "Cleanup", Time since last: 1343359751 ns, Reaching safepoint: 194298 ns, At safepoint: 3497 ns, Total: 197795 ns
[2020-07-01T13:41:04.214+0000][7][safepoint    ] Safepoint "BulkRevokeBias", Time since last: 5361768 ns, Reaching safepoint: 149990 ns, At safepoint: 252517 ns, Total: 402507 ns
[2020-07-01T13:41:04.305+0000][7][safepoint    ] Safepoint "BulkRevokeBias", Time since last: 90998425 ns, Reaching safepoint: 121044 ns, At safepoint: 266852 ns, Total: 387896 ns
[2020-07-01T13:41:05.316+0000][7][safepoint    ] Safepoint "Cleanup", Time since last: 1010093769 ns, Reaching safepoint: 146639 ns, At safepoint: 2610 ns, Total: 149249 ns
[2020-07-01T13:41:06.317+0000][7][safepoint    ] Safepoint "Cleanup", Time since last: 1000894482 ns, Reaching safepoint: 292888 ns, At safepoint: 6872 ns, Total: 299760 ns
[2020-07-01T13:41:07.318+0000][7][safepoint    ] Safepoint "Cleanup", Time since last: 1000747918 ns, Reaching safepoint: 326650 ns, At safepoint: 5426 ns, Total: 332076 ns
[2020-07-01T13:41:08.319+0000][7][safepoint    ] Safepoint "Cleanup", Time since last: 1000735452 ns, Reaching safepoint: 165287 ns, At safepoint: 2289 ns, Total: 167576 ns
[2020-07-01T13:41:09.319+0000][7][safepoint    ] Safepoint "Cleanup", Time since last: 1000529017 ns, Reaching safepoint: 175545 ns, At safepoint: 1815 ns, Total: 177360 ns
[2020-07-01T13:41:10.320+0000][7][safepoint    ] Safepoint "Cleanup", Time since last: 1000465795 ns, Reaching safepoint: 139443 ns, At safepoint: 6033 ns, Total: 145476 ns
[2020-07-01T13:41:11.321+0000][7][safepoint    ] Safepoint "Cleanup", Time since last: 1000755794 ns, Reaching safepoint: 256269 ns, At safepoint: 22159 ns, Total: 278428 ns
[2020-07-01T13:41:12.322+0000][7][safepoint    ] Safepoint "Cleanup", Time since last: 1000807191 ns, Reaching safepoint: 249571 ns, At safepoint: 9464 ns, Total: 259035 ns
[2020-07-01T13:41:13.323+0000][7][safepoint    ] Safepoint "Cleanup", Time since last: 1000818726 ns, Reaching safepoint: 166731 ns, At safepoint: 2500 ns, Total: 169231 ns
[2020-07-01T13:41:14.324+0000][7][safepoint    ] Safepoint "Cleanup", Time since last: 1000686786 ns, Reaching safepoint: 122420 ns, At safepoint: 2439 ns, Total: 124859 ns
[2020-07-01T13:41:15.325+0000][7][safepoint    ] Safepoint "Cleanup", Time since last: 1000572227 ns, Reaching safepoint: 134567 ns, At safepoint: 2247 ns, Total: 136814 ns
[2020-07-01T13:41:16.326+0000][7][safepoint    ] Safepoint "Cleanup", Time since last: 1000655163 ns, Reaching safepoint: 152762 ns, At safepoint: 2212 ns, Total: 154974 ns
[2020-07-01T13:41:17.326+0000][7][safepoint    ] Safepoint "Cleanup", Time since last: 1000707137 ns, Reaching safepoint: 162746 ns, At safepoint: 6476 ns, Total: 169222 ns
[2020-07-01T13:41:18.327+0000][7][safepoint    ] Safepoint "Cleanup", Time since last: 1000592924 ns, Reaching safepoint: 212649 ns, At safepoint: 2640 ns, Total: 215289 ns
[2020-07-01T13:41:19.493+0000][7][safepoint    ] Safepoint "Cleanup", Time since last: 1165378045 ns, Reaching safepoint: 281447 ns, At safepoint: 4701 ns, Total: 286148 ns
[2020-07-01T13:41:20.210+0000][7][safepoint    ] Safepoint "ICBufferFull", Time since last: 716620348 ns, Reaching safepoint: 247814 ns, At safepoint: 8952 ns, Total: 256766 ns
[2020-07-01T13:41:20.416+0000][7][gc,start     ] GC(13) Pause Young (Normal) (G1 Evacuation Pause)
[2020-07-01T13:41:20.416+0000][7][gc,task      ] GC(13) Using 8 workers of 8 for evacuation
[2020-07-01T13:41:20.417+0000][7][gc,age       ] GC(13) Desired survivor size 19922944 bytes, new threshold 15 (max threshold 15)
[2020-07-01T13:41:20.433+0000][7][gc,age       ] GC(13) Age table with threshold 15 (max threshold 15)
[2020-07-01T13:41:20.433+0000][7][gc,age       ] GC(13) - age   1:    3303376 bytes,    3303376 total
[2020-07-01T13:41:20.434+0000][7][gc,age       ] GC(13) - age   2:    7589256 bytes,   10892632 total
[2020-07-01T13:41:20.434+0000][7][gc,age       ] GC(13) - age   3:    8222064 bytes,   19114696 total
[2020-07-01T13:41:20.434+0000][7][gc,phases    ] GC(13)   Pre Evacuate Collection Set: 0.2ms
[2020-07-01T13:41:20.435+0000][7][gc,phases    ] GC(13)   Merge Heap Roots: 0.2ms
[2020-07-01T13:41:20.435+0000][7][gc,phases    ] GC(13)   Evacuate Collection Set: 13.1ms
[2020-07-01T13:41:20.435+0000][7][gc,phases    ] GC(13)   Post Evacuate Collection Set: 2.3ms
[2020-07-01T13:41:20.436+0000][7][gc,phases    ] GC(13)   Other: 2.5ms
[2020-07-01T13:41:20.436+0000][7][gc,heap      ] GC(13) Eden regions: 286->0(284)
[2020-07-01T13:41:20.436+0000][7][gc,heap      ] GC(13) Survivor regions: 18->19(38)
[2020-07-01T13:41:20.437+0000][7][gc,heap      ] GC(13) Old regions: 45->45
[2020-07-01T13:41:20.437+0000][7][gc,heap      ] GC(13) Archive regions: 2->2
[2020-07-01T13:41:20.437+0000][7][gc,heap      ] GC(13) Humongous regions: 7->7
[2020-07-01T13:41:20.438+0000][7][gc,metaspace ] GC(13) Metaspace: 83958K(91008K)->83958K(91008K) NonClass: 72552K(76800K)->72552K(76800K) Class: 11406K(14208K)->11406K(14208K)
[2020-07-01T13:41:20.438+0000][7][gc           ] GC(13) Pause Young (Normal) (G1 Evacuation Pause) 356M->71M(512M) 21.824ms
[2020-07-01T13:41:20.438+0000][7][gc,cpu       ] GC(13) User=0.05s Sys=0.00s Real=0.02s
[2020-07-01T13:41:20.439+0000][7][safepoint    ] Safepoint "G1CollectForAllocation", Time since last: 206174532 ns, Reaching safepoint: 175787 ns, At safepoint: 22655672 ns, Total: 22831459 ns
[2020-07-01T13:41:20.710+0000][7][safepoint    ] Safepoint "BulkRevokeBias", Time since last: 270332248 ns, Reaching safepoint: 174750 ns, At safepoint: 298533 ns, Total: 473283 ns
[2020-07-01T13:41:22.123+0000][7][safepoint    ] Safepoint "Cleanup", Time since last: 1413267770 ns, Reaching safepoint: 298277 ns, At safepoint: 35444 ns, Total: 333721 ns
[2020-07-01T13:41:23.145+0000][7][safepoint    ] Safepoint "Cleanup", Time since last: 1021332143 ns, Reaching safepoint: 309505 ns, At safepoint: 19661 ns, Total: 329166 ns
[2020-07-01T13:41:23.679+0000][7][safepoint    ] Safepoint "BulkRevokeBias", Time since last: 533788172 ns, Reaching safepoint: 281055 ns, At safepoint: 314528 ns, Total: 595583 ns
[2020-07-01T13:41:24.684+0000][7][safepoint    ] Safepoint "Cleanup", Time since last: 1004211579 ns, Reaching safepoint: 310745 ns, At safepoint: 24173 ns, Total: 334918 ns
[2020-07-01T13:41:24.996+0000][7][safepoint    ] Safepoint "BulkRevokeBias", Time since last: 312062114 ns, Reaching safepoint: 123288 ns, At safepoint: 363343 ns, Total: 486631 ns
[2020-07-01T13:41:26.319+0000][7][safepoint    ] Safepoint "Cleanup", Time since last: 1322771815 ns, Reaching safepoint: 170948 ns, At safepoint: 3317 ns, Total: 174265 ns
[2020-07-01T13:41:26.923+0000][7][safepoint    ] Safepoint "BulkRevokeBias", Time since last: 602982335 ns, Reaching safepoint: 204056 ns, At safepoint: 841050 ns, Total: 1045106 ns
[2020-07-01T13:41:26.931+0000][7][safepoint    ] Safepoint "BulkRevokeBias", Time since last: 6984194 ns, Reaching safepoint: 157416 ns, At safepoint: 339848 ns, Total: 497264 ns
[2020-07-01T13:41:27.941+0000][7][safepoint    ] Safepoint "Cleanup", Time since last: 1010090580 ns, Reaching safepoint: 211683 ns, At safepoint: 10297 ns, Total: 221980 ns
[2020-07-01T13:41:28.345+0000][7][safepoint    ] Safepoint "BulkRevokeBias", Time since last: 403629684 ns, Reaching safepoint: 201446 ns, At safepoint: 421796 ns, Total: 623242 ns
[2020-07-01T13:41:28.742+0000][7][gc,start     ] GC(14) Pause Young (Normal) (G1 Evacuation Pause)
[2020-07-01T13:41:28.743+0000][7][gc,task      ] GC(14) Using 8 workers of 8 for evacuation
[2020-07-01T13:41:28.743+0000][7][gc,age       ] GC(14) Desired survivor size 19922944 bytes, new threshold 15 (max threshold 15)
[2020-07-01T13:41:28.754+0000][7][gc,age       ] GC(14) Age table with threshold 15 (max threshold 15)
[2020-07-01T13:41:28.754+0000][7][gc,age       ] GC(14) - age   1:    3109880 bytes,    3109880 total
[2020-07-01T13:41:28.755+0000][7][gc,age       ] GC(14) - age   2:    3082064 bytes,    6191944 total
[2020-07-01T13:41:28.755+0000][7][gc,age       ] GC(14) - age   3:    7580848 bytes,   13772792 total
[2020-07-01T13:41:28.755+0000][7][gc,age       ] GC(14) - age   4:    8218232 bytes,   21991024 total
[2020-07-01T13:41:28.755+0000][7][gc,phases    ] GC(14)   Pre Evacuate Collection Set: 0.2ms
[2020-07-01T13:41:28.755+0000][7][gc,phases    ] GC(14)   Merge Heap Roots: 0.2ms
[2020-07-01T13:41:28.756+0000][7][gc,phases    ] GC(14)   Evacuate Collection Set: 8.7ms
[2020-07-01T13:41:28.756+0000][7][gc,phases    ] GC(14)   Post Evacuate Collection Set: 1.4ms
[2020-07-01T13:41:28.756+0000][7][gc,phases    ] GC(14)   Other: 2.5ms
[2020-07-01T13:41:28.756+0000][7][gc,heap      ] GC(14) Eden regions: 284->0(284)
[2020-07-01T13:41:28.756+0000][7][gc,heap      ] GC(14) Survivor regions: 19->23(38)
[2020-07-01T13:41:28.757+0000][7][gc,heap      ] GC(14) Old regions: 45->45
[2020-07-01T13:41:28.757+0000][7][gc,heap      ] GC(14) Archive regions: 2->2
[2020-07-01T13:41:28.757+0000][7][gc,heap      ] GC(14) Humongous regions: 7->7
[2020-07-01T13:41:28.757+0000][7][gc,metaspace ] GC(14) Metaspace: 87750K(95104K)->87750K(95104K) NonClass: 75820K(80128K)->75820K(80128K) Class: 11930K(14976K)->11930K(14976K)
[2020-07-01T13:41:28.757+0000][7][gc           ] GC(14) Pause Young (Normal) (G1 Evacuation Pause) 355M->75M(512M) 15.104ms
[2020-07-01T13:41:28.758+0000][7][gc,cpu       ] GC(14) User=0.05s Sys=0.00s Real=0.02s
[2020-07-01T13:41:28.758+0000][7][safepoint    ] Safepoint "G1CollectForAllocation", Time since last: 396743777 ns, Reaching safepoint: 195906 ns, At safepoint: 15590436 ns, Total: 15786342 ns
[2020-07-01T13:41:28.786+0000][7][safepoint    ] Safepoint "BulkRevokeBias", Time since last: 27574399 ns, Reaching safepoint: 159775 ns, At safepoint: 443770 ns, Total: 603545 ns
[2020-07-01T13:41:29.679+0000][7][safepoint    ] Safepoint "BulkRevokeBias", Time since last: 891919953 ns, Reaching safepoint: 353591 ns, At safepoint: 846269 ns, Total: 1199860 ns
[2020-07-01T13:41:30.092+0000][7][safepoint    ] Safepoint "BulkRevokeBias", Time since last: 412492416 ns, Reaching safepoint: 208039 ns, At safepoint: 426041 ns, Total: 634080 ns
[2020-07-01T13:41:30.279+0000][7][safepoint    ] Safepoint "BulkRevokeBias", Time since last: 186005621 ns, Reaching safepoint: 296668 ns, At safepoint: 484867 ns, Total: 781535 ns
[2020-07-01T13:41:30.835+0000][7][gc,start     ] GC(15) Pause Young (Concurrent Start) (Metadata GC Threshold)
[2020-07-01T13:41:30.835+0000][7][gc,task      ] GC(15) Using 8 workers of 8 for evacuation
[2020-07-01T13:41:30.842+0000][7][gc,age       ] GC(15) Desired survivor size 20447232 bytes, new threshold 4 (max threshold 15)
[2020-07-01T13:41:30.883+0000][7][gc,age       ] GC(15) Age table with threshold 4 (max threshold 15)
[2020-07-01T13:41:30.884+0000][7][gc,age       ] GC(15) - age   1:    6322304 bytes,    6322304 total
[2020-07-01T13:41:30.884+0000][7][gc,age       ] GC(15) - age   2:    2865632 bytes,    9187936 total
[2020-07-01T13:41:30.885+0000][7][gc,age       ] GC(15) - age   3:    3066992 bytes,   12254928 total
[2020-07-01T13:41:30.885+0000][7][gc,age       ] GC(15) - age   4:    7577968 bytes,   19832896 total
[2020-07-01T13:41:30.886+0000][7][gc,phases    ] GC(15)   Pre Evacuate Collection Set: 1.0ms
[2020-07-01T13:41:30.886+0000][7][gc,phases    ] GC(15)   Merge Heap Roots: 0.2ms
[2020-07-01T13:41:30.886+0000][7][gc,phases    ] GC(15)   Evacuate Collection Set: 34.0ms
[2020-07-01T13:41:30.887+0000][7][gc,phases    ] GC(15)   Post Evacuate Collection Set: 5.8ms
[2020-07-01T13:41:30.887+0000][7][gc,phases    ] GC(15)   Other: 9.7ms
[2020-07-01T13:41:30.887+0000][7][gc,heap      ] GC(15) Eden regions: 71->0(267)
[2020-07-01T13:41:30.888+0000][7][gc,heap      ] GC(15) Survivor regions: 23->21(39)
[2020-07-01T13:41:30.888+0000][7][gc,heap      ] GC(15) Old regions: 45->53
[2020-07-01T13:41:30.888+0000][7][gc,heap      ] GC(15) Archive regions: 2->2
[2020-07-01T13:41:30.889+0000][7][gc,heap      ] GC(15) Humongous regions: 7->7
[2020-07-01T13:41:30.889+0000][7][gc,metaspace ] GC(15) Metaspace: 90401K(98048K)->90401K(98048K) NonClass: 78078K(82688K)->78078K(82688K) Class: 12323K(15360K)->12323K(15360K)
[2020-07-01T13:41:30.889+0000][7][gc           ] GC(15) Pause Young (Concurrent Start) (Metadata GC Threshold) 146M->81M(512M) 54.499ms
[2020-07-01T13:41:30.890+0000][7][gc,cpu       ] GC(15) User=0.14s Sys=0.02s Real=0.05s
[2020-07-01T13:41:30.890+0000][7][gc           ] GC(16) Concurrent Cycle
[2020-07-01T13:41:30.891+0000][7][safepoint    ] Safepoint "CollectForMetadataAllocation", Time since last: 555154839 ns, Reaching safepoint: 693534 ns, At safepoint: 55610556 ns, Total: 56304090 ns
[2020-07-01T13:41:30.893+0000][7][gc,marking   ] GC(16) Concurrent Clear Claimed Marks
[2020-07-01T13:41:30.895+0000][7][gc,marking   ] GC(16) Concurrent Clear Claimed Marks 1.399ms
[2020-07-01T13:41:30.895+0000][7][gc,marking   ] GC(16) Concurrent Scan Root Regions
[2020-07-01T13:41:30.914+0000][7][gc,marking   ] GC(16) Concurrent Scan Root Regions 19.272ms
[2020-07-01T13:41:30.914+0000][7][gc,marking   ] GC(16) Concurrent Mark (44.725s)
[2020-07-01T13:41:30.915+0000][7][gc,marking   ] GC(16) Concurrent Mark From Roots
[2020-07-01T13:41:30.915+0000][7][gc,task      ] GC(16) Using 2 workers of 2 for marking
[2020-07-01T13:41:30.951+0000][7][safepoint    ] Safepoint "BulkRevokeBias", Time since last: 58621744 ns, Reaching safepoint: 744598 ns, At safepoint: 684604 ns, Total: 1429202 ns
[2020-07-01T13:41:30.989+0000][7][gc,marking   ] GC(16) Concurrent Mark From Roots 74.550ms
[2020-07-01T13:41:30.990+0000][7][gc,marking   ] GC(16) Concurrent Preclean
[2020-07-01T13:41:30.990+0000][7][gc,marking   ] GC(16) Concurrent Preclean 0.495ms
[2020-07-01T13:41:30.990+0000][7][gc,marking   ] GC(16) Concurrent Mark (44.725s, 44.801s) 76.001ms
[2020-07-01T13:41:30.991+0000][7][gc,start     ] GC(16) Pause Remark
[2020-07-01T13:41:31.003+0000][7][gc           ] GC(16) Pause Remark 87M->87M(512M) 11.838ms
[2020-07-01T13:41:31.003+0000][7][gc,cpu       ] GC(16) User=0.03s Sys=0.01s Real=0.01s
[2020-07-01T13:41:31.004+0000][7][safepoint    ] Safepoint "G1Concurrent", Time since last: 40096394 ns, Reaching safepoint: 337293 ns, At safepoint: 13025136 ns, Total: 13362429 ns
[2020-07-01T13:41:31.004+0000][7][gc,marking   ] GC(16) Concurrent Rebuild Remembered Sets
[2020-07-01T13:41:31.068+0000][7][gc,marking   ] GC(16) Concurrent Rebuild Remembered Sets 63.638ms
[2020-07-01T13:41:31.070+0000][7][gc,start     ] GC(16) Pause Cleanup
[2020-07-01T13:41:31.070+0000][7][gc           ] GC(16) Pause Cleanup 95M->95M(512M) 0.483ms
[2020-07-01T13:41:31.071+0000][7][gc,cpu       ] GC(16) User=0.00s Sys=0.00s Real=0.00s
[2020-07-01T13:41:31.071+0000][7][safepoint    ] Safepoint "G1Concurrent", Time since last: 64431618 ns, Reaching safepoint: 1488147 ns, At safepoint: 1217460 ns, Total: 2705607 ns
[2020-07-01T13:41:31.071+0000][7][gc,marking   ] GC(16) Concurrent Cleanup for Next Mark
[2020-07-01T13:41:31.072+0000][7][gc,marking   ] GC(16) Concurrent Cleanup for Next Mark 1.035ms
[2020-07-01T13:41:31.073+0000][7][gc           ] GC(16) Concurrent Cycle 182.577ms
[2020-07-01T13:41:31.963+0000][7][safepoint    ] Safepoint "BulkRevokeBias", Time since last: 891030674 ns, Reaching safepoint: 187240 ns, At safepoint: 525226 ns, Total: 712466 ns
[2020-07-01T13:41:32.981+0000][7][safepoint    ] Safepoint "Cleanup", Time since last: 1017753094 ns, Reaching safepoint: 326126 ns, At safepoint: 11200 ns, Total: 337326 ns
[2020-07-01T13:41:32.982+0000][7][safepoint    ] Safepoint "BulkRevokeBias", Time since last: 316320 ns, Reaching safepoint: 162196 ns, At safepoint: 515741 ns, Total: 677937 ns
[2020-07-01T13:41:34.229+0000][7][safepoint    ] Safepoint "Cleanup", Time since last: 1246538274 ns, Reaching safepoint: 547228 ns, At safepoint: 24540 ns, Total: 571768 ns
[2020-07-01T13:41:35.231+0000][7][safepoint    ] Safepoint "Cleanup", Time since last: 1001279581 ns, Reaching safepoint: 282364 ns, At safepoint: 12795 ns, Total: 295159 ns
[2020-07-01T13:41:36.550+0000][7][safepoint    ] Safepoint "Cleanup", Time since last: 1319062080 ns, Reaching safepoint: 503127 ns, At safepoint: 22230 ns, Total: 525357 ns
[2020-07-01T13:41:38.037+0000][7][safepoint    ] Safepoint "Cleanup", Time since last: 1486387192 ns, Reaching safepoint: 304549 ns, At safepoint: 9090 ns, Total: 313639 ns
[2020-07-01T13:41:38.546+0000][7][safepoint    ] Safepoint "BulkRevokeBias", Time since last: 508462169 ns, Reaching safepoint: 149971 ns, At safepoint: 510551 ns, Total: 660522 ns
[2020-07-01T13:41:39.547+0000][7][safepoint    ] Safepoint "Cleanup", Time since last: 1000586051 ns, Reaching safepoint: 294024 ns, At safepoint: 24346 ns, Total: 318370 ns
[2020-07-01T13:41:41.426+0000][7][safepoint    ] Safepoint "Cleanup", Time since last: 1878635443 ns, Reaching safepoint: 418419 ns, At safepoint: 41834 ns, Total: 460253 ns
[2020-07-01T13:41:42.427+0000][7][safepoint    ] Safepoint "Cleanup", Time since last: 1000848788 ns, Reaching safepoint: 227200 ns, At safepoint: 3496 ns, Total: 230696 ns
[2020-07-01T13:41:43.428+0000][7][safepoint    ] Safepoint "Cleanup", Time since last: 1000604996 ns, Reaching safepoint: 301866 ns, At safepoint: 12747 ns, Total: 314613 ns
[2020-07-01T13:41:44.429+0000][7][safepoint    ] Safepoint "Cleanup", Time since last: 1000677258 ns, Reaching safepoint: 267701 ns, At safepoint: 13543 ns, Total: 281244 ns
[2020-07-01T13:41:45.430+0000][7][safepoint    ] Safepoint "Cleanup", Time since last: 1000732101 ns, Reaching safepoint: 310671 ns, At safepoint: 13255 ns, Total: 323926 ns
[2020-07-01T13:41:46.432+0000][7][safepoint    ] Safepoint "Cleanup", Time since last: 1001302024 ns, Reaching safepoint: 246416 ns, At safepoint: 31892 ns, Total: 278308 ns
[2020-07-01T13:41:47.433+0000][7][safepoint    ] Safepoint "Cleanup", Time since last: 1000843551 ns, Reaching safepoint: 315781 ns, At safepoint: 15336 ns, Total: 331117 ns
[2020-07-01T13:41:48.834+0000][7][safepoint    ] Safepoint "Cleanup", Time since last: 1400777860 ns, Reaching safepoint: 513251 ns, At safepoint: 17782 ns, Total: 531033 ns
[2020-07-01T13:41:50.701+0000][7][safepoint    ] Safepoint "Cleanup", Time since last: 1865990571 ns, Reaching safepoint: 646056 ns, At safepoint: 27205 ns, Total: 673261 ns
[2020-07-01T13:41:51.703+0000][7][safepoint    ] Safepoint "Cleanup", Time since last: 1001570319 ns, Reaching safepoint: 228788 ns, At safepoint: 29320 ns, Total: 258108 ns
[2020-07-01T13:41:52.997+0000][7][safepoint    ] Safepoint "Cleanup", Time since last: 1294187944 ns, Reaching safepoint: 173289 ns, At safepoint: 23059 ns, Total: 196348 ns
[2020-07-01T13:41:54.518+0000][7][safepoint    ] Safepoint "Cleanup", Time since last: 1520291358 ns, Reaching safepoint: 208231 ns, At safepoint: 9704 ns, Total: 217935 ns
[2020-07-01T13:41:55.520+0000][7][safepoint    ] Safepoint "Cleanup", Time since last: 1001981656 ns, Reaching safepoint: 547023 ns, At safepoint: 24977 ns, Total: 572000 ns
[2020-07-01T13:41:56.522+0000][7][safepoint    ] Safepoint "Cleanup", Time since last: 1001503706 ns, Reaching safepoint: 503217 ns, At safepoint: 28914 ns, Total: 532131 ns
[2020-07-01T13:41:57.524+0000][7][safepoint    ] Safepoint "Cleanup", Time since last: 1001138959 ns, Reaching safepoint: 413583 ns, At safepoint: 19998 ns, Total: 433581 ns
[2020-07-01T13:41:58.525+0000][7][safepoint    ] Safepoint "Cleanup", Time since last: 1001211578 ns, Reaching safepoint: 221765 ns, At safepoint: 8216 ns, Total: 229981 ns
[2020-07-01T13:41:59.152+0000][7][safepoint    ] Safepoint "BulkRevokeBias", Time since last: 625916033 ns, Reaching safepoint: 403700 ns, At safepoint: 725982 ns, Total: 1129682 ns
[2020-07-01T13:42:00.154+0000][7][safepoint    ] Safepoint "Cleanup", Time since last: 1001762253 ns, Reaching safepoint: 381640 ns, At safepoint: 19313 ns, Total: 400953 ns
[2020-07-01T13:42:01.412+0000][7][safepoint    ] Safepoint "Cleanup", Time since last: 1257546760 ns, Reaching safepoint: 194866 ns, At safepoint: 10503 ns, Total: 205369 ns
[2020-07-01T13:42:02.419+0000][7][safepoint    ] Safepoint "Cleanup", Time since last: 1005913289 ns, Reaching safepoint: 834820 ns, At safepoint: 15613 ns, Total: 850433 ns
[2020-07-01T13:42:03.421+0000][7][safepoint    ] Safepoint "Cleanup", Time since last: 1001807310 ns, Reaching safepoint: 595662 ns, At safepoint: 25775 ns, Total: 621437 ns
[2020-07-01T13:42:04.426+0000][7][safepoint    ] Safepoint "Cleanup", Time since last: 1004334094 ns, Reaching safepoint: 604770 ns, At safepoint: 34015 ns, Total: 638785 ns
[2020-07-01T13:42:05.428+0000][7][safepoint    ] Safepoint "Cleanup", Time since last: 1000855536 ns, Reaching safepoint: 357326 ns, At safepoint: 16405 ns, Total: 373731 ns
[2020-07-01T13:42:06.434+0000][7][safepoint    ] Safepoint "Cleanup", Time since last: 1005885246 ns, Reaching safepoint: 627667 ns, At safepoint: 20382 ns, Total: 648049 ns
[2020-07-01T13:42:08.440+0000][7][safepoint    ] Safepoint "Cleanup", Time since last: 2005887712 ns, Reaching safepoint: 470165 ns, At safepoint: 21625 ns, Total: 491790 ns
[2020-07-01T13:42:10.109+0000][7][safepoint    ] Safepoint "Cleanup", Time since last: 1668416742 ns, Reaching safepoint: 394487 ns, At safepoint: 21606 ns, Total: 416093 ns
[2020-07-01T13:42:11.506+0000][7][safepoint    ] Safepoint "Cleanup", Time since last: 1396764317 ns, Reaching safepoint: 217191 ns, At safepoint: 3624 ns, Total: 220815 ns
[2020-07-01T13:42:11.508+0000][7][safepoint    ] Safepoint "BulkRevokeBias", Time since last: 910998 ns, Reaching safepoint: 230672 ns, At safepoint: 527770 ns, Total: 758442 ns
[2020-07-01T13:42:12.426+0000][7][gc,start     ] GC(17) Pause Young (Normal) (G1 Evacuation Pause)
[2020-07-01T13:42:12.426+0000][7][gc,task      ] GC(17) Using 8 workers of 8 for evacuation
[2020-07-01T13:42:12.427+0000][7][gc,age       ] GC(17) Desired survivor size 18874368 bytes, new threshold 4 (max threshold 15)
[2020-07-01T13:42:12.442+0000][7][gc,age       ] GC(17) Age table with threshold 4 (max threshold 15)
[2020-07-01T13:42:12.442+0000][7][gc,age       ] GC(17) - age   1:    8337824 bytes,    8337824 total
[2020-07-01T13:42:12.442+0000][7][gc,age       ] GC(17) - age   2:    1368008 bytes,    9705832 total
[2020-07-01T13:42:12.442+0000][7][gc,age       ] GC(17) - age   3:    2165752 bytes,   11871584 total
[2020-07-01T13:42:12.443+0000][7][gc,age       ] GC(17) - age   4:    3052344 bytes,   14923928 total
[2020-07-01T13:42:12.443+0000][7][gc,phases    ] GC(17)   Pre Evacuate Collection Set: 0.2ms
[2020-07-01T13:42:12.443+0000][7][gc,phases    ] GC(17)   Merge Heap Roots: 0.2ms
[2020-07-01T13:42:12.444+0000][7][gc,phases    ] GC(17)   Evacuate Collection Set: 13.5ms
[2020-07-01T13:42:12.444+0000][7][gc,phases    ] GC(17)   Post Evacuate Collection Set: 1.1ms
[2020-07-01T13:42:12.444+0000][7][gc,phases    ] GC(17)   Other: 2.3ms
[2020-07-01T13:42:12.444+0000][7][gc,heap      ] GC(17) Eden regions: 267->0(264)
[2020-07-01T13:42:12.444+0000][7][gc,heap      ] GC(17) Survivor regions: 21->17(36)
[2020-07-01T13:42:12.445+0000][7][gc,heap      ] GC(17) Old regions: 53->61
[2020-07-01T13:42:12.445+0000][7][gc,heap      ] GC(17) Archive regions: 2->2
[2020-07-01T13:42:12.445+0000][7][gc,heap      ] GC(17) Humongous regions: 7->7
[2020-07-01T13:42:12.445+0000][7][gc,metaspace ] GC(17) Metaspace: 93240K(101248K)->93240K(101248K) NonClass: 80672K(85504K)->80672K(85504K) Class: 12568K(15744K)->12568K(15744K)
[2020-07-01T13:42:12.445+0000][7][gc           ] GC(17) Pause Young (Normal) (G1 Evacuation Pause) 348M->85M(512M) 19.808ms
[2020-07-01T13:42:12.446+0000][7][gc,cpu       ] GC(17) User=0.03s Sys=0.00s Real=0.02s
[2020-07-01T13:42:12.446+0000][7][safepoint    ] Safepoint "G1CollectForAllocation", Time since last: 917388066 ns, Reaching safepoint: 296526 ns, At safepoint: 20348948 ns, Total: 20645474 ns
[2020-07-01T13:42:12.683+0000][7][safepoint    ] Safepoint "BulkRevokeBias", Time since last: 236368251 ns, Reaching safepoint: 208450 ns, At safepoint: 505622 ns, Total: 714072 ns
[2020-07-01T13:42:13.886+0000][7][safepoint    ] Safepoint "Cleanup", Time since last: 1202247945 ns, Reaching safepoint: 417882 ns, At safepoint: 6962 ns, Total: 424844 ns
[2020-07-01T13:42:14.914+0000][7][safepoint    ] Safepoint "Cleanup", Time since last: 1027696433 ns, Reaching safepoint: 548459 ns, At safepoint: 38902 ns, Total: 587361 ns
[2020-07-01T13:42:16.164+0000][7][safepoint    ] Safepoint "Cleanup", Time since last: 1249053141 ns, Reaching safepoint: 587225 ns, At safepoint: 25763 ns, Total: 612988 ns
[2020-07-01T13:42:17.165+0000][7][safepoint    ] Safepoint "Cleanup", Time since last: 1001318441 ns, Reaching safepoint: 436758 ns, At safepoint: 11327 ns, Total: 448085 ns
[2020-07-01T13:42:18.169+0000][7][safepoint    ] Safepoint "Cleanup", Time since last: 1003256220 ns, Reaching safepoint: 472291 ns, At safepoint: 8823 ns, Total: 481114 ns
[2020-07-01T13:42:19.760+0000][7][safepoint    ] Safepoint "Cleanup", Time since last: 1590286223 ns, Reaching safepoint: 206357 ns, At safepoint: 3861 ns, Total: 210218 ns
[2020-07-01T13:42:20.761+0000][7][safepoint    ] Safepoint "Cleanup", Time since last: 1001037607 ns, Reaching safepoint: 397693 ns, At safepoint: 16857 ns, Total: 414550 ns
[2020-07-01T13:42:21.942+0000][7][safepoint    ] Safepoint "Cleanup", Time since last: 1180927107 ns, Reaching safepoint: 289552 ns, At safepoint: 23172 ns, Total: 312724 ns
[2020-07-01T13:42:22.967+0000][7][safepoint    ] Safepoint "Cleanup", Time since last: 1024070491 ns, Reaching safepoint: 272013 ns, At safepoint: 35862 ns, Total: 307875 ns
[2020-07-01T13:42:23.968+0000][7][safepoint    ] Safepoint "Cleanup", Time since last: 1001126955 ns, Reaching safepoint: 421487 ns, At safepoint: 51649 ns, Total: 473136 ns
[2020-07-01T13:42:24.972+0000][7][safepoint    ] Safepoint "Cleanup", Time since last: 1003218471 ns, Reaching safepoint: 505501 ns, At safepoint: 114199 ns, Total: 619700 ns
[2020-07-01T13:42:26.978+0000][7][safepoint    ] Safepoint "Cleanup", Time since last: 2005589577 ns, Reaching safepoint: 414048 ns, At safepoint: 49186 ns, Total: 463234 ns
[2020-07-01T13:42:28.980+0000][7][safepoint    ] Safepoint "Cleanup", Time since last: 2001455681 ns, Reaching safepoint: 404972 ns, At safepoint: 9808 ns, Total: 414780 ns
[2020-07-01T13:42:29.981+0000][7][safepoint    ] Safepoint "Cleanup", Time since last: 1000373449 ns, Reaching safepoint: 483946 ns, At safepoint: 50545 ns, Total: 534491 ns
[2020-07-01T13:42:30.982+0000][7][safepoint    ] Safepoint "Cleanup", Time since last: 1000721797 ns, Reaching safepoint: 284587 ns, At safepoint: 26215 ns, Total: 310802 ns
[2020-07-01T13:42:32.522+0000][7][safepoint    ] Safepoint "Cleanup", Time since last: 1539231575 ns, Reaching safepoint: 859808 ns, At safepoint: 99341 ns, Total: 959149 ns
[2020-07-01T13:42:33.526+0000][7][safepoint    ] Safepoint "Cleanup", Time since last: 1003667105 ns, Reaching safepoint: 398657 ns, At safepoint: 11438 ns, Total: 410095 ns
[2020-07-01T13:42:36.531+0000][7][safepoint    ] Safepoint "Cleanup", Time since last: 3003990907 ns, Reaching safepoint: 394428 ns, At safepoint: 11572 ns, Total: 406000 ns
[2020-07-01T13:42:38.534+0000][7][safepoint    ] Safepoint "Cleanup", Time since last: 2002356952 ns, Reaching safepoint: 351406 ns, At safepoint: 17224 ns, Total: 368630 ns
[2020-07-01T13:42:39.535+0000][7][safepoint    ] Safepoint "Cleanup", Time since last: 1001021562 ns, Reaching safepoint: 398865 ns, At safepoint: 11156 ns, Total: 410021 ns
[2020-07-01T13:42:41.092+0000][7][safepoint    ] Safepoint "Cleanup", Time since last: 1556425957 ns, Reaching safepoint: 280632 ns, At safepoint: 72241 ns, Total: 352873 ns
[2020-07-01T13:42:42.855+0000][7][safepoint    ] Safepoint "Cleanup", Time since last: 1762912575 ns, Reaching safepoint: 268150 ns, At safepoint: 13073 ns, Total: 281223 ns
[2020-07-01T13:42:43.856+0000][7][safepoint    ] Safepoint "Cleanup", Time since last: 1000467979 ns, Reaching safepoint: 185363 ns, At safepoint: 3355 ns, Total: 188718 ns
[2020-07-01T13:42:44.856+0000][7][safepoint    ] Safepoint "Cleanup", Time since last: 1000537858 ns, Reaching safepoint: 212823 ns, At safepoint: 3771 ns, Total: 216594 ns
[2020-07-01T13:42:45.858+0000][7][safepoint    ] Safepoint "Cleanup", Time since last: 1000691380 ns, Reaching safepoint: 388705 ns, At safepoint: 8466 ns, Total: 397171 ns
[2020-07-01T13:42:46.577+0000][7][gc,start     ] GC(18) Pause Young (Normal) (G1 Evacuation Pause)
[2020-07-01T13:42:46.577+0000][7][gc,task      ] GC(18) Using 8 workers of 8 for evacuation
[2020-07-01T13:42:46.578+0000][7][gc,age       ] GC(18) Desired survivor size 18874368 bytes, new threshold 15 (max threshold 15)
[2020-07-01T13:42:46.588+0000][7][gc,age       ] GC(18) Age table with threshold 15 (max threshold 15)
[2020-07-01T13:42:46.588+0000][7][gc,age       ] GC(18) - age   1:    2700512 bytes,    2700512 total
[2020-07-01T13:42:46.589+0000][7][gc,age       ] GC(18) - age   2:    1959328 bytes,    4659840 total
[2020-07-01T13:42:46.589+0000][7][gc,age       ] GC(18) - age   3:    1365248 bytes,    6025088 total
[2020-07-01T13:42:46.589+0000][7][gc,age       ] GC(18) - age   4:    2155928 bytes,    8181016 total
[2020-07-01T13:42:46.589+0000][7][gc,age       ] GC(18) - age   5:    3050760 bytes,   11231776 total
[2020-07-01T13:42:46.589+0000][7][gc,phases    ] GC(18)   Pre Evacuate Collection Set: 0.2ms
[2020-07-01T13:42:46.590+0000][7][gc,phases    ] GC(18)   Merge Heap Roots: 0.2ms
[2020-07-01T13:42:46.590+0000][7][gc,phases    ] GC(18)   Evacuate Collection Set: 7.9ms
[2020-07-01T13:42:46.590+0000][7][gc,phases    ] GC(18)   Post Evacuate Collection Set: 1.4ms
[2020-07-01T13:42:46.590+0000][7][gc,phases    ] GC(18)   Other: 3.0ms
[2020-07-01T13:42:46.590+0000][7][gc,heap      ] GC(18) Eden regions: 264->0(274)
[2020-07-01T13:42:46.590+0000][7][gc,heap      ] GC(18) Survivor regions: 17->12(36)
[2020-07-01T13:42:46.590+0000][7][gc,heap      ] GC(18) Old regions: 61->61
[2020-07-01T13:42:46.591+0000][7][gc,heap      ] GC(18) Archive regions: 2->2
[2020-07-01T13:42:46.591+0000][7][gc,heap      ] GC(18) Humongous regions: 7->7
[2020-07-01T13:42:46.591+0000][7][gc,metaspace ] GC(18) Metaspace: 94802K(102912K)->94802K(102912K) NonClass: 82121K(87040K)->82121K(87040K) Class: 12680K(15872K)->12680K(15872K)
[2020-07-01T13:42:46.591+0000][7][gc           ] GC(18) Pause Young (Normal) (G1 Evacuation Pause) 349M->80M(512M) 14.372ms
[2020-07-01T13:42:46.591+0000][7][gc,cpu       ] GC(18) User=0.03s Sys=0.00s Real=0.01s
[2020-07-01T13:42:46.592+0000][7][safepoint    ] Safepoint "G1CollectForAllocation", Time since last: 718981432 ns, Reaching safepoint: 308827 ns, At safepoint: 14915238 ns, Total: 15224065 ns
[2020-07-01T13:42:47.592+0000][7][safepoint    ] Safepoint "Cleanup", Time since last: 1000443999 ns, Reaching safepoint: 211724 ns, At safepoint: 23807 ns, Total: 235531 ns
[2020-07-01T13:42:48.594+0000][7][safepoint    ] Safepoint "Cleanup", Time since last: 1001602870 ns, Reaching safepoint: 541564 ns, At safepoint: 44256 ns, Total: 585820 ns
[2020-07-01T13:42:49.597+0000][7][safepoint    ] Safepoint "Cleanup", Time since last: 1002031183 ns, Reaching safepoint: 802073 ns, At safepoint: 43661 ns, Total: 845734 ns
[2020-07-01T13:42:51.224+0000][7][safepoint    ] Safepoint "Cleanup", Time since last: 1625970277 ns, Reaching safepoint: 370064 ns, At safepoint: 76669 ns, Total: 446733 ns
[2020-07-01T13:42:52.519+0000][7][safepoint    ] Safepoint "Cleanup", Time since last: 1295238605 ns, Reaching safepoint: 257836 ns, At safepoint: 3366 ns, Total: 261202 ns
[2020-07-01T13:42:53.343+0000][7][safepoint    ] Safepoint "BulkRevokeBias", Time since last: 822891555 ns, Reaching safepoint: 209896 ns, At safepoint: 481803 ns, Total: 691699 ns
[2020-07-01T13:42:54.359+0000][7][safepoint    ] Safepoint "Cleanup", Time since last: 1015663466 ns, Reaching safepoint: 236199 ns, At safepoint: 2691 ns, Total: 238890 ns
[2020-07-01T13:42:55.360+0000][7][safepoint    ] Safepoint "Cleanup", Time since last: 1001210052 ns, Reaching safepoint: 285227 ns, At safepoint: 9070 ns, Total: 294297 ns
[2020-07-01T13:42:56.362+0000][7][safepoint    ] Safepoint "Cleanup", Time since last: 1001662299 ns, Reaching safepoint: 330893 ns, At safepoint: 12542 ns, Total: 343435 ns
[2020-07-01T13:42:57.365+0000][7][safepoint    ] Safepoint "Cleanup", Time since last: 1002705225 ns, Reaching safepoint: 359611 ns, At safepoint: 13473 ns, Total: 373084 ns
[2020-07-01T13:42:58.367+0000][7][safepoint    ] Safepoint "Cleanup", Time since last: 1000880863 ns, Reaching safepoint: 415681 ns, At safepoint: 16953 ns, Total: 432634 ns
[2020-07-01T13:42:59.372+0000][7][safepoint    ] Safepoint "Cleanup", Time since last: 1004380527 ns, Reaching safepoint: 489186 ns, At safepoint: 25464 ns, Total: 514650 ns
[2020-07-01T13:43:00.376+0000][7][safepoint    ] Safepoint "Cleanup", Time since last: 1003786484 ns, Reaching safepoint: 575705 ns, At safepoint: 26994 ns, Total: 602699 ns
[2020-07-01T13:43:01.380+0000][7][safepoint    ] Safepoint "Cleanup", Time since last: 1003781274 ns, Reaching safepoint: 316493 ns, At safepoint: 12095 ns, Total: 328588 ns
[2020-07-01T13:43:02.537+0000][7][safepoint    ] Safepoint "Cleanup", Time since last: 1156077898 ns, Reaching safepoint: 303608 ns, At safepoint: 28150 ns, Total: 331758 ns
[2020-07-01T13:43:03.538+0000][7][safepoint    ] Safepoint "Cleanup", Time since last: 1001160556 ns, Reaching safepoint: 597642 ns, At safepoint: 29287 ns, Total: 626929 ns
[2020-07-01T13:43:04.541+0000][7][safepoint    ] Safepoint "Cleanup", Time since last: 1002427278 ns, Reaching safepoint: 624661 ns, At safepoint: 29912 ns, Total: 654573 ns
[2020-07-01T13:43:05.543+0000][7][safepoint    ] Safepoint "Cleanup", Time since last: 1001117904 ns, Reaching safepoint: 608830 ns, At safepoint: 32715 ns, Total: 641545 ns
[2020-07-01T13:43:06.546+0000][7][safepoint    ] Safepoint "Cleanup", Time since last: 1001744385 ns, Reaching safepoint: 612534 ns, At safepoint: 27711 ns, Total: 640245 ns
[2020-07-01T13:43:07.548+0000][7][safepoint    ] Safepoint "Cleanup", Time since last: 1001325411 ns, Reaching safepoint: 736102 ns, At safepoint: 31618 ns, Total: 767720 ns
[2020-07-01T13:43:08.550+0000][7][safepoint    ] Safepoint "Cleanup", Time since last: 1001567575 ns, Reaching safepoint: 582374 ns, At safepoint: 27396 ns, Total: 609770 ns
[2020-07-01T13:43:09.552+0000][7][safepoint    ] Safepoint "Cleanup", Time since last: 1001461672 ns, Reaching safepoint: 329550 ns, At safepoint: 13070 ns, Total: 342620 ns
[2020-07-01T13:43:10.553+0000][7][safepoint    ] Safepoint "Cleanup", Time since last: 1000904977 ns, Reaching safepoint: 432678 ns, At safepoint: 23581 ns, Total: 456259 ns
[2020-07-01T13:43:11.716+0000][7][safepoint    ] Safepoint "Cleanup", Time since last: 1162580320 ns, Reaching safepoint: 154711 ns, At safepoint: 2707 ns, Total: 157418 ns
[2020-07-01T13:43:11.926+0000][7][safepoint    ] Safepoint "ICBufferFull", Time since last: 209776167 ns, Reaching safepoint: 417147 ns, At safepoint: 75255 ns, Total: 492402 ns
[2020-07-01T13:43:11.940+0000][7][safepoint    ] Safepoint "ICBufferFull", Time since last: 13579739 ns, Reaching safepoint: 510843 ns, At safepoint: 58784 ns, Total: 569627 ns
[2020-07-01T13:43:12.000+0000][7][gc,start     ] GC(19) Pause Young (Normal) (G1 Evacuation Pause)
[2020-07-01T13:43:12.000+0000][7][gc,task      ] GC(19) Using 8 workers of 8 for evacuation
[2020-07-01T13:43:12.001+0000][7][gc,age       ] GC(19) Desired survivor size 18874368 bytes, new threshold 15 (max threshold 15)
[2020-07-01T13:43:12.009+0000][7][gc,age       ] GC(19) Age table with threshold 15 (max threshold 15)
[2020-07-01T13:43:12.010+0000][7][gc,age       ] GC(19) - age   1:   11407912 bytes,   11407912 total
[2020-07-01T13:43:12.010+0000][7][gc,age       ] GC(19) - age   2:    2377352 bytes,   13785264 total
[2020-07-01T13:43:12.010+0000][7][gc,age       ] GC(19) - age   3:    1928032 bytes,   15713296 total
[2020-07-01T13:43:12.010+0000][7][gc,age       ] GC(19) - age   4:    1364704 bytes,   17078000 total
[2020-07-01T13:43:12.011+0000][7][gc,age       ] GC(19) - age   5:    2155272 bytes,   19233272 total
[2020-07-01T13:43:12.011+0000][7][gc,age       ] GC(19) - age   6:    3049944 bytes,   22283216 total
[2020-07-01T13:43:12.011+0000][7][gc,phases    ] GC(19)   Pre Evacuate Collection Set: 0.2ms
[2020-07-01T13:43:12.011+0000][7][gc,phases    ] GC(19)   Merge Heap Roots: 0.2ms
[2020-07-01T13:43:12.012+0000][7][gc,phases    ] GC(19)   Evacuate Collection Set: 6.9ms
[2020-07-01T13:43:12.012+0000][7][gc,phases    ] GC(19)   Post Evacuate Collection Set: 1.2ms
[2020-07-01T13:43:12.012+0000][7][gc,phases    ] GC(19)   Other: 2.6ms
[2020-07-01T13:43:12.012+0000][7][gc,heap      ] GC(19) Eden regions: 274->0(259)
[2020-07-01T13:43:12.012+0000][7][gc,heap      ] GC(19) Survivor regions: 12->23(36)
[2020-07-01T13:43:12.013+0000][7][gc,heap      ] GC(19) Old regions: 61->61
[2020-07-01T13:43:12.013+0000][7][gc,heap      ] GC(19) Archive regions: 2->2
[2020-07-01T13:43:12.013+0000][7][gc,heap      ] GC(19) Humongous regions: 7->7
[2020-07-01T13:43:12.013+0000][7][gc,metaspace ] GC(19) Metaspace: 95627K(103808K)->95627K(103808K) NonClass: 82937K(87808K)->82937K(87808K) Class: 12689K(16000K)->12689K(16000K)
[2020-07-01T13:43:12.013+0000][7][gc           ] GC(19) Pause Young (Normal) (G1 Evacuation Pause) 354M->91M(512M) 13.330ms
[2020-07-01T13:43:12.014+0000][7][gc,cpu       ] GC(19) User=0.04s Sys=0.00s Real=0.01s
[2020-07-01T13:43:12.014+0000][7][safepoint    ] Safepoint "G1CollectForAllocation", Time since last: 59546808 ns, Reaching safepoint: 428002 ns, At safepoint: 13845459 ns, Total: 14273461 ns
[2020-07-01T13:43:13.866+0000][7][safepoint    ] Safepoint "Cleanup", Time since last: 1851787217 ns, Reaching safepoint: 330239 ns, At safepoint: 12306 ns, Total: 342545 ns
[2020-07-01T13:43:14.867+0000][7][safepoint    ] Safepoint "Cleanup", Time since last: 1000620581 ns, Reaching safepoint: 343961 ns, At safepoint: 11420 ns, Total: 355381 ns
[2020-07-01T13:43:15.869+0000][7][safepoint    ] Safepoint "Cleanup", Time since last: 1001082547 ns, Reaching safepoint: 368668 ns, At safepoint: 15339 ns, Total: 384007 ns
[2020-07-01T13:43:16.870+0000][7][safepoint    ] Safepoint "Cleanup", Time since last: 1000882146 ns, Reaching safepoint: 288945 ns, At safepoint: 5465 ns, Total: 294410 ns
[2020-07-01T13:43:17.871+0000][7][safepoint    ] Safepoint "Cleanup", Time since last: 1000920039 ns, Reaching safepoint: 515543 ns, At safepoint: 22275 ns, Total: 537818 ns
[2020-07-01T13:43:18.872+0000][7][safepoint    ] Safepoint "Cleanup", Time since last: 1001004731 ns, Reaching safepoint: 234377 ns, At safepoint: 10312 ns, Total: 244689 ns
[2020-07-01T13:43:19.875+0000][7][safepoint    ] Safepoint "Cleanup", Time since last: 1001298198 ns, Reaching safepoint: 1000950 ns, At safepoint: 29240 ns, Total: 1030190 ns
[2020-07-01T13:43:20.876+0000][7][safepoint    ] Safepoint "Cleanup", Time since last: 1001139745 ns, Reaching safepoint: 360790 ns, At safepoint: 12660 ns, Total: 373450 ns
[2020-07-01T13:43:22.028+0000][7][safepoint    ] Safepoint "Cleanup", Time since last: 1151450720 ns, Reaching safepoint: 251576 ns, At safepoint: 10419 ns, Total: 261995 ns
[2020-07-01T13:43:23.029+0000][7][safepoint    ] Safepoint "Cleanup", Time since last: 1000643145 ns, Reaching safepoint: 184035 ns, At safepoint: 3408 ns, Total: 187443 ns
[2020-07-01T13:43:24.530+0000][7][safepoint    ] Safepoint "Cleanup", Time since last: 1500845727 ns, Reaching safepoint: 585241 ns, At safepoint: 18436 ns, Total: 603677 ns
[2020-07-01T13:43:25.533+0000][7][safepoint    ] Safepoint "Cleanup", Time since last: 1001813121 ns, Reaching safepoint: 526999 ns, At safepoint: 27389 ns, Total: 554388 ns
[2020-07-01T13:43:26.534+0000][7][safepoint    ] Safepoint "Cleanup", Time since last: 1001371654 ns, Reaching safepoint: 332920 ns, At safepoint: 16024 ns, Total: 348944 ns
[2020-07-01T13:43:27.536+0000][7][safepoint    ] Safepoint "Cleanup", Time since last: 1001596642 ns, Reaching safepoint: 520752 ns, At safepoint: 9953 ns, Total: 530705 ns
[2020-07-01T13:43:28.540+0000][7][safepoint    ] Safepoint "Cleanup", Time since last: 1002473882 ns, Reaching safepoint: 534051 ns, At safepoint: 26335 ns, Total: 560386 ns
[2020-07-01T13:43:29.541+0000][7][safepoint    ] Safepoint "Cleanup", Time since last: 1001413575 ns, Reaching safepoint: 544160 ns, At safepoint: 8680 ns, Total: 552840 ns
[2020-07-01T13:43:30.543+0000][7][safepoint    ] Safepoint "Cleanup", Time since last: 1001110339 ns, Reaching safepoint: 415985 ns, At safepoint: 11323 ns, Total: 427308 ns
[2020-07-01T13:43:32.134+0000][7][safepoint    ] Safepoint "BulkRevokeBias", Time since last: 1590476475 ns, Reaching safepoint: 158306 ns, At safepoint: 503691 ns, Total: 661997 ns
[2020-07-01T13:43:33.137+0000][7][safepoint    ] Safepoint "Cleanup", Time since last: 1002381844 ns, Reaching safepoint: 591521 ns, At safepoint: 25834 ns, Total: 617355 ns
[2020-07-01T13:43:34.139+0000][7][safepoint    ] Safepoint "Cleanup", Time since last: 1001356994 ns, Reaching safepoint: 576957 ns, At safepoint: 10652 ns, Total: 587609 ns
[2020-07-01T13:43:35.146+0000][7][safepoint    ] Safepoint "Cleanup", Time since last: 1005899679 ns, Reaching safepoint: 639465 ns, At safepoint: 15424 ns, Total: 654889 ns
[2020-07-01T13:43:36.572+0000][7][safepoint    ] Safepoint "Cleanup", Time since last: 1426226983 ns, Reaching safepoint: 545687 ns, At safepoint: 8351 ns, Total: 554038 ns
[2020-07-01T13:43:37.575+0000][7][safepoint    ] Safepoint "Cleanup", Time since last: 1001902757 ns, Reaching safepoint: 613605 ns, At safepoint: 66423 ns, Total: 680028 ns
[2020-07-01T13:43:38.576+0000][7][safepoint    ] Safepoint "Cleanup", Time since last: 1001086345 ns, Reaching safepoint: 357248 ns, At safepoint: 17068 ns, Total: 374316 ns
[2020-07-01T13:43:39.578+0000][7][safepoint    ] Safepoint "Cleanup", Time since last: 1000888455 ns, Reaching safepoint: 364410 ns, At safepoint: 17813 ns, Total: 382223 ns
[2020-07-01T13:43:40.579+0000][7][safepoint    ] Safepoint "Cleanup", Time since last: 1000814573 ns, Reaching safepoint: 610717 ns, At safepoint: 27547 ns, Total: 638264 ns
[2020-07-01T13:43:42.570+0000][7][safepoint    ] Safepoint "Cleanup", Time since last: 1990076826 ns, Reaching safepoint: 595036 ns, At safepoint: 25356 ns, Total: 620392 ns
[2020-07-01T13:43:43.574+0000][7][safepoint    ] Safepoint "Cleanup", Time since last: 1003469463 ns, Reaching safepoint: 538433 ns, At safepoint: 26451 ns, Total: 564884 ns
[2020-07-01T13:43:44.578+0000][7][safepoint    ] Safepoint "Cleanup", Time since last: 1003750626 ns, Reaching safepoint: 618694 ns, At safepoint: 29276 ns, Total: 647970 ns
[2020-07-01T13:43:45.580+0000][7][safepoint    ] Safepoint "Cleanup", Time since last: 1001456047 ns, Reaching safepoint: 511587 ns, At safepoint: 12107 ns, Total: 523694 ns
[2020-07-01T13:43:46.582+0000][7][safepoint    ] Safepoint "Cleanup", Time since last: 1001429666 ns, Reaching safepoint: 325615 ns, At safepoint: 12681 ns, Total: 338296 ns
[2020-07-01T13:43:48.109+0000][7][safepoint    ] Safepoint "Cleanup", Time since last: 1526961421 ns, Reaching safepoint: 254313 ns, At safepoint: 10569 ns, Total: 264882 ns
[2020-07-01T13:43:49.113+0000][7][safepoint    ] Safepoint "Cleanup", Time since last: 1003323378 ns, Reaching safepoint: 638679 ns, At safepoint: 27527 ns, Total: 666206 ns
[2020-07-01T13:43:50.117+0000][7][safepoint    ] Safepoint "Cleanup", Time since last: 1003767512 ns, Reaching safepoint: 351508 ns, At safepoint: 16675 ns, Total: 368183 ns
[2020-07-01T13:43:51.119+0000][7][safepoint    ] Safepoint "Cleanup", Time since last: 1000828398 ns, Reaching safepoint: 277684 ns, At safepoint: 11819 ns, Total: 289503 ns
[2020-07-01T13:43:51.502+0000][7][gc,start     ] GC(20) Pause Young (Normal) (G1 Evacuation Pause)
[2020-07-01T13:43:51.502+0000][7][gc,task      ] GC(20) Using 8 workers of 8 for evacuation
[2020-07-01T13:43:51.502+0000][7][gc,age       ] GC(20) Desired survivor size 18874368 bytes, new threshold 5 (max threshold 15)
[2020-07-01T13:43:51.514+0000][7][gc,age       ] GC(20) Age table with threshold 5 (max threshold 15)
[2020-07-01T13:43:51.514+0000][7][gc,age       ] GC(20) - age   1:    2134744 bytes,    2134744 total
[2020-07-01T13:43:51.514+0000][7][gc,age       ] GC(20) - age   2:     422344 bytes,    2557088 total
[2020-07-01T13:43:51.515+0000][7][gc,age       ] GC(20) - age   3:     729104 bytes,    3286192 total
[2020-07-01T13:43:51.515+0000][7][gc,age       ] GC(20) - age   4:    1925656 bytes,    5211848 total
[2020-07-01T13:43:51.515+0000][7][gc,age       ] GC(20) - age   5:    1364704 bytes,    6576552 total
[2020-07-01T13:43:51.515+0000][7][gc,phases    ] GC(20)   Pre Evacuate Collection Set: 0.3ms
[2020-07-01T13:43:51.516+0000][7][gc,phases    ] GC(20)   Merge Heap Roots: 0.5ms
[2020-07-01T13:43:51.516+0000][7][gc,phases    ] GC(20)   Evacuate Collection Set: 9.3ms
[2020-07-01T13:43:51.516+0000][7][gc,phases    ] GC(20)   Post Evacuate Collection Set: 1.3ms
[2020-07-01T13:43:51.516+0000][7][gc,phases    ] GC(20)   Other: 2.4ms
[2020-07-01T13:43:51.517+0000][7][gc,heap      ] GC(20) Eden regions: 259->0(272)
[2020-07-01T13:43:51.517+0000][7][gc,heap      ] GC(20) Survivor regions: 23->8(36)
[2020-07-01T13:43:51.517+0000][7][gc,heap      ] GC(20) Old regions: 61->66
[2020-07-01T13:43:51.517+0000][7][gc,heap      ] GC(20) Archive regions: 2->2
[2020-07-01T13:43:51.517+0000][7][gc,heap      ] GC(20) Humongous regions: 7->7
[2020-07-01T13:43:51.518+0000][7][gc,metaspace ] GC(20) Metaspace: 96170K(104320K)->96170K(104320K) NonClass: 83476K(88320K)->83476K(88320K) Class: 12693K(16000K)->12693K(16000K)
[2020-07-01T13:43:51.518+0000][7][gc           ] GC(20) Pause Young (Normal) (G1 Evacuation Pause) 350M->81M(512M) 16.328ms
[2020-07-01T13:43:51.518+0000][7][gc,cpu       ] GC(20) User=0.03s Sys=0.01s Real=0.02s
[2020-07-01T13:43:51.518+0000][7][safepoint    ] Safepoint "G1CollectForAllocation", Time since last: 382664002 ns, Reaching safepoint: 314334 ns, At safepoint: 16898027 ns, Total: 17212361 ns
[2020-07-01T13:43:52.546+0000][7][safepoint    ] Safepoint "Cleanup", Time since last: 1027191157 ns, Reaching safepoint: 235702 ns, At safepoint: 9537 ns, Total: 245239 ns
[2020-07-01T13:43:53.548+0000][7][safepoint    ] Safepoint "Cleanup", Time since last: 1001717309 ns, Reaching safepoint: 362729 ns, At safepoint: 64137 ns, Total: 426866 ns
[2020-07-01T13:43:54.550+0000][7][safepoint    ] Safepoint "Cleanup", Time since last: 1001503574 ns, Reaching safepoint: 509492 ns, At safepoint: 15849 ns, Total: 525341 ns
[2020-07-01T13:43:55.551+0000][7][safepoint    ] Safepoint "Cleanup", Time since last: 1001098298 ns, Reaching safepoint: 306690 ns, At safepoint: 12820 ns, Total: 319510 ns
[2020-07-01T13:43:56.555+0000][7][safepoint    ] Safepoint "Cleanup", Time since last: 1003518298 ns, Reaching safepoint: 234454 ns, At safepoint: 7445 ns, Total: 241899 ns
[2020-07-01T13:43:57.557+0000][7][safepoint    ] Safepoint "Cleanup", Time since last: 1001826161 ns, Reaching safepoint: 246031 ns, At safepoint: 9909 ns, Total: 255940 ns
[2020-07-01T13:43:59.318+0000][7][safepoint    ] Safepoint "Cleanup", Time since last: 1760056283 ns, Reaching safepoint: 350114 ns, At safepoint: 7646 ns, Total: 357760 ns
[2020-07-01T13:44:00.319+0000][7][safepoint    ] Safepoint "Cleanup", Time since last: 1000873192 ns, Reaching safepoint: 313991 ns, At safepoint: 12703 ns, Total: 326694 ns
[2020-07-01T13:44:01.320+0000][7][safepoint    ] Safepoint "Cleanup", Time since last: 1000776763 ns, Reaching safepoint: 281888 ns, At safepoint: 28678 ns, Total: 310566 ns
[2020-07-01T13:44:02.543+0000][7][safepoint    ] Safepoint "Cleanup", Time since last: 1223094197 ns, Reaching safepoint: 164288 ns, At safepoint: 17630 ns, Total: 181918 ns
[2020-07-01T13:44:03.545+0000][7][safepoint    ] Safepoint "Cleanup", Time since last: 1001164171 ns, Reaching safepoint: 351894 ns, At safepoint: 17774 ns, Total: 369668 ns
[2020-07-01T13:44:04.547+0000][7][safepoint    ] Safepoint "Cleanup", Time since last: 1001517192 ns, Reaching safepoint: 423379 ns, At safepoint: 14060 ns, Total: 437439 ns
[2020-07-01T13:44:05.551+0000][7][safepoint    ] Safepoint "Cleanup", Time since last: 1003607022 ns, Reaching safepoint: 499190 ns, At safepoint: 27015 ns, Total: 526205 ns
[2020-07-01T13:44:06.557+0000][7][safepoint    ] Safepoint "Cleanup", Time since last: 1004944332 ns, Reaching safepoint: 700519 ns, At safepoint: 31188 ns, Total: 731707 ns
[2020-07-01T13:44:07.559+0000][7][safepoint    ] Safepoint "Cleanup", Time since last: 1001574810 ns, Reaching safepoint: 328946 ns, At safepoint: 26188 ns, Total: 355134 ns
[2020-07-01T13:44:08.562+0000][7][safepoint    ] Safepoint "Cleanup", Time since last: 1003579439 ns, Reaching safepoint: 363837 ns, At safepoint: 18278 ns, Total: 382115 ns
[2020-07-01T13:44:09.565+0000][7][safepoint    ] Safepoint "Cleanup", Time since last: 1001819486 ns, Reaching safepoint: 965014 ns, At safepoint: 22487 ns, Total: 987501 ns
[2020-07-01T13:44:10.566+0000][7][safepoint    ] Safepoint "Cleanup", Time since last: 1000883449 ns, Reaching safepoint: 189290 ns, At safepoint: 8665 ns, Total: 197955 ns
[2020-07-01T13:44:11.559+0000][7][safepoint    ] Safepoint "BulkRevokeBias", Time since last: 992169143 ns, Reaching safepoint: 260723 ns, At safepoint: 674317 ns, Total: 935040 ns
[2020-07-01T13:44:11.758+0000][7][safepoint    ] Safepoint "BulkRevokeBias", Time since last: 198231270 ns, Reaching safepoint: 160102 ns, At safepoint: 436146 ns, Total: 596248 ns
[2020-07-01T13:44:12.760+0000][7][safepoint    ] Safepoint "Cleanup", Time since last: 1000790789 ns, Reaching safepoint: 445949 ns, At safepoint: 7754 ns, Total: 453703 ns
[2020-07-01T13:44:13.762+0000][7][safepoint    ] Safepoint "Cleanup", Time since last: 1001649046 ns, Reaching safepoint: 405009 ns, At safepoint: 11864 ns, Total: 416873 ns
[2020-07-01T13:44:14.764+0000][7][safepoint    ] Safepoint "Cleanup", Time since last: 1001562705 ns, Reaching safepoint: 406843 ns, At safepoint: 8804 ns, Total: 415647 ns
[2020-07-01T13:44:15.765+0000][7][safepoint    ] Safepoint "Cleanup", Time since last: 1001142425 ns, Reaching safepoint: 443521 ns, At safepoint: 10062 ns, Total: 453583 ns
[2020-07-01T13:44:16.768+0000][7][safepoint    ] Safepoint "Cleanup", Time since last: 1002043325 ns, Reaching safepoint: 546293 ns, At safepoint: 25908 ns, Total: 572201 ns
[2020-07-01T13:44:17.773+0000][7][safepoint    ] Safepoint "Cleanup", Time since last: 1004593177 ns, Reaching safepoint: 924520 ns, At safepoint: 45059 ns, Total: 969579 ns
[2020-07-01T13:44:18.777+0000][7][safepoint    ] Safepoint "Cleanup", Time since last: 1003183066 ns, Reaching safepoint: 737713 ns, At safepoint: 26628 ns, Total: 764341 ns
[2020-07-01T13:44:19.780+0000][7][safepoint    ] Safepoint "Cleanup", Time since last: 1002272758 ns, Reaching safepoint: 702378 ns, At safepoint: 29466 ns, Total: 731844 ns
[2020-07-01T13:44:20.782+0000][7][safepoint    ] Safepoint "Cleanup", Time since last: 1001277031 ns, Reaching safepoint: 765832 ns, At safepoint: 26946 ns, Total: 792778 ns
[2020-07-01T13:44:21.637+0000][7][gc,start     ] GC(21) Pause Young (Normal) (G1 Evacuation Pause)
[2020-07-01T13:44:21.638+0000][7][gc,task      ] GC(21) Using 8 workers of 8 for evacuation
[2020-07-01T13:44:21.638+0000][7][gc,age       ] GC(21) Desired survivor size 18350080 bytes, new threshold 15 (max threshold 15)
[2020-07-01T13:44:21.644+0000][7][gc,age       ] GC(21) Age table with threshold 15 (max threshold 15)
[2020-07-01T13:44:21.644+0000][7][gc,age       ] GC(21) - age   1:    6406472 bytes,    6406472 total
[2020-07-01T13:44:21.644+0000][7][gc,age       ] GC(21) - age   2:    1714800 bytes,    8121272 total
[2020-07-01T13:44:21.645+0000][7][gc,age       ] GC(21) - age   3:     396632 bytes,    8517904 total
[2020-07-01T13:44:21.645+0000][7][gc,age       ] GC(21) - age   4:     727696 bytes,    9245600 total
[2020-07-01T13:44:21.645+0000][7][gc,age       ] GC(21) - age   5:    1925656 bytes,   11171256 total
[2020-07-01T13:44:21.645+0000][7][gc,age       ] GC(21) - age   6:    1364704 bytes,   12535960 total
[2020-07-01T13:44:21.646+0000][7][gc,phases    ] GC(21)   Pre Evacuate Collection Set: 0.1ms
[2020-07-01T13:44:21.646+0000][7][gc,phases    ] GC(21)   Merge Heap Roots: 0.1ms
[2020-07-01T13:44:21.646+0000][7][gc,phases    ] GC(21)   Evacuate Collection Set: 4.3ms
[2020-07-01T13:44:21.646+0000][7][gc,phases    ] GC(21)   Post Evacuate Collection Set: 1.1ms
[2020-07-01T13:44:21.646+0000][7][gc,phases    ] GC(21)   Other: 2.7ms
[2020-07-01T13:44:21.647+0000][7][gc,heap      ] GC(21) Eden regions: 272->0(268)
[2020-07-01T13:44:21.647+0000][7][gc,heap      ] GC(21) Survivor regions: 8->13(35)
[2020-07-01T13:44:21.647+0000][7][gc,heap      ] GC(21) Old regions: 66->66
[2020-07-01T13:44:21.647+0000][7][gc,heap      ] GC(21) Archive regions: 2->2
[2020-07-01T13:44:21.647+0000][7][gc,heap      ] GC(21) Humongous regions: 7->7
[2020-07-01T13:44:21.648+0000][7][gc,metaspace ] GC(21) Metaspace: 96537K(104832K)->96537K(104832K) NonClass: 83839K(88832K)->83839K(88832K) Class: 12698K(16000K)->12698K(16000K)
[2020-07-01T13:44:21.648+0000][7][gc           ] GC(21) Pause Young (Normal) (G1 Evacuation Pause) 353M->86M(512M) 10.766ms
[2020-07-01T13:44:21.648+0000][7][gc,cpu       ] GC(21) User=0.02s Sys=0.00s Real=0.01s
[2020-07-01T13:44:21.648+0000][7][safepoint    ] Safepoint "G1CollectForAllocation", Time since last: 854646118 ns, Reaching safepoint: 165928 ns, At safepoint: 11303527 ns, Total: 11469455 ns
[2020-07-01T13:44:22.138+0000][7][safepoint    ] Safepoint "ICBufferFull", Time since last: 489126995 ns, Reaching safepoint: 278000 ns, At safepoint: 48882 ns, Total: 326882 ns
[2020-07-01T13:44:23.955+0000][7][safepoint    ] Safepoint "Cleanup", Time since last: 1816364791 ns, Reaching safepoint: 362912 ns, At safepoint: 47194 ns, Total: 410106 ns
[2020-07-01T13:44:24.957+0000][7][safepoint    ] Safepoint "Cleanup", Time since last: 1001517494 ns, Reaching safepoint: 370137 ns, At safepoint: 4873 ns, Total: 375010 ns
[2020-07-01T13:44:25.961+0000][7][safepoint    ] Safepoint "Cleanup", Time since last: 1003759301 ns, Reaching safepoint: 530416 ns, At safepoint: 27403 ns, Total: 557819 ns
[2020-07-01T13:44:26.964+0000][7][safepoint    ] Safepoint "Cleanup", Time since last: 1003107069 ns, Reaching safepoint: 287668 ns, At safepoint: 7820 ns, Total: 295488 ns
[2020-07-01T13:44:27.966+0000][7][safepoint    ] Safepoint "Cleanup", Time since last: 1001075091 ns, Reaching safepoint: 458646 ns, At safepoint: 25595 ns, Total: 484241 ns
[2020-07-01T13:44:28.968+0000][7][safepoint    ] Safepoint "Cleanup", Time since last: 1001875734 ns, Reaching safepoint: 510820 ns, At safepoint: 25953 ns, Total: 536773 ns
[2020-07-01T13:44:29.975+0000][7][safepoint    ] Safepoint "Cleanup", Time since last: 1005569896 ns, Reaching safepoint: 679991 ns, At safepoint: 22549 ns, Total: 702540 ns
[2020-07-01T13:44:30.977+0000][7][safepoint    ] Safepoint "Cleanup", Time since last: 1002007055 ns, Reaching safepoint: 788415 ns, At safepoint: 51942 ns, Total: 840357 ns
[2020-07-01T13:44:32.541+0000][7][safepoint    ] Safepoint "Cleanup", Time since last: 1562861341 ns, Reaching safepoint: 476849 ns, At safepoint: 11912 ns, Total: 488761 ns
[2020-07-01T13:44:33.543+0000][7][safepoint    ] Safepoint "Cleanup", Time since last: 1001791079 ns, Reaching safepoint: 798487 ns, At safepoint: 29937 ns, Total: 828424 ns
[2020-07-01T13:44:34.546+0000][7][safepoint    ] Safepoint "Cleanup", Time since last: 1001545317 ns, Reaching safepoint: 646450 ns, At safepoint: 12590 ns, Total: 659040 ns
[2020-07-01T13:44:35.548+0000][7][safepoint    ] Safepoint "Cleanup", Time since last: 1001461377 ns, Reaching safepoint: 474382 ns, At safepoint: 18386 ns, Total: 492768 ns
[2020-07-01T13:44:36.550+0000][7][safepoint    ] Safepoint "Cleanup", Time since last: 1001789052 ns, Reaching safepoint: 737952 ns, At safepoint: 28660 ns, Total: 766612 ns
[2020-07-01T13:44:37.555+0000][7][safepoint    ] Safepoint "Cleanup", Time since last: 1004056967 ns, Reaching safepoint: 705594 ns, At safepoint: 31377 ns, Total: 736971 ns
[2020-07-01T13:44:38.559+0000][7][safepoint    ] Safepoint "Cleanup", Time since last: 1003296475 ns, Reaching safepoint: 639650 ns, At safepoint: 28132 ns, Total: 667782 ns
[2020-07-01T13:44:39.561+0000][7][safepoint    ] Safepoint "Cleanup", Time since last: 1001345447 ns, Reaching safepoint: 673214 ns, At safepoint: 26841 ns, Total: 700055 ns
[2020-07-01T13:44:40.563+0000][7][safepoint    ] Safepoint "Cleanup", Time since last: 1001602236 ns, Reaching safepoint: 507432 ns, At safepoint: 12028 ns, Total: 519460 ns
[2020-07-01T13:44:41.533+0000][7][safepoint    ] Safepoint "BulkRevokeBias", Time since last: 969099669 ns, Reaching safepoint: 236420 ns, At safepoint: 477424 ns, Total: 713844 ns
[2020-07-01T13:44:42.579+0000][7][safepoint    ] Safepoint "Cleanup", Time since last: 1044938047 ns, Reaching safepoint: 876621 ns, At safepoint: 22246 ns, Total: 898867 ns
[2020-07-01T13:44:43.581+0000][7][safepoint    ] Safepoint "Cleanup", Time since last: 1001744342 ns, Reaching safepoint: 465461 ns, At safepoint: 19585 ns, Total: 485046 ns
[2020-07-01T13:44:44.506+0000][7][safepoint    ] Safepoint "BulkRevokeBias", Time since last: 924010815 ns, Reaching safepoint: 343459 ns, At safepoint: 720762 ns, Total: 1064221 ns
[2020-07-01T13:44:45.510+0000][7][safepoint    ] Safepoint "Cleanup", Time since last: 1003078345 ns, Reaching safepoint: 707996 ns, At safepoint: 74924 ns, Total: 782920 ns
[2020-07-01T13:44:46.513+0000][7][safepoint    ] Safepoint "Cleanup", Time since last: 1001873394 ns, Reaching safepoint: 743681 ns, At safepoint: 26207 ns, Total: 769888 ns
[2020-07-01T13:44:47.516+0000][7][safepoint    ] Safepoint "Cleanup", Time since last: 1002668553 ns, Reaching safepoint: 651886 ns, At safepoint: 25999 ns, Total: 677885 ns
[2020-07-01T13:44:48.519+0000][7][safepoint    ] Safepoint "Cleanup", Time since last: 1002757853 ns, Reaching safepoint: 602634 ns, At safepoint: 26280 ns, Total: 628914 ns
[2020-07-01T13:44:49.522+0000][7][safepoint    ] Safepoint "Cleanup", Time since last: 1002449176 ns, Reaching safepoint: 503642 ns, At safepoint: 9654 ns, Total: 513296 ns
[2020-07-01T13:44:50.526+0000][7][safepoint    ] Safepoint "Cleanup", Time since last: 1003344352 ns, Reaching safepoint: 511253 ns, At safepoint: 18875 ns, Total: 530128 ns
[2020-07-01T13:44:51.527+0000][7][safepoint    ] Safepoint "Cleanup", Time since last: 1001164457 ns, Reaching safepoint: 159770 ns, At safepoint: 2748 ns, Total: 162518 ns
[2020-07-01T13:44:51.606+0000][7][gc,start     ] GC(22) Pause Young (Normal) (G1 Evacuation Pause)
[2020-07-01T13:44:51.606+0000][7][gc,task      ] GC(22) Using 8 workers of 8 for evacuation
[2020-07-01T13:44:51.607+0000][7][gc,age       ] GC(22) Desired survivor size 18874368 bytes, new threshold 15 (max threshold 15)
[2020-07-01T13:44:51.614+0000][7][gc,age       ] GC(22) Age table with threshold 15 (max threshold 15)
[2020-07-01T13:44:51.615+0000][7][gc,age       ] GC(22) - age   1:    5899264 bytes,    5899264 total
[2020-07-01T13:44:51.615+0000][7][gc,age       ] GC(22) - age   2:      42952 bytes,    5942216 total
[2020-07-01T13:44:51.615+0000][7][gc,age       ] GC(22) - age   3:     315704 bytes,    6257920 total
[2020-07-01T13:44:51.615+0000][7][gc,age       ] GC(22) - age   4:     337064 bytes,    6594984 total
[2020-07-01T13:44:51.615+0000][7][gc,age       ] GC(22) - age   5:     432712 bytes,    7027696 total
[2020-07-01T13:44:51.616+0000][7][gc,age       ] GC(22) - age   6:    1925656 bytes,    8953352 total
[2020-07-01T13:44:51.616+0000][7][gc,age       ] GC(22) - age   7:    1364704 bytes,   10318056 total
[2020-07-01T13:44:51.616+0000][7][gc,phases    ] GC(22)   Pre Evacuate Collection Set: 0.2ms
[2020-07-01T13:44:51.616+0000][7][gc,phases    ] GC(22)   Merge Heap Roots: 0.1ms
[2020-07-01T13:44:51.616+0000][7][gc,phases    ] GC(22)   Evacuate Collection Set: 6.0ms
[2020-07-01T13:44:51.617+0000][7][gc,phases    ] GC(22)   Post Evacuate Collection Set: 1.2ms
[2020-07-01T13:44:51.617+0000][7][gc,phases    ] GC(22)   Other: 2.6ms
[2020-07-01T13:44:51.617+0000][7][gc,heap      ] GC(22) Eden regions: 268->0(271)
[2020-07-01T13:44:51.617+0000][7][gc,heap      ] GC(22) Survivor regions: 13->11(36)
[2020-07-01T13:44:51.617+0000][7][gc,heap      ] GC(22) Old regions: 66->66
[2020-07-01T13:44:51.618+0000][7][gc,heap      ] GC(22) Archive regions: 2->2
[2020-07-01T13:44:51.618+0000][7][gc,heap      ] GC(22) Humongous regions: 7->7
[2020-07-01T13:44:51.618+0000][7][gc,metaspace ] GC(22) Metaspace: 96927K(105088K)->96927K(105088K) NonClass: 84226K(89088K)->84226K(89088K) Class: 12700K(16000K)->12700K(16000K)
[2020-07-01T13:44:51.618+0000][7][gc           ] GC(22) Pause Young (Normal) (G1 Evacuation Pause) 354M->84M(512M) 12.365ms
[2020-07-01T13:44:51.619+0000][7][gc,cpu       ] GC(22) User=0.02s Sys=0.00s Real=0.01s
[2020-07-01T13:44:51.619+0000][7][safepoint    ] Safepoint "G1CollectForAllocation", Time since last: 78143055 ns, Reaching safepoint: 357025 ns, At safepoint: 12811441 ns, Total: 13168466 ns
[2020-07-01T13:44:52.621+0000][7][safepoint    ] Safepoint "Cleanup", Time since last: 1001213776 ns, Reaching safepoint: 839102 ns, At safepoint: 66473 ns, Total: 905575 ns
[2020-07-01T13:44:53.623+0000][7][safepoint    ] Safepoint "Cleanup", Time since last: 1001376504 ns, Reaching safepoint: 517313 ns, At safepoint: 26054 ns, Total: 543367 ns
[2020-07-01T13:44:54.627+0000][7][safepoint    ] Safepoint "Cleanup", Time since last: 1004070001 ns, Reaching safepoint: 485937 ns, At safepoint: 50836 ns, Total: 536773 ns
[2020-07-01T13:44:55.632+0000][7][safepoint    ] Safepoint "Cleanup", Time since last: 1003285868 ns, Reaching safepoint: 816574 ns, At safepoint: 70698 ns, Total: 887272 ns
[2020-07-01T13:44:57.104+0000][7][safepoint    ] Safepoint "Cleanup", Time since last: 1471556856 ns, Reaching safepoint: 577515 ns, At safepoint: 25607 ns, Total: 603122 ns
[2020-07-01T13:44:58.108+0000][7][safepoint    ] Safepoint "Cleanup", Time since last: 1004080257 ns, Reaching safepoint: 497655 ns, At safepoint: 28722 ns, Total: 526377 ns
[2020-07-01T13:44:59.111+0000][7][safepoint    ] Safepoint "Cleanup", Time since last: 1002560897 ns, Reaching safepoint: 315583 ns, At safepoint: 8055 ns, Total: 323638 ns
[2020-07-01T13:45:00.116+0000][7][safepoint    ] Safepoint "Cleanup", Time since last: 1004087302 ns, Reaching safepoint: 302843 ns, At safepoint: 16113 ns, Total: 318956 ns
[2020-07-01T13:45:01.119+0000][7][safepoint    ] Safepoint "Cleanup", Time since last: 1002321512 ns, Reaching safepoint: 534968 ns, At safepoint: 24378 ns, Total: 559346 ns
[2020-07-01T13:45:02.588+0000][7][safepoint    ] Safepoint "Cleanup", Time since last: 1469501392 ns, Reaching safepoint: 196530 ns, At safepoint: 3039 ns, Total: 199569 ns
[2020-07-01T13:45:03.589+0000][7][safepoint    ] Safepoint "Cleanup", Time since last: 1000448472 ns, Reaching safepoint: 667285 ns, At safepoint: 26406 ns, Total: 693691 ns
[2020-07-01T13:45:04.591+0000][7][safepoint    ] Safepoint "Cleanup", Time since last: 1001266426 ns, Reaching safepoint: 611656 ns, At safepoint: 25864 ns, Total: 637520 ns
[2020-07-01T13:45:05.593+0000][7][safepoint    ] Safepoint "Cleanup", Time since last: 1001160109 ns, Reaching safepoint: 526694 ns, At safepoint: 26140 ns, Total: 552834 ns
[2020-07-01T13:45:06.596+0000][7][safepoint    ] Safepoint "Cleanup", Time since last: 1001928022 ns, Reaching safepoint: 599323 ns, At safepoint: 25360 ns, Total: 624683 ns
[2020-07-01T13:45:07.598+0000][7][safepoint    ] Safepoint "Cleanup", Time since last: 1001680517 ns, Reaching safepoint: 529767 ns, At safepoint: 26744 ns, Total: 556511 ns
[2020-07-01T13:45:09.074+0000][7][safepoint    ] Safepoint "Cleanup", Time since last: 1476274407 ns, Reaching safepoint: 433966 ns, At safepoint: 11472 ns, Total: 445438 ns
[2020-07-01T13:45:10.076+0000][7][safepoint    ] Safepoint "Cleanup", Time since last: 1001500275 ns, Reaching safepoint: 373524 ns, At safepoint: 16246 ns, Total: 389770 ns
[2020-07-01T13:45:11.078+0000][7][safepoint    ] Safepoint "Cleanup", Time since last: 1001153858 ns, Reaching safepoint: 351723 ns, At safepoint: 16288 ns, Total: 368011 ns
[2020-07-01T13:45:12.834+0000][7][safepoint    ] Safepoint "Cleanup", Time since last: 1755431099 ns, Reaching safepoint: 249145 ns, At safepoint: 3831 ns, Total: 252976 ns
[2020-07-01T13:45:13.835+0000][7][safepoint    ] Safepoint "Cleanup", Time since last: 1000626137 ns, Reaching safepoint: 296497 ns, At safepoint: 14867 ns, Total: 311364 ns
[2020-07-01T13:45:14.836+0000][7][safepoint    ] Safepoint "Cleanup", Time since last: 1000861592 ns, Reaching safepoint: 403345 ns, At safepoint: 19457 ns, Total: 422802 ns
[2020-07-01T13:45:15.839+0000][7][safepoint    ] Safepoint "Cleanup", Time since last: 1002320684 ns, Reaching safepoint: 518136 ns, At safepoint: 27163 ns, Total: 545299 ns
[2020-07-01T13:45:16.840+0000][7][safepoint    ] Safepoint "Cleanup", Time since last: 1001079143 ns, Reaching safepoint: 434724 ns, At safepoint: 8241 ns, Total: 442965 ns
[2020-07-01T13:45:17.843+0000][7][safepoint    ] Safepoint "Cleanup", Time since last: 1001989094 ns, Reaching safepoint: 380218 ns, At safepoint: 13470 ns, Total: 393688 ns
[2020-07-01T13:45:18.844+0000][7][safepoint    ] Safepoint "Cleanup", Time since last: 1001252354 ns, Reaching safepoint: 545607 ns, At safepoint: 25656 ns, Total: 571263 ns
[2020-07-01T13:45:20.078+0000][7][safepoint    ] Safepoint "Cleanup", Time since last: 1233613938 ns, Reaching safepoint: 266461 ns, At safepoint: 12909 ns, Total: 279370 ns
[2020-07-01T13:45:21.080+0000][7][safepoint    ] Safepoint "Cleanup", Time since last: 1000603182 ns, Reaching safepoint: 649675 ns, At safepoint: 18749 ns, Total: 668424 ns
[2020-07-01T13:45:21.867+0000][7][gc,start     ] GC(23) Pause Young (Normal) (G1 Evacuation Pause)
[2020-07-01T13:45:21.867+0000][7][gc,task      ] GC(23) Using 8 workers of 8 for evacuation
[2020-07-01T13:45:21.867+0000][7][gc,age       ] GC(23) Desired survivor size 18874368 bytes, new threshold 15 (max threshold 15)
[2020-07-01T13:45:21.872+0000][7][gc,age       ] GC(23) Age table with threshold 15 (max threshold 15)
[2020-07-01T13:45:21.872+0000][7][gc,age       ] GC(23) - age   1:    3038296 bytes,    3038296 total
[2020-07-01T13:45:21.872+0000][7][gc,age       ] GC(23) - age   2:    1053072 bytes,    4091368 total
[2020-07-01T13:45:21.872+0000][7][gc,age       ] GC(23) - age   3:      21192 bytes,    4112560 total
[2020-07-01T13:45:21.873+0000][7][gc,age       ] GC(23) - age   4:     314984 bytes,    4427544 total
[2020-07-01T13:45:21.873+0000][7][gc,age       ] GC(23) - age   5:     336312 bytes,    4763856 total
[2020-07-01T13:45:21.873+0000][7][gc,age       ] GC(23) - age   6:     432616 bytes,    5196472 total
[2020-07-01T13:45:21.873+0000][7][gc,age       ] GC(23) - age   7:    1925656 bytes,    7122128 total
[2020-07-01T13:45:21.873+0000][7][gc,age       ] GC(23) - age   8:    1364704 bytes,    8486832 total
[2020-07-01T13:45:21.874+0000][7][gc,phases    ] GC(23)   Pre Evacuate Collection Set: 0.1ms
[2020-07-01T13:45:21.874+0000][7][gc,phases    ] GC(23)   Merge Heap Roots: 0.1ms
[2020-07-01T13:45:21.874+0000][7][gc,phases    ] GC(23)   Evacuate Collection Set: 3.1ms
[2020-07-01T13:45:21.874+0000][7][gc,phases    ] GC(23)   Post Evacuate Collection Set: 0.9ms
[2020-07-01T13:45:21.874+0000][7][gc,phases    ] GC(23)   Other: 2.8ms
[2020-07-01T13:45:21.875+0000][7][gc,heap      ] GC(23) Eden regions: 271->0(275)
[2020-07-01T13:45:21.875+0000][7][gc,heap      ] GC(23) Survivor regions: 11->10(36)
[2020-07-01T13:45:21.875+0000][7][gc,heap      ] GC(23) Old regions: 66->66
[2020-07-01T13:45:21.875+0000][7][gc,heap      ] GC(23) Archive regions: 2->2
[2020-07-01T13:45:21.876+0000][7][gc,heap      ] GC(23) Humongous regions: 7->7
[2020-07-01T13:45:21.876+0000][7][gc,metaspace ] GC(23) Metaspace: 97184K(105344K)->97184K(105344K) NonClass: 84484K(89344K)->84484K(89344K) Class: 12700K(16000K)->12700K(16000K)
[2020-07-01T13:45:21.876+0000][7][gc           ] GC(23) Pause Young (Normal) (G1 Evacuation Pause) 355M->82M(512M) 9.394ms
[2020-07-01T13:45:21.876+0000][7][gc,cpu       ] GC(23) User=0.03s Sys=0.00s Real=0.01s
[2020-07-01T13:45:21.876+0000][7][safepoint    ] Safepoint "G1CollectForAllocation", Time since last: 786798311 ns, Reaching safepoint: 154382 ns, At safepoint: 9902669 ns, Total: 10057051 ns
[2020-07-01T13:45:22.880+0000][7][safepoint    ] Safepoint "Cleanup", Time since last: 1002572404 ns, Reaching safepoint: 530583 ns, At safepoint: 10284 ns, Total: 540867 ns
[2020-07-01T13:45:23.882+0000][7][safepoint    ] Safepoint "Cleanup", Time since last: 1001655506 ns, Reaching safepoint: 517997 ns, At safepoint: 27303 ns, Total: 545300 ns
[2020-07-01T13:45:24.884+0000][7][safepoint    ] Safepoint "Cleanup", Time since last: 1001749176 ns, Reaching safepoint: 527985 ns, At safepoint: 27660 ns, Total: 555645 ns
[2020-07-01T13:45:25.889+0000][7][safepoint    ] Safepoint "Cleanup", Time since last: 1004013642 ns, Reaching safepoint: 749514 ns, At safepoint: 30004 ns, Total: 779518 ns
[2020-07-01T13:45:26.893+0000][7][safepoint    ] Safepoint "Cleanup", Time since last: 1003502180 ns, Reaching safepoint: 517293 ns, At safepoint: 24908 ns, Total: 542201 ns
[2020-07-01T13:45:27.899+0000][7][safepoint    ] Safepoint "Cleanup", Time since last: 1005695227 ns, Reaching safepoint: 612760 ns, At safepoint: 30157 ns, Total: 642917 ns
[2020-07-01T13:45:28.902+0000][7][safepoint    ] Safepoint "Cleanup", Time since last: 1001455256 ns, Reaching safepoint: 816189 ns, At safepoint: 29465 ns, Total: 845654 ns
[2020-07-01T13:45:29.905+0000][7][safepoint    ] Safepoint "Cleanup", Time since last: 1002219485 ns, Reaching safepoint: 687257 ns, At safepoint: 76737 ns, Total: 763994 ns
[2020-07-01T13:45:30.911+0000][7][safepoint    ] Safepoint "Cleanup", Time since last: 1006442121 ns, Reaching safepoint: 454300 ns, At safepoint: 32240 ns, Total: 486540 ns
